Archive member included to satisfy reference by file (symbol)

/Users/kuanglixian/Library/Application Support/Code/User/globalStorage/vexrobotics.vexcode/sdk/cpp/V5/V5_20240802_15_00_00/vexv5/libv5rt.a(v5_startup.c.obj)
                              (vexStartup)
/Users/kuanglixian/Library/Application Support/Code/User/globalStorage/vexrobotics.vexcode/sdk/cpp/V5/V5_20240802_15_00_00/vexv5/libv5rt.a(v5_util.c.obj)
                              /Users/kuanglixian/Library/Application Support/Code/User/globalStorage/vexrobotics.vexcode/sdk/cpp/V5/V5_20240802_15_00_00/vexv5/libv5rt.a(v5_startup.c.obj) (vexStdlibVersionLinked)
/Users/kuanglixian/Library/Application Support/Code/User/globalStorage/vexrobotics.vexcode/sdk/cpp/V5/V5_20240802_15_00_00/vexv5/libv5rt.a(v5_apijump.c.obj)
                              /Users/kuanglixian/Library/Application Support/Code/User/globalStorage/vexrobotics.vexcode/sdk/cpp/V5/V5_20240802_15_00_00/vexv5/libv5rt.a(v5_startup.c.obj) (vexPrivateApiEnable)
/Users/kuanglixian/Library/Application Support/Code/User/globalStorage/vexrobotics.vexcode/sdk/cpp/V5/V5_20240802_15_00_00/vexv5/libv5rt.a(v5_apiversions.c.obj)
                              /Users/kuanglixian/Library/Application Support/Code/User/globalStorage/vexrobotics.vexcode/sdk/cpp/V5/V5_20240802_15_00_00/vexv5/libv5rt.a(v5_apijump.c.obj) (vexSystemVersion)
/Users/kuanglixian/Library/Application Support/Code/User/globalStorage/vexrobotics.vexcode/sdk/cpp/V5/V5_20240802_15_00_00/vexv5/libv5rt.a(vex_global.cpp.obj)
                              build/src/autonomous.o (vex::wait(double, vex::timeUnits))
/Users/kuanglixian/Library/Application Support/Code/User/globalStorage/vexrobotics.vexcode/sdk/cpp/V5/V5_20240802_15_00_00/vexv5/libv5rt.a(vex_motor.cpp.obj)
                              build/src/robot-config.o (vex::motor::~motor())
/Users/kuanglixian/Library/Application Support/Code/User/globalStorage/vexrobotics.vexcode/sdk/cpp/V5/V5_20240802_15_00_00/vexv5/libv5rt.a(vex_imu.cpp.obj)
                              build/src/main.o (vex::inertial::setRotation(double, vex::rotationUnits))
/Users/kuanglixian/Library/Application Support/Code/User/globalStorage/vexrobotics.vexcode/sdk/cpp/V5/V5_20240802_15_00_00/vexv5/libv5rt.a(vex_rotation.cpp.obj)
                              build/src/robot-config.o (vex::rotation::~rotation())
/Users/kuanglixian/Library/Application Support/Code/User/globalStorage/vexrobotics.vexcode/sdk/cpp/V5/V5_20240802_15_00_00/vexv5/libv5rt.a(vex_optical.cpp.obj)
                              build/src/robot-config.o (vex::optical::~optical())
/Users/kuanglixian/Library/Application Support/Code/User/globalStorage/vexrobotics.vexcode/sdk/cpp/V5/V5_20240802_15_00_00/vexv5/libv5rt.a(vex_distance.cpp.obj)
                              build/src/robot-config.o (vex::distance::~distance())
/Users/kuanglixian/Library/Application Support/Code/User/globalStorage/vexrobotics.vexcode/sdk/cpp/V5/V5_20240802_15_00_00/vexv5/libv5rt.a(vex_gps.cpp.obj)
                              build/src/robot-config.o (vex::gps::~gps())
/Users/kuanglixian/Library/Application Support/Code/User/globalStorage/vexrobotics.vexcode/sdk/cpp/V5/V5_20240802_15_00_00/vexv5/libv5rt.a(vex_controller.cpp.obj)
                              build/src/robot-config.o (vex::controller::~controller())
/Users/kuanglixian/Library/Application Support/Code/User/globalStorage/vexrobotics.vexcode/sdk/cpp/V5/V5_20240802_15_00_00/vexv5/libv5rt.a(vex_task.cpp.obj)
                              build/src/sensor.o (vex::task::sleep(unsigned long))
/Users/kuanglixian/Library/Application Support/Code/User/globalStorage/vexrobotics.vexcode/sdk/cpp/V5/V5_20240802_15_00_00/vexv5/libv5rt.a(vex_thread.cpp.obj)
                              build/src/autonomous.o (vex::thread::thread(int (*)()))
/Users/kuanglixian/Library/Application Support/Code/User/globalStorage/vexrobotics.vexcode/sdk/cpp/V5/V5_20240802_15_00_00/vexv5/libv5rt.a(vex_event.cpp.obj)
                              /Users/kuanglixian/Library/Application Support/Code/User/globalStorage/vexrobotics.vexcode/sdk/cpp/V5/V5_20240802_15_00_00/vexv5/libv5rt.a(vex_imu.cpp.obj) (vex::event::init(unsigned long, unsigned long, void (*)()))
/Users/kuanglixian/Library/Application Support/Code/User/globalStorage/vexrobotics.vexcode/sdk/cpp/V5/V5_20240802_15_00_00/vexv5/libv5rt.a(vex_mevent.cpp.obj)
                              /Users/kuanglixian/Library/Application Support/Code/User/globalStorage/vexrobotics.vexcode/sdk/cpp/V5/V5_20240802_15_00_00/vexv5/libv5rt.a(vex_controller.cpp.obj) (vex::mevent::mevent(unsigned long, unsigned long))
/Users/kuanglixian/Library/Application Support/Code/User/globalStorage/vexrobotics.vexcode/sdk/cpp/V5/V5_20240802_15_00_00/vexv5/libv5rt.a(vex_brain.cpp.obj)
                              build/src/sensor.o (vex::brain::lcd::setCursor(long, long))
[...]
Memory Configuration

Name             Origin             Length             Attributes
ps7_ddr_0_S_AXI_BASEADDR 0x0000000003800000 0x0000000004800000
*default*        0x0000000000000000 0xffffffffffffffff

Linker script and memory map

                0x0000000000002000                _STACK_SIZE = DEFINED (_STACK_SIZE)?_STACK_SIZE:0x2000
                0x0000000000100000                _HEAP_SIZE = DEFINED (_HEAP_SIZE)?_HEAP_SIZE:0x100000
                0x0000000000000400                _ABORT_STACK_SIZE = DEFINED (_ABORT_STACK_SIZE)?_ABORT_STACK_SIZE:0x400
                0x0000000000000800                _SUPERVISOR_STACK_SIZE = DEFINED (_SUPERVISOR_STACK_SIZE)?_SUPERVISOR_STACK_SIZE:0x800
                0x0000000000000400                _IRQ_STACK_SIZE = DEFINED (_IRQ_STACK_SIZE)?_IRQ_STACK_SIZE:0x400
                0x0000000000000400                _FIQ_STACK_SIZE = DEFINED (_FIQ_STACK_SIZE)?_FIQ_STACK_SIZE:0x400
                0x0000000000000400                _UNDEF_STACK_SIZE = DEFINED (_UNDEF_STACK_SIZE)?_UNDEF_STACK_SIZE:0x400

.text           0x0000000003800000     0x6110
 *(.vectors)
 *(.boot_data)
 .boot_data     0x0000000003800000       0x20 /Users/kuanglixian/Library/Application Support/Code/User/globalStorage/vexrobotics.vexcode/sdk/cpp/V5/V5_20240802_15_00_00/vexv5/libv5rt.a(v5_startup.c.obj)
                0x0000000003800000                vexCodeSig
                0x0000000000000020                . = 0x20
 *(.boot)
 .boot          0x0000000003800020       0xbc /Users/kuanglixian/Library/Application Support/Code/User/globalStorage/vexrobotics.vexcode/sdk/cpp/V5/V5_20240802_15_00_00/vexv5/libv5rt.a(v5_startup.c.obj)
                0x0000000003800020                vexStartup
                0x0000000003800100                . = ALIGN (0x40)
 *fill*         0x00000000038000dc       0x24 
 *(.freertos_vectors)
 *(.text)
 *(.text.*)
 .text._Z19turnToTargetIMUOnlyR5Driveddb
                0x0000000003800100      0x210 build/src/autonomous.o
                0x0000000003800100                turnToTargetIMUOnly(Drive&, double, double, bool)
 .text._Z11imuTurnTestii
                0x0000000003800310       0x40 build/src/autonomous.o
                0x0000000003800310                imuTurnTest(int, int)
 .text.__cxx_global_array_dtor
                0x0000000003800350       0x44 build/src/autonomous.o
 .text._ZN5StackD2Ev
                0x0000000003800394       0x2c build/src/autonomous.o
                0x0000000003800394                Stack::~Stack()
 .text._Z7addRingRKSs
                0x00000000038003c0       0x38 build/src/autonomous.o
                0x00000000038003c0                addRing(std::string const&)
 .text._Z12releaseStakev
                0x00000000038003f8       0x90 build/src/autonomous.o
                0x00000000038003f8                releaseStake()
 .text._Z10autonomousv
                0x0000000003800488      0x1e0 build/src/autonomous.o
                0x0000000003800488                autonomous()
 .text._GLOBAL__sub_I_autonomous.cpp
                0x0000000003800668       0x6c build/src/autonomous.o
 .text._ZN5DriveC2Ev
                0x00000000038006d4       0xc4 build/src/drive.o
                0x00000000038006d4                Drive::Drive()
                0x00000000038006d4                Drive::Drive()
 .text._ZN5Drive9leftDriveEd
                0x0000000003800798       0x6c build/src/drive.o
                0x0000000003800798                Drive::leftDrive(double)
 .text._ZN5Drive10rightDriveEd
                0x0000000003800804       0x6c build/src/drive.o
                0x0000000003800804                Drive::rightDrive(double)
 .text._ZN5Drive11arcadeDriveEdd
                0x0000000003800870       0xe8 build/src/drive.o
                0x0000000003800870                Drive::arcadeDrive(double, double)
 .text._ZN5Drive19toggleInvertedDriveEv
                0x0000000003800958       0x10 build/src/drive.o
                0x0000000003800958                Drive::toggleInvertedDrive()
 .text._ZN5Drive4stopEv
                0x0000000003800968       0x54 build/src/drive.o
                0x0000000003800968                Drive::stop()
 *fill*         0x00000000038009bc        0x4 
 .text._Z10intakeSpinb
                0x00000000038009c0       0x90 build/src/intakeCat.o
                0x00000000038009c0                intakeSpin(bool)
 .text._Z10intakeStopv
                0x0000000003800a50       0x30 build/src/intakeCat.o
                0x0000000003800a50                intakeStop()
 .text._Z13catapultLowerv
                0x0000000003800a80       0x60 build/src/intakeCat.o
                0x0000000003800a80                catapultLower()
 .text._Z13catapultRaisev
                0x0000000003800ae0       0x60 build/src/intakeCat.o
                0x0000000003800ae0                catapultRaise()
 .text._Z12catapultStopv
                0x0000000003800b40       0x24 build/src/intakeCat.o
                0x0000000003800b40                catapultStop()
 *fill*         0x0000000003800b64        0x4 
 .text._Z11catapultArmv
                0x0000000003800b68       0xf8 build/src/intakeCat.o
                0x0000000003800b68                catapultArm()
 .text._Z13catInPosArmedv
                0x0000000003800c60       0x40 build/src/intakeCat.o
                0x0000000003800c60                catInPosArmed()
 .text._Z14catapultLaunchv
                0x0000000003800ca0       0xd0 build/src/intakeCat.o
                0x0000000003800ca0                catapultLaunch()
 .text._Z14updateCatAcceld
                0x0000000003800d70       0x5c build/src/intakeCat.o
                0x0000000003800d70                updateCatAccel(double)
 .text._Z11getCatAccelv
                0x0000000003800dcc       0x14 build/src/intakeCat.o
                0x0000000003800dcc                getCatAccel()
 .text._Z14stopAutoArmingv
                0x0000000003800de0       0x14 build/src/intakeCat.o
                0x0000000003800de0                stopAutoArming()
 *fill*         0x0000000003800df4        0x4 
 .text._Z9pre_autonv
                0x0000000003800df8      0x1e0 build/src/main.o
                0x0000000003800df8                pre_auton()
 .text._Z11usercontrolv
                0x0000000003800fd8      0x1c0 build/src/main.o
                0x0000000003800fd8                usercontrol()
 .text.main     0x0000000003801198      0x110 build/src/main.o
                0x0000000003801198                main
 .text._ZZ11usercontrolvEN3$_08__invokeEv
                0x00000000038012a8       0x58 build/src/main.o
 .text._ZZ11usercontrolvEN3$_18__invokeEv
                0x0000000003801300       0x48 build/src/main.o
 .text._ZZ11usercontrolvEN3$_28__invokeEv
                0x0000000003801348       0x58 build/src/main.o
 .text._ZZ11usercontrolvEN3$_38__invokeEv
                0x00000000038013a0       0x48 build/src/main.o
 .text._ZZ11usercontrolvEN3$_48__invokeEv
                0x00000000038013e8        0x8 build/src/main.o
 .text._ZZ11usercontrolvEN3$_58__invokeEv
                0x00000000038013f0        0x4 build/src/main.o
 .text._ZZ11usercontrolvEN3$_68__invokeEv
                0x00000000038013f4        0x8 build/src/main.o
 .text._ZZ11usercontrolvEN3$_78__invokeEv
                0x00000000038013fc        0x4 build/src/main.o
 .text._ZZ11usercontrolvEN3$_88__invokeEv
                0x0000000003801400        0xc build/src/main.o
 .text._ZZ11usercontrolvEN3$_98__invokeEv
                0x000000000380140c        0xc build/src/main.o
 .text._ZZ11usercontrolvEN4$_108__invokeEv
                0x0000000003801418       0x78 build/src/main.o
 .text._ZZ11usercontrolvEN4$_118__invokeEv
                0x0000000003801490        0x4 build/src/main.o
 .text._ZZ11usercontrolvEN4$_128__invokeEv
                0x0000000003801494       0x1c build/src/main.o
 .text._ZZ11usercontrolvEN4$_138__invokeEv
                0x00000000038014b0        0x4 build/src/main.o
 .text._ZZ11usercontrolvEN4$_148__invokeEv
                0x00000000038014b4        0x4 build/src/main.o
 .text._ZZ11usercontrolvEN4$_158__invokeEv
                0x00000000038014b8       0x14 build/src/main.o
 .text._ZZ11usercontrolvEN4$_168__invokeEv
                0x00000000038014cc        0x4 build/src/main.o
 .text._ZZ11usercontrolvEN4$_178__invokeEv
                0x00000000038014d0       0x14 build/src/main.o
 *fill*         0x00000000038014e4        0x4 
 .text._Z10odomUpdatev
                0x00000000038014e8      0x320 build/src/odometry.o
                0x00000000038014e8                odomUpdate()
 .text._ZN5DriveD2Ev
                0x0000000003801808       0x24 build/src/robot-config.o
                0x0000000003801808                Drive::~Drive()
 .text._GLOBAL__sub_I_robot_config.cpp
                0x000000000380182c      0x5cc build/src/robot-config.o
 .text._ZN5StackC2Ev
                0x0000000003801df8       0x2c build/src/stack.o
                0x0000000003801df8                Stack::Stack()
                0x0000000003801df8                Stack::Stack()
 .text._ZN5Stack4pushERKSs
                0x0000000003801e24       0xb0 build/src/stack.o
                0x0000000003801e24                Stack::push(std::string const&)
 .text._ZNK5Stack11ringInStakeEv
                0x0000000003801ed4        0xc build/src/stack.o
                0x0000000003801ed4                Stack::ringInStake() const
 .text._ZN5Stack5clearEv
                0x0000000003801ee0        0xc build/src/stack.o
                0x0000000003801ee0                Stack::clear()
 .text._ZNK5Stack10getElementEi
                0x0000000003801eec       0x44 build/src/stack.o
                0x0000000003801eec                Stack::getElement(int) const
 .text._GLOBAL__sub_I_stack.cpp
                0x0000000003801f30       0x34 build/src/stack.o
 .text._ZN5WingsC2Ev
                0x0000000003801f64        0xc build/src/wings.o
                0x0000000003801f64                Wings::Wings()
                0x0000000003801f64                Wings::Wings()
 .text._ZN5Wings9initWingsEv
                0x0000000003801f70       0x44 build/src/wings.o
                0x0000000003801f70                Wings::initWings()
 .text._ZN5Wings11toggleWingsEv
                0x0000000003801fb4       0x34 build/src/wings.o
                0x0000000003801fb4                Wings::toggleWings()
 .text._ZN5Wings11expandWingsEv
                0x0000000003801fe8       0xc0 build/src/wings.o
                0x0000000003801fe8                Wings::expandWings()
 .text._ZN5Wings12retractWingsEv
                0x00000000038020a8       0xc0 build/src/wings.o
                0x00000000038020a8                Wings::retractWings()
 .text._ZNSt10unique_ptrIN3vex5mutexESt14default_deleteIS1_EED2Ev
                0x0000000003802168       0x30 build/src/utils/unique-thread.o
                0x0000000003802168                std::unique_ptr<vex::mutex, std::default_delete<vex::mutex> >::~unique_ptr()
 .text._GLOBAL__sub_I_unique_thread.cpp
                0x0000000003802198       0x38 build/src/utils/unique-thread.o
 .text._Z9toRadiansd
                0x00000000038021d0       0x30 build/src/utils/util.o
                0x00000000038021d0                toRadians(double)
 .text.vexMain  0x0000000003802200       0xb0 /Users/kuanglixian/Library/Application Support/Code/User/globalStorage/vexrobotics.vexcode/sdk/cpp/V5/V5_20240802_15_00_00/vexv5/libv5rt.a(v5_startup.c.obj)
                0x0000000003802200                vexMain
 .text.__vex_function_prolog
                0x00000000038022b0       0x18 /Users/kuanglixian/Library/Application Support/Code/User/globalStorage/vexrobotics.vexcode/sdk/cpp/V5/V5_20240802_15_00_00/vexv5/libv5rt.a(v5_startup.c.obj)
                0x00000000038022b0                __vex_function_prolog
 .text._init    0x00000000038022c8        0x4 /Users/kuanglixian/Library/Application Support/Code/User/globalStorage/vexrobotics.vexcode/sdk/cpp/V5/V5_20240802_15_00_00/vexv5/libv5rt.a(v5_startup.c.obj)
                0x00000000038022c8                _init
 .text._fini    0x00000000038022cc        0x4 /Users/kuanglixian/Library/Application Support/Code/User/globalStorage/vexrobotics.vexcode/sdk/cpp/V5/V5_20240802_15_00_00/vexv5/libv5rt.a(v5_startup.c.obj)
                0x00000000038022cc                _fini
 .text.vexStdlibVersionLinked
                0x00000000038022d0        0xc /Users/kuanglixian/Library/Application Support/Code/User/globalStorage/vexrobotics.vexcode/sdk/cpp/V5/V5_20240802_15_00_00/vexv5/libv5rt.a(v5_util.c.obj)
                0x00000000038022d0                vexStdlibVersionLinked
 .text.vexStdlibVersionVerify
                0x00000000038022dc       0x30 /Users/kuanglixian/Library/Application Support/Code/User/globalStorage/vexrobotics.vexcode/sdk/cpp/V5/V5_20240802_15_00_00/vexv5/libv5rt.a(v5_util.c.obj)
                0x00000000038022dc                vexStdlibVersionVerify
 .text.vexPrivateApiEnable
                0x000000000380230c       0x10 /Users/kuanglixian/Library/Application Support/Code/User/globalStorage/vexrobotics.vexcode/sdk/cpp/V5/V5_20240802_15_00_00/vexv5/libv5rt.a(v5_apijump.c.obj)
                0x000000000380230c                vexPrivateApiEnable
 .text.vexStdlibMismatchError
                0x000000000380231c       0x3c /Users/kuanglixian/Library/Application Support/Code/User/globalStorage/vexrobotics.vexcode/sdk/cpp/V5/V5_20240802_15_00_00/vexv5/libv5rt.a(v5_apijump.c.obj)
                0x000000000380231c                vexStdlibMismatchError
 .text.vexTaskAdd
                0x0000000003802358       0x10 /Users/kuanglixian/Library/Application Support/Code/User/globalStorage/vexrobotics.vexcode/sdk/cpp/V5/V5_20240802_15_00_00/vexv5/libv5rt.a(v5_apijump.c.obj)
                0x0000000003802358                vexTaskAdd
 .text.vexTasksRun
                0x0000000003802368       0x10 /Users/kuanglixian/Library/Application Support/Code/User/globalStorage/vexrobotics.vexcode/sdk/cpp/V5/V5_20240802_15_00_00/vexv5/libv5rt.a(v5_apijump.c.obj)
                0x0000000003802368                vexTasksRun
 .text.vexTaskYield
                0x0000000003802378       0x10 /Users/kuanglixian/Library/Application Support/Code/User/globalStorage/vexrobotics.vexcode/sdk/cpp/V5/V5_20240802_15_00_00/vexv5/libv5rt.a(v5_apijump.c.obj)
                0x0000000003802378                vexTaskYield
 .text.vexTaskCheckTimeslice
                0x0000000003802388       0x10 /Users/kuanglixian/Library/Application Support/Code/User/globalStorage/vexrobotics.vexcode/sdk/cpp/V5/V5_20240802_15_00_00/vexv5/libv5rt.a(v5_apijump.c.obj)
                0x0000000003802388                vexTaskCheckTimeslice
 .text.vexTaskSleep
                0x0000000003802398       0x10 /Users/kuanglixian/Library/Application Support/Code/User/globalStorage/vexrobotics.vexcode/sdk/cpp/V5/V5_20240802_15_00_00/vexv5/libv5rt.a(v5_apijump.c.obj)
                0x0000000003802398                vexTaskSleep
 .text.vexSemaphoreInit
                0x00000000038023a8       0x24 /Users/kuanglixian/Library/Application Support/Code/User/globalStorage/vexrobotics.vexcode/sdk/cpp/V5/V5_20240802_15_00_00/vexv5/libv5rt.a(v5_apijump.c.obj)
                0x00000000038023a8                vexSemaphoreInit
 .text.vexTasksDump
                0x00000000038023cc       0x1c /Users/kuanglixian/Library/Application Support/Code/User/globalStorage/vexrobotics.vexcode/sdk/cpp/V5/V5_20240802_15_00_00/vexv5/libv5rt.a(v5_apijump.c.obj)
                0x00000000038023cc                vexTasksDump
 .text.vexTaskGetTaskIndex
                0x00000000038023e8       0x10 /Users/kuanglixian/Library/Application Support/Code/User/globalStorage/vexrobotics.vexcode/sdk/cpp/V5/V5_20240802_15_00_00/vexv5/libv5rt.a(v5_apijump.c.obj)
                0x00000000038023e8                vexTaskGetTaskIndex
 .text.vexTaskStopAll
                0x00000000038023f8       0x10 /Users/kuanglixian/Library/Application Support/Code/User/globalStorage/vexrobotics.vexcode/sdk/cpp/V5/V5_20240802_15_00_00/vexv5/libv5rt.a(v5_apijump.c.obj)
                0x00000000038023f8                vexTaskStopAll
 .text.vexTaskRemoveAllUser
                0x0000000003802408       0x34 /Users/kuanglixian/Library/Application Support/Code/User/globalStorage/vexrobotics.vexcode/sdk/cpp/V5/V5_20240802_15_00_00/vexv5/libv5rt.a(v5_apijump.c.obj)
                0x0000000003802408                vexTaskRemoveAllUser
 .text.vexTaskCompletionIdSet
                0x000000000380243c       0x10 /Users/kuanglixian/Library/Application Support/Code/User/globalStorage/vexrobotics.vexcode/sdk/cpp/V5/V5_20240802_15_00_00/vexv5/libv5rt.a(v5_apijump.c.obj)
                0x000000000380243c                vexTaskCompletionIdSet
 .text.vexTaskStopWithId
                0x000000000380244c       0x10 /Users/kuanglixian/Library/Application Support/Code/User/globalStorage/vexrobotics.vexcode/sdk/cpp/V5/V5_20240802_15_00_00/vexv5/libv5rt.a(v5_apijump.c.obj)
                0x000000000380244c                vexTaskStopWithId
 .text.vexCriticalSection
                0x000000000380245c       0x2c /Users/kuanglixian/Library/Application Support/Code/User/globalStorage/vexrobotics.vexcode/sdk/cpp/V5/V5_20240802_15_00_00/vexv5/libv5rt.a(v5_apijump.c.obj)
                0x000000000380245c                vexCriticalSection
 .text.vexEventAdd
                0x0000000003802488       0x34 /Users/kuanglixian/Library/Application Support/Code/User/globalStorage/vexrobotics.vexcode/sdk/cpp/V5/V5_20240802_15_00_00/vexv5/libv5rt.a(v5_apijump.c.obj)
                0x0000000003802488                vexEventAdd
 .text.vexEventUserIndexGet
                0x00000000038024bc       0x1c /Users/kuanglixian/Library/Application Support/Code/User/globalStorage/vexrobotics.vexcode/sdk/cpp/V5/V5_20240802_15_00_00/vexv5/libv5rt.a(v5_apijump.c.obj)
                0x00000000038024bc                vexEventUserIndexGet
 .text.vexEventAddWithArg
                0x00000000038024d8       0x3c /Users/kuanglixian/Library/Application Support/Code/User/globalStorage/vexrobotics.vexcode/sdk/cpp/V5/V5_20240802_15_00_00/vexv5/libv5rt.a(v5_apijump.c.obj)
                0x00000000038024d8                vexEventAddWithArg
 .text.vexEventsCleanup
                0x0000000003802514       0x2c /Users/kuanglixian/Library/Application Support/Code/User/globalStorage/vexrobotics.vexcode/sdk/cpp/V5/V5_20240802_15_00_00/vexv5/libv5rt.a(v5_apijump.c.obj)
                0x0000000003802514                vexEventsCleanup
 .text.vexDebug
                0x0000000003802540       0x38 /Users/kuanglixian/Library/Application Support/Code/User/globalStorage/vexrobotics.vexcode/sdk/cpp/V5/V5_20240802_15_00_00/vexv5/libv5rt.a(v5_apijump.c.obj)
                0x0000000003802540                vexDebug
 .text.vex_sprintf
                0x0000000003802578       0x40 /Users/kuanglixian/Library/Application Support/Code/User/globalStorage/vexrobotics.vexcode/sdk/cpp/V5/V5_20240802_15_00_00/vexv5/libv5rt.a(v5_apijump.c.obj)
                0x0000000003802578                vex_sprintf
 .text.vex_vsnprintf
                0x00000000038025b8       0x3c /Users/kuanglixian/Library/Application Support/Code/User/globalStorage/vexrobotics.vexcode/sdk/cpp/V5/V5_20240802_15_00_00/vexv5/libv5rt.a(v5_apijump.c.obj)
                0x00000000038025b8                vex_vsnprintf
 .text.vexSystemTimeGet
                0x00000000038025f4       0x1c /Users/kuanglixian/Library/Application Support/Code/User/globalStorage/vexrobotics.vexcode/sdk/cpp/V5/V5_20240802_15_00_00/vexv5/libv5rt.a(v5_apijump.c.obj)
                0x00000000038025f4                vexSystemTimeGet
 .text.vexSystemExitRequest
                0x0000000003802610       0x1c /Users/kuanglixian/Library/Application Support/Code/User/globalStorage/vexrobotics.vexcode/sdk/cpp/V5/V5_20240802_15_00_00/vexv5/libv5rt.a(v5_apijump.c.obj)
                0x0000000003802610                vexSystemExitRequest
 .text.vexDeviceGetByIndex
                0x000000000380262c       0x24 /Users/kuanglixian/Library/Application Support/Code/User/globalStorage/vexrobotics.vexcode/sdk/cpp/V5/V5_20240802_15_00_00/vexv5/libv5rt.a(v5_apijump.c.obj)
                0x000000000380262c                vexDeviceGetByIndex
 .text.vexControllerGet
                0x0000000003802650       0x2c /Users/kuanglixian/Library/Application Support/Code/User/globalStorage/vexrobotics.vexcode/sdk/cpp/V5/V5_20240802_15_00_00/vexv5/libv5rt.a(v5_apijump.c.obj)
                0x0000000003802650                vexControllerGet
 .text.vexControllerTextSet
                0x000000000380267c       0x74 /Users/kuanglixian/Library/Application Support/Code/User/globalStorage/vexrobotics.vexcode/sdk/cpp/V5/V5_20240802_15_00_00/vexv5/libv5rt.a(v5_apijump.c.obj)
                0x000000000380267c                vexControllerTextSet
 .text.vexDeviceMotorVelocitySet
                0x00000000038026f0       0x2c /Users/kuanglixian/Library/Application Support/Code/User/globalStorage/vexrobotics.vexcode/sdk/cpp/V5/V5_20240802_15_00_00/vexv5/libv5rt.a(v5_apijump.c.obj)
                0x00000000038026f0                vexDeviceMotorVelocitySet
 .text.vexDeviceMotorVelocityGet
                0x000000000380271c       0x24 /Users/kuanglixian/Library/Application Support/Code/User/globalStorage/vexrobotics.vexcode/sdk/cpp/V5/V5_20240802_15_00_00/vexv5/libv5rt.a(v5_apijump.c.obj)
                0x000000000380271c                vexDeviceMotorVelocityGet
 .text.vexDeviceMotorActualVelocityGet
                0x0000000003802740       0x24 /Users/kuanglixian/Library/Application Support/Code/User/globalStorage/vexrobotics.vexcode/sdk/cpp/V5/V5_20240802_15_00_00/vexv5/libv5rt.a(v5_apijump.c.obj)
                0x0000000003802740                vexDeviceMotorActualVelocityGet
 .text.vexDeviceMotorModeGet
                0x0000000003802764       0x24 /Users/kuanglixian/Library/Application Support/Code/User/globalStorage/vexrobotics.vexcode/sdk/cpp/V5/V5_20240802_15_00_00/vexv5/libv5rt.a(v5_apijump.c.obj)
                0x0000000003802764                vexDeviceMotorModeGet
 .text.vexDeviceMotorCurrentLimitSet
                0x0000000003802788       0x2c /Users/kuanglixian/Library/Application Support/Code/User/globalStorage/vexrobotics.vexcode/sdk/cpp/V5/V5_20240802_15_00_00/vexv5/libv5rt.a(v5_apijump.c.obj)
                0x0000000003802788                vexDeviceMotorCurrentLimitSet
 .text.vexDeviceMotorZeroPositionFlagGet
                0x00000000038027b4       0x24 /Users/kuanglixian/Library/Application Support/Code/User/globalStorage/vexrobotics.vexcode/sdk/cpp/V5/V5_20240802_15_00_00/vexv5/libv5rt.a(v5_apijump.c.obj)
                0x00000000038027b4                vexDeviceMotorZeroPositionFlagGet
 .text.vexDeviceMotorReverseFlagSet
                0x00000000038027d8       0x2c /Users/kuanglixian/Library/Application Support/Code/User/globalStorage/vexrobotics.vexcode/sdk/cpp/V5/V5_20240802_15_00_00/vexv5/libv5rt.a(v5_apijump.c.obj)
                0x00000000038027d8                vexDeviceMotorReverseFlagSet
 .text.vexDeviceMotorEncoderUnitsSet
                0x0000000003802804       0x2c /Users/kuanglixian/Library/Application Support/Code/User/globalStorage/vexrobotics.vexcode/sdk/cpp/V5/V5_20240802_15_00_00/vexv5/libv5rt.a(v5_apijump.c.obj)
                0x0000000003802804                vexDeviceMotorEncoderUnitsSet
 .text.vexDeviceMotorBrakeModeSet
                0x0000000003802830       0x2c /Users/kuanglixian/Library/Application Support/Code/User/globalStorage/vexrobotics.vexcode/sdk/cpp/V5/V5_20240802_15_00_00/vexv5/libv5rt.a(v5_apijump.c.obj)
                0x0000000003802830                vexDeviceMotorBrakeModeSet
 .text.vexDeviceMotorPositionSet
                0x000000000380285c       0x34 /Users/kuanglixian/Library/Application Support/Code/User/globalStorage/vexrobotics.vexcode/sdk/cpp/V5/V5_20240802_15_00_00/vexv5/libv5rt.a(v5_apijump.c.obj)
                0x000000000380285c                vexDeviceMotorPositionSet
 .text.vexDeviceMotorAbsoluteTargetSet
                0x0000000003802890       0x3c /Users/kuanglixian/Library/Application Support/Code/User/globalStorage/vexrobotics.vexcode/sdk/cpp/V5/V5_20240802_15_00_00/vexv5/libv5rt.a(v5_apijump.c.obj)
                0x0000000003802890                vexDeviceMotorAbsoluteTargetSet
 .text.vexDeviceMotorGearingSet
                0x00000000038028cc       0x2c /Users/kuanglixian/Library/Application Support/Code/User/globalStorage/vexrobotics.vexcode/sdk/cpp/V5/V5_20240802_15_00_00/vexv5/libv5rt.a(v5_apijump.c.obj)
                0x00000000038028cc                vexDeviceMotorGearingSet
 .text.vexDeviceMotorGearingGet
                0x00000000038028f8       0x24 /Users/kuanglixian/Library/Application Support/Code/User/globalStorage/vexrobotics.vexcode/sdk/cpp/V5/V5_20240802_15_00_00/vexv5/libv5rt.a(v5_apijump.c.obj)
                0x00000000038028f8                vexDeviceMotorGearingGet
 .text.vexDeviceImuReset
                0x000000000380291c       0x24 /Users/kuanglixian/Library/Application Support/Code/User/globalStorage/vexrobotics.vexcode/sdk/cpp/V5/V5_20240802_15_00_00/vexv5/libv5rt.a(v5_apijump.c.obj)
                0x000000000380291c                vexDeviceImuReset
 .text.vexDeviceImuHeadingGet
                0x0000000003802940       0x24 /Users/kuanglixian/Library/Application Support/Code/User/globalStorage/vexrobotics.vexcode/sdk/cpp/V5/V5_20240802_15_00_00/vexv5/libv5rt.a(v5_apijump.c.obj)
                0x0000000003802940                vexDeviceImuHeadingGet
 .text.vexDeviceImuDegreesGet
                0x0000000003802964       0x24 /Users/kuanglixian/Library/Application Support/Code/User/globalStorage/vexrobotics.vexcode/sdk/cpp/V5/V5_20240802_15_00_00/vexv5/libv5rt.a(v5_apijump.c.obj)
                0x0000000003802964                vexDeviceImuDegreesGet
 .text.vexDeviceImuStatusGet
                0x0000000003802988       0x24 /Users/kuanglixian/Library/Application Support/Code/User/globalStorage/vexrobotics.vexcode/sdk/cpp/V5/V5_20240802_15_00_00/vexv5/libv5rt.a(v5_apijump.c.obj)
                0x0000000003802988                vexDeviceImuStatusGet
 .text.vexDeviceAbsEncPositionGet
                0x00000000038029ac       0x24 /Users/kuanglixian/Library/Application Support/Code/User/globalStorage/vexrobotics.vexcode/sdk/cpp/V5/V5_20240802_15_00_00/vexv5/libv5rt.a(v5_apijump.c.obj)
                0x00000000038029ac                vexDeviceAbsEncPositionGet
 .text.vexDeviceAbsEncVelocityGet
                0x00000000038029d0       0x24 /Users/kuanglixian/Library/Application Support/Code/User/globalStorage/vexrobotics.vexcode/sdk/cpp/V5/V5_20240802_15_00_00/vexv5/libv5rt.a(v5_apijump.c.obj)
                0x00000000038029d0                vexDeviceAbsEncVelocityGet
 .text.vexDeviceAbsEncAngleGet
                0x00000000038029f4       0x24 /Users/kuanglixian/Library/Application Support/Code/User/globalStorage/vexrobotics.vexcode/sdk/cpp/V5/V5_20240802_15_00_00/vexv5/libv5rt.a(v5_apijump.c.obj)
                0x00000000038029f4                vexDeviceAbsEncAngleGet
 .text.vexDeviceAbsEncReverseFlagSet
                0x0000000003802a18       0x2c /Users/kuanglixian/Library/Application Support/Code/User/globalStorage/vexrobotics.vexcode/sdk/cpp/V5/V5_20240802_15_00_00/vexv5/libv5rt.a(v5_apijump.c.obj)
                0x0000000003802a18                vexDeviceAbsEncReverseFlagSet
 .text.vexDeviceOpticalHueGet
                0x0000000003802a44       0x24 /Users/kuanglixian/Library/Application Support/Code/User/globalStorage/vexrobotics.vexcode/sdk/cpp/V5/V5_20240802_15_00_00/vexv5/libv5rt.a(v5_apijump.c.obj)
                0x0000000003802a44                vexDeviceOpticalHueGet
 .text.vexDeviceOpticalGestureEnable
                0x0000000003802a68       0x24 /Users/kuanglixian/Library/Application Support/Code/User/globalStorage/vexrobotics.vexcode/sdk/cpp/V5/V5_20240802_15_00_00/vexv5/libv5rt.a(v5_apijump.c.obj)
                0x0000000003802a68                vexDeviceOpticalGestureEnable
 .text.vexDeviceOpticalGestureDisable
                0x0000000003802a8c       0x24 /Users/kuanglixian/Library/Application Support/Code/User/globalStorage/vexrobotics.vexcode/sdk/cpp/V5/V5_20240802_15_00_00/vexv5/libv5rt.a(v5_apijump.c.obj)
                0x0000000003802a8c                vexDeviceOpticalGestureDisable
 .text.vexDeviceOpticalProximityThreshold
                0x0000000003802ab0       0x2c /Users/kuanglixian/Library/Application Support/Code/User/globalStorage/vexrobotics.vexcode/sdk/cpp/V5/V5_20240802_15_00_00/vexv5/libv5rt.a(v5_apijump.c.obj)
                0x0000000003802ab0                vexDeviceOpticalProximityThreshold
 .text.vexDeviceDistanceDistanceGet
                0x0000000003802adc       0x24 /Users/kuanglixian/Library/Application Support/Code/User/globalStorage/vexrobotics.vexcode/sdk/cpp/V5/V5_20240802_15_00_00/vexv5/libv5rt.a(v5_apijump.c.obj)
                0x0000000003802adc                vexDeviceDistanceDistanceGet
 .text.vexDeviceGpsReset
                0x0000000003802b00       0x38 /Users/kuanglixian/Library/Application Support/Code/User/globalStorage/vexrobotics.vexcode/sdk/cpp/V5/V5_20240802_15_00_00/vexv5/libv5rt.a(v5_apijump.c.obj)
                0x0000000003802b00                vexDeviceGpsReset
 .text.vexDeviceGpsHeadingGet
                0x0000000003802b38       0x44 /Users/kuanglixian/Library/Application Support/Code/User/globalStorage/vexrobotics.vexcode/sdk/cpp/V5/V5_20240802_15_00_00/vexv5/libv5rt.a(v5_apijump.c.obj)
                0x0000000003802b38                vexDeviceGpsHeadingGet
 .text.vexDeviceGpsDegreesGet
                0x0000000003802b7c       0x44 /Users/kuanglixian/Library/Application Support/Code/User/globalStorage/vexrobotics.vexcode/sdk/cpp/V5/V5_20240802_15_00_00/vexv5/libv5rt.a(v5_apijump.c.obj)
                0x0000000003802b7c                vexDeviceGpsDegreesGet
 .text.vexDeviceGpsAttitudeGet
                0x0000000003802bc0      0x198 /Users/kuanglixian/Library/Application Support/Code/User/globalStorage/vexrobotics.vexcode/sdk/cpp/V5/V5_20240802_15_00_00/vexv5/libv5rt.a(v5_apijump.c.obj)
                0x0000000003802bc0                vexDeviceGpsAttitudeGet
 .text.vexDeviceGpsStatusGet
                0x0000000003802d58       0x40 /Users/kuanglixian/Library/Application Support/Code/User/globalStorage/vexrobotics.vexcode/sdk/cpp/V5/V5_20240802_15_00_00/vexv5/libv5rt.a(v5_apijump.c.obj)
                0x0000000003802d58                vexDeviceGpsStatusGet
 .text.vexDeviceGpsModeSet
                0x0000000003802d98       0x40 /Users/kuanglixian/Library/Application Support/Code/User/globalStorage/vexrobotics.vexcode/sdk/cpp/V5/V5_20240802_15_00_00/vexv5/libv5rt.a(v5_apijump.c.obj)
                0x0000000003802d98                vexDeviceGpsModeSet
 .text.vexDeviceGpsOriginSet
                0x0000000003802dd8       0x50 /Users/kuanglixian/Library/Application Support/Code/User/globalStorage/vexrobotics.vexcode/sdk/cpp/V5/V5_20240802_15_00_00/vexv5/libv5rt.a(v5_apijump.c.obj)
                0x0000000003802dd8                vexDeviceGpsOriginSet
 .text.vexDeviceGpsRotationSet
                0x0000000003802e28       0x48 /Users/kuanglixian/Library/Application Support/Code/User/globalStorage/vexrobotics.vexcode/sdk/cpp/V5/V5_20240802_15_00_00/vexv5/libv5rt.a(v5_apijump.c.obj)
                0x0000000003802e28                vexDeviceGpsRotationSet
 .text.vexDeviceGpsRotationGet
                0x0000000003802e70       0x44 /Users/kuanglixian/Library/Application Support/Code/User/globalStorage/vexrobotics.vexcode/sdk/cpp/V5/V5_20240802_15_00_00/vexv5/libv5rt.a(v5_apijump.c.obj)
                0x0000000003802e70                vexDeviceGpsRotationGet
 .text.vexDeviceAiVisionModeSet
                0x0000000003802eb4       0x40 /Users/kuanglixian/Library/Application Support/Code/User/globalStorage/vexrobotics.vexcode/sdk/cpp/V5/V5_20240802_15_00_00/vexv5/libv5rt.a(v5_apijump.c.obj)
                0x0000000003802eb4                vexDeviceAiVisionModeSet
 .text.vexDeviceAiVisionColorSet
                0x0000000003802ef4       0x40 /Users/kuanglixian/Library/Application Support/Code/User/globalStorage/vexrobotics.vexcode/sdk/cpp/V5/V5_20240802_15_00_00/vexv5/libv5rt.a(v5_apijump.c.obj)
                0x0000000003802ef4                vexDeviceAiVisionColorSet
 .text.vexDeviceAiVisionStatusGet
                0x0000000003802f34       0x40 /Users/kuanglixian/Library/Application Support/Code/User/globalStorage/vexrobotics.vexcode/sdk/cpp/V5/V5_20240802_15_00_00/vexv5/libv5rt.a(v5_apijump.c.obj)
                0x0000000003802f34                vexDeviceAiVisionStatusGet
 .text.vexDisplayForegroundColor
                0x0000000003802f74       0x24 /Users/kuanglixian/Library/Application Support/Code/User/globalStorage/vexrobotics.vexcode/sdk/cpp/V5/V5_20240802_15_00_00/vexv5/libv5rt.a(v5_apijump.c.obj)
                0x0000000003802f74                vexDisplayForegroundColor
 .text.vexDisplayBackgroundColor
                0x0000000003802f98       0x24 /Users/kuanglixian/Library/Application Support/Code/User/globalStorage/vexrobotics.vexcode/sdk/cpp/V5/V5_20240802_15_00_00/vexv5/libv5rt.a(v5_apijump.c.obj)
                0x0000000003802f98                vexDisplayBackgroundColor
 .text.vexDisplayTextReference
                0x0000000003802fbc       0x24 /Users/kuanglixian/Library/Application Support/Code/User/globalStorage/vexrobotics.vexcode/sdk/cpp/V5/V5_20240802_15_00_00/vexv5/libv5rt.a(v5_apijump.c.obj)
                0x0000000003802fbc                vexDisplayTextReference
 .text.vexDisplayTextSize
                0x0000000003802fe0       0x2c /Users/kuanglixian/Library/Application Support/Code/User/globalStorage/vexrobotics.vexcode/sdk/cpp/V5/V5_20240802_15_00_00/vexv5/libv5rt.a(v5_apijump.c.obj)
                0x0000000003802fe0                vexDisplayTextSize
 .text.vexDisplayFontNamedSet
                0x000000000380300c       0x24 /Users/kuanglixian/Library/Application Support/Code/User/globalStorage/vexrobotics.vexcode/sdk/cpp/V5/V5_20240802_15_00_00/vexv5/libv5rt.a(v5_apijump.c.obj)
                0x000000000380300c                vexDisplayFontNamedSet
 .text.vexSystemStdlibImpureDataAddr
                0x0000000003803030       0x28 /Users/kuanglixian/Library/Application Support/Code/User/globalStorage/vexrobotics.vexcode/sdk/cpp/V5/V5_20240802_15_00_00/vexv5/libv5rt.a(v5_apijump.c.obj)
                0x0000000003803030                vexSystemStdlibImpureDataAddr
 .text.vexSystemStdlibImpureDataSize
                0x0000000003803058       0x28 /Users/kuanglixian/Library/Application Support/Code/User/globalStorage/vexrobotics.vexcode/sdk/cpp/V5/V5_20240802_15_00_00/vexv5/libv5rt.a(v5_apijump.c.obj)
                0x0000000003803058                vexSystemStdlibImpureDataSize
 .text.vexSystemSaveUserData
                0x0000000003803080       0x3c /Users/kuanglixian/Library/Application Support/Code/User/globalStorage/vexrobotics.vexcode/sdk/cpp/V5/V5_20240802_15_00_00/vexv5/libv5rt.a(v5_apijump.c.obj)
                0x0000000003803080                vexSystemSaveUserData
 .text.vexDisplayThemeIdGet
                0x00000000038030bc       0x38 /Users/kuanglixian/Library/Application Support/Code/User/globalStorage/vexrobotics.vexcode/sdk/cpp/V5/V5_20240802_15_00_00/vexv5/libv5rt.a(v5_apijump.c.obj)
                0x00000000038030bc                vexDisplayThemeIdGet
 .text.vexDeviceEventMaskSet
                0x00000000038030f4       0x48 /Users/kuanglixian/Library/Application Support/Code/User/globalStorage/vexrobotics.vexcode/sdk/cpp/V5/V5_20240802_15_00_00/vexv5/libv5rt.a(v5_apijump.c.obj)
                0x00000000038030f4                vexDeviceEventMaskSet
 .text.vexDeviceEventMaskGet
                0x000000000380313c       0x3c /Users/kuanglixian/Library/Application Support/Code/User/globalStorage/vexrobotics.vexcode/sdk/cpp/V5/V5_20240802_15_00_00/vexv5/libv5rt.a(v5_apijump.c.obj)
                0x000000000380313c                vexDeviceEventMaskGet
 .text.vexSystemVersion
                0x0000000003803178       0x10 /Users/kuanglixian/Library/Application Support/Code/User/globalStorage/vexrobotics.vexcode/sdk/cpp/V5/V5_20240802_15_00_00/vexv5/libv5rt.a(v5_apiversions.c.obj)
                0x0000000003803178                vexSystemVersion
 .text.vexStdlibVersion
                0x0000000003803188       0x10 /Users/kuanglixian/Library/Application Support/Code/User/globalStorage/vexrobotics.vexcode/sdk/cpp/V5/V5_20240802_15_00_00/vexv5/libv5rt.a(v5_apiversions.c.obj)
                0x0000000003803188                vexStdlibVersion
 .text._ZN3vex4waitEdNS_9timeUnitsE
                0x0000000003803198       0x30 /Users/kuanglixian/Library/Application Support/Code/User/globalStorage/vexrobotics.vexcode/sdk/cpp/V5/V5_20240802_15_00_00/vexv5/libv5rt.a(vex_global.cpp.obj)
                0x0000000003803198                vex::wait(double, vex::timeUnits)
 .text._ZN3vex5motorD2Ev
                0x00000000038031c8       0x20 /Users/kuanglixian/Library/Application Support/Code/User/globalStorage/vexrobotics.vexcode/sdk/cpp/V5/V5_20240802_15_00_00/vexv5/libv5rt.a(vex_motor.cpp.obj)
                0x00000000038031c8                vex::motor::~motor()
                0x00000000038031c8                vex::motor::~motor()
 .text._ZN3vex5motorD0Ev
                0x00000000038031e8       0x1c /Users/kuanglixian/Library/Application Support/Code/User/globalStorage/vexrobotics.vexcode/sdk/cpp/V5/V5_20240802_15_00_00/vexv5/libv5rt.a(vex_motor.cpp.obj)
                0x00000000038031e8                vex::motor::~motor()
 .text._ZN3vex5motor9installedEv
                0x0000000003803204       0x18 /Users/kuanglixian/Library/Application Support/Code/User/globalStorage/vexrobotics.vexcode/sdk/cpp/V5/V5_20240802_15_00_00/vexv5/libv5rt.a(vex_motor.cpp.obj)
                0x0000000003803204                vex::motor::installed()
 .text._ZN3vex5motor15defaultStoppingENS_9brakeTypeE
                0x000000000380321c       0x30 /Users/kuanglixian/Library/Application Support/Code/User/globalStorage/vexrobotics.vexcode/sdk/cpp/V5/V5_20240802_15_00_00/vexv5/libv5rt.a(vex_motor.cpp.obj)
                0x000000000380321c                vex::motor::defaultStopping(vex::brakeType)
 .text._ZN3vex5motor11setStoppingENS_9brakeTypeE
                0x000000000380324c        0x4 /Users/kuanglixian/Library/Application Support/Code/User/globalStorage/vexrobotics.vexcode/sdk/cpp/V5/V5_20240802_15_00_00/vexv5/libv5rt.a(vex_motor.cpp.obj)
                0x000000000380324c                vex::motor::setStopping(vex::brakeType)
 .text._ZN3vex5motorC2El
                0x0000000003803250       0x78 /Users/kuanglixian/Library/Application Support/Code/User/globalStorage/vexrobotics.vexcode/sdk/cpp/V5/V5_20240802_15_00_00/vexv5/libv5rt.a(vex_motor.cpp.obj)
                0x0000000003803250                vex::motor::motor(long)
                0x0000000003803250                vex::motor::motor(long)
 .text._ZN3vex5motorC2ElNS_11gearSettingEb
                0x00000000038032c8       0x34 /Users/kuanglixian/Library/Application Support/Code/User/globalStorage/vexrobotics.vexcode/sdk/cpp/V5/V5_20240802_15_00_00/vexv5/libv5rt.a(vex_motor.cpp.obj)
                0x00000000038032c8                vex::motor::motor(long, vex::gearSetting, bool)
                0x00000000038032c8                vex::motor::motor(long, vex::gearSetting, bool)
 .text._ZN3vex5motor14isSpinningModeEv
                0x00000000038032fc       0x48 /Users/kuanglixian/Library/Application Support/Code/User/globalStorage/vexrobotics.vexcode/sdk/cpp/V5/V5_20240802_15_00_00/vexv5/libv5rt.a(vex_motor.cpp.obj)
                0x00000000038032fc                vex::motor::isSpinningMode()
 .text._ZN3vex5motor4stopENS_9brakeTypeE
                0x0000000003803344       0x30 /Users/kuanglixian/Library/Application Support/Code/User/globalStorage/vexrobotics.vexcode/sdk/cpp/V5/V5_20240802_15_00_00/vexv5/libv5rt.a(vex_motor.cpp.obj)
                0x0000000003803344                vex::motor::stop(vex::brakeType)
 .text._ZN3vex5motor4stopEv
                0x0000000003803374        0x8 /Users/kuanglixian/Library/Application Support/Code/User/globalStorage/vexrobotics.vexcode/sdk/cpp/V5/V5_20240802_15_00_00/vexv5/libv5rt.a(vex_motor.cpp.obj)
                0x0000000003803374                vex::motor::stop()
 *fill*         0x000000000380337c        0x4 
 .text._ZN3vex5motor12setMaxTorqueEdNS_12currentUnitsE
                0x0000000003803380       0x28 /Users/kuanglixian/Library/Application Support/Code/User/globalStorage/vexrobotics.vexcode/sdk/cpp/V5/V5_20240802_15_00_00/vexv5/libv5rt.a(vex_motor.cpp.obj)
                0x0000000003803380                vex::motor::setMaxTorque(double, vex::currentUnits)
 .text._ZN3vex5motor16velocityToScaledEdNS_13velocityUnitsE
                0x00000000038033a8       0x5c /Users/kuanglixian/Library/Application Support/Code/User/globalStorage/vexrobotics.vexcode/sdk/cpp/V5/V5_20240802_15_00_00/vexv5/libv5rt.a(vex_motor.cpp.obj)
                0x00000000038033a8                vex::motor::velocityToScaled(double, vex::velocityUnits)
 .text._ZN3vex5motor8velocityENS_13velocityUnitsE
                0x0000000003803404       0x30 /Users/kuanglixian/Library/Application Support/Code/User/globalStorage/vexrobotics.vexcode/sdk/cpp/V5/V5_20240802_15_00_00/vexv5/libv5rt.a(vex_motor.cpp.obj)
                0x0000000003803404                vex::motor::velocity(vex::velocityUnits)
 .text._ZN3vex5motor5valueEv
                0x0000000003803434       0x1c /Users/kuanglixian/Library/Application Support/Code/User/globalStorage/vexrobotics.vexcode/sdk/cpp/V5/V5_20240802_15_00_00/vexv5/libv5rt.a(vex_motor.cpp.obj)
                0x0000000003803434                vex::motor::value()
 .text._ZN3vex5motor16scaledToVelocityEdNS_13velocityUnitsE
                0x0000000003803450       0xa4 /Users/kuanglixian/Library/Application Support/Code/User/globalStorage/vexrobotics.vexcode/sdk/cpp/V5/V5_20240802_15_00_00/vexv5/libv5rt.a(vex_motor.cpp.obj)
                0x0000000003803450                vex::motor::scaledToVelocity(double, vex::velocityUnits)
 .text._ZN3vex5motor4spinENS_13directionTypeEdNS_13velocityUnitsE
                0x00000000038034f4       0x5c /Users/kuanglixian/Library/Application Support/Code/User/globalStorage/vexrobotics.vexcode/sdk/cpp/V5/V5_20240802_15_00_00/vexv5/libv5rt.a(vex_motor.cpp.obj)
                0x00000000038034f4                vex::motor::spin(vex::directionType, double, vex::velocityUnits)
 .text._ZN3vex5motor16setRotationUnitsENS_13rotationUnitsE
                0x0000000003803550       0x1c /Users/kuanglixian/Library/Application Support/Code/User/globalStorage/vexrobotics.vexcode/sdk/cpp/V5/V5_20240802_15_00_00/vexv5/libv5rt.a(vex_motor.cpp.obj)
                0x0000000003803550                vex::motor::setRotationUnits(vex::rotationUnits)
 .text._ZN3vex5motor11setPositionEdNS_13rotationUnitsE
                0x000000000380356c       0x44 /Users/kuanglixian/Library/Application Support/Code/User/globalStorage/vexrobotics.vexcode/sdk/cpp/V5/V5_20240802_15_00_00/vexv5/libv5rt.a(vex_motor.cpp.obj)
                0x000000000380356c                vex::motor::setPosition(double, vex::rotationUnits)
 .text._ZN3vex5motor13resetPositionEv
                0x00000000038035b0       0x20 /Users/kuanglixian/Library/Application Support/Code/User/globalStorage/vexrobotics.vexcode/sdk/cpp/V5/V5_20240802_15_00_00/vexv5/libv5rt.a(vex_motor.cpp.obj)
                0x00000000038035b0                vex::motor::resetPosition()
 .text._ZN3vex5motor6spinToEdNS_13rotationUnitsEdNS_13velocityUnitsEb
                0x00000000038035d0       0xe0 /Users/kuanglixian/Library/Application Support/Code/User/globalStorage/vexrobotics.vexcode/sdk/cpp/V5/V5_20240802_15_00_00/vexv5/libv5rt.a(vex_motor.cpp.obj)
                0x00000000038035d0                vex::motor::spinTo(double, vex::rotationUnits, double, vex::velocityUnits, bool)
 .text._ZN3vex5motor14spinToPositionEdNS_13rotationUnitsEb
                0x00000000038036b0       0x34 /Users/kuanglixian/Library/Application Support/Code/User/globalStorage/vexrobotics.vexcode/sdk/cpp/V5/V5_20240802_15_00_00/vexv5/libv5rt.a(vex_motor.cpp.obj)
                0x00000000038036b0                vex::motor::spinToPosition(double, vex::rotationUnits, bool)
 .text._ZN3vex8inertial11getTurnTypeEv
                0x00000000038036e4        0x8 /Users/kuanglixian/Library/Application Support/Code/User/globalStorage/vexrobotics.vexcode/sdk/cpp/V5/V5_20240802_15_00_00/vexv5/libv5rt.a(vex_imu.cpp.obj)
                0x00000000038036e4                vex::inertial::getTurnType()
 .text._ZThn16_N3vex8inertial11getTurnTypeEv
                0x00000000038036ec        0x8 /Users/kuanglixian/Library/Application Support/Code/User/globalStorage/vexrobotics.vexcode/sdk/cpp/V5/V5_20240802_15_00_00/vexv5/libv5rt.a(vex_imu.cpp.obj)
                0x00000000038036ec                non-virtual thunk to vex::inertial::getTurnType()
 *fill*         0x00000000038036f4        0x4 
 .text._ZN3vex8inertial10setHeadingEdNS_13rotationUnitsE
                0x00000000038036f8       0x58 /Users/kuanglixian/Library/Application Support/Code/User/globalStorage/vexrobotics.vexcode/sdk/cpp/V5/V5_20240802_15_00_00/vexv5/libv5rt.a(vex_imu.cpp.obj)
                0x00000000038036f8                vex::inertial::setHeading(double, vex::rotationUnits)
 .text._ZThn16_N3vex8inertial10setHeadingEdNS_13rotationUnitsE
                0x0000000003803750        0x8 /Users/kuanglixian/Library/Application Support/Code/User/globalStorage/vexrobotics.vexcode/sdk/cpp/V5/V5_20240802_15_00_00/vexv5/libv5rt.a(vex_imu.cpp.obj)
                0x0000000003803750                non-virtual thunk to vex::inertial::setHeading(double, vex::rotationUnits)
 .text._ZN3vex8inertial11setRotationEdNS_13rotationUnitsE
                0x0000000003803758       0x58 /Users/kuanglixian/Library/Application Support/Code/User/globalStorage/vexrobotics.vexcode/sdk/cpp/V5/V5_20240802_15_00_00/vexv5/libv5rt.a(vex_imu.cpp.obj)
                0x0000000003803758                vex::inertial::setRotation(double, vex::rotationUnits)
 .text._ZThn16_N3vex8inertial11setRotationEdNS_13rotationUnitsE
                0x00000000038037b0        0x8 /Users/kuanglixian/Library/Application Support/Code/User/globalStorage/vexrobotics.vexcode/sdk/cpp/V5/V5_20240802_15_00_00/vexv5/libv5rt.a(vex_imu.cpp.obj)
                0x00000000038037b0                non-virtual thunk to vex::inertial::setRotation(double, vex::rotationUnits)
 .text._ZN3vex8inertialD2Ev
                0x00000000038037b8       0x20 /Users/kuanglixian/Library/Application Support/Code/User/globalStorage/vexrobotics.vexcode/sdk/cpp/V5/V5_20240802_15_00_00/vexv5/libv5rt.a(vex_imu.cpp.obj)
                0x00000000038037b8                vex::inertial::~inertial()
                0x00000000038037b8                vex::inertial::~inertial()
 .text._ZThn16_N3vex8inertialD1Ev
                0x00000000038037d8        0x8 /Users/kuanglixian/Library/Application Support/Code/User/globalStorage/vexrobotics.vexcode/sdk/cpp/V5/V5_20240802_15_00_00/vexv5/libv5rt.a(vex_imu.cpp.obj)
                0x00000000038037d8                non-virtual thunk to vex::inertial::~inertial()
 .text._ZN3vex8inertialD0Ev
                0x00000000038037e0       0x1c /Users/kuanglixian/Library/Application Support/Code/User/globalStorage/vexrobotics.vexcode/sdk/cpp/V5/V5_20240802_15_00_00/vexv5/libv5rt.a(vex_imu.cpp.obj)
                0x00000000038037e0                vex::inertial::~inertial()
 .text._ZThn16_N3vex8inertialD0Ev
                0x00000000038037fc        0x8 /Users/kuanglixian/Library/Application Support/Code/User/globalStorage/vexrobotics.vexcode/sdk/cpp/V5/V5_20240802_15_00_00/vexv5/libv5rt.a(vex_imu.cpp.obj)
                0x00000000038037fc                non-virtual thunk to vex::inertial::~inertial()
 .text._ZN3vex8inertial9installedEv
                0x0000000003803804       0x18 /Users/kuanglixian/Library/Application Support/Code/User/globalStorage/vexrobotics.vexcode/sdk/cpp/V5/V5_20240802_15_00_00/vexv5/libv5rt.a(vex_imu.cpp.obj)
                0x0000000003803804                vex::inertial::installed()
 .text._ZN3vex8inertial5angleENS_13rotationUnitsE
                0x000000000380381c       0x6c /Users/kuanglixian/Library/Application Support/Code/User/globalStorage/vexrobotics.vexcode/sdk/cpp/V5/V5_20240802_15_00_00/vexv5/libv5rt.a(vex_imu.cpp.obj)
                0x000000000380381c                vex::inertial::angle(vex::rotationUnits)
 .text._ZThn16_N3vex8inertial5angleENS_13rotationUnitsE
                0x0000000003803888        0x8 /Users/kuanglixian/Library/Application Support/Code/User/globalStorage/vexrobotics.vexcode/sdk/cpp/V5/V5_20240802_15_00_00/vexv5/libv5rt.a(vex_imu.cpp.obj)
                0x0000000003803888                non-virtual thunk to vex::inertial::angle(vex::rotationUnits)
 .text._ZN3vex8inertial7headingENS_13rotationUnitsE
                0x0000000003803890        0x4 /Users/kuanglixian/Library/Application Support/Code/User/globalStorage/vexrobotics.vexcode/sdk/cpp/V5/V5_20240802_15_00_00/vexv5/libv5rt.a(vex_imu.cpp.obj)
                0x0000000003803890                vex::inertial::heading(vex::rotationUnits)
 .text._ZThn16_N3vex8inertial7headingENS_13rotationUnitsE
                0x0000000003803894        0x8 /Users/kuanglixian/Library/Application Support/Code/User/globalStorage/vexrobotics.vexcode/sdk/cpp/V5/V5_20240802_15_00_00/vexv5/libv5rt.a(vex_imu.cpp.obj)
                0x0000000003803894                non-virtual thunk to vex::inertial::heading(vex::rotationUnits)
 .text._ZN3vex8inertial5valueEv
                0x000000000380389c       0x1c /Users/kuanglixian/Library/Application Support/Code/User/globalStorage/vexrobotics.vexcode/sdk/cpp/V5/V5_20240802_15_00_00/vexv5/libv5rt.a(vex_imu.cpp.obj)
                0x000000000380389c                vex::inertial::value()
 .text._ZN3vex8inertial8rotationENS_13rotationUnitsE
                0x00000000038038b8       0x48 /Users/kuanglixian/Library/Application Support/Code/User/globalStorage/vexrobotics.vexcode/sdk/cpp/V5/V5_20240802_15_00_00/vexv5/libv5rt.a(vex_imu.cpp.obj)
                0x00000000038038b8                vex::inertial::rotation(vex::rotationUnits)
 .text._ZThn16_N3vex8inertial8rotationENS_13rotationUnitsE
                0x0000000003803900        0x8 /Users/kuanglixian/Library/Application Support/Code/User/globalStorage/vexrobotics.vexcode/sdk/cpp/V5/V5_20240802_15_00_00/vexv5/libv5rt.a(vex_imu.cpp.obj)
                0x0000000003803900                non-virtual thunk to vex::inertial::rotation(vex::rotationUnits)
 .text._ZN3vex8inertial13isCalibratingEv
                0x0000000003803908       0x38 /Users/kuanglixian/Library/Application Support/Code/User/globalStorage/vexrobotics.vexcode/sdk/cpp/V5/V5_20240802_15_00_00/vexv5/libv5rt.a(vex_imu.cpp.obj)
                0x0000000003803908                vex::inertial::isCalibrating()
 .text._ZThn16_N3vex8inertial13isCalibratingEv
                0x0000000003803940        0x8 /Users/kuanglixian/Library/Application Support/Code/User/globalStorage/vexrobotics.vexcode/sdk/cpp/V5/V5_20240802_15_00_00/vexv5/libv5rt.a(vex_imu.cpp.obj)
                0x0000000003803940                non-virtual thunk to vex::inertial::isCalibrating()
 .text._ZN3vex8inertialC2ElNS_8turnTypeE
                0x0000000003803948       0x4c /Users/kuanglixian/Library/Application Support/Code/User/globalStorage/vexrobotics.vexcode/sdk/cpp/V5/V5_20240802_15_00_00/vexv5/libv5rt.a(vex_imu.cpp.obj)
                0x0000000003803948                vex::inertial::inertial(long, vex::turnType)
                0x0000000003803948                vex::inertial::inertial(long, vex::turnType)
 .text._ZN3vex8inertial16startCalibrationEl
                0x0000000003803994       0x20 /Users/kuanglixian/Library/Application Support/Code/User/globalStorage/vexrobotics.vexcode/sdk/cpp/V5/V5_20240802_15_00_00/vexv5/libv5rt.a(vex_imu.cpp.obj)
                0x0000000003803994                vex::inertial::startCalibration(long)
 .text._ZN3vex8inertial9calibrateEl
                0x00000000038039b4        0xc /Users/kuanglixian/Library/Application Support/Code/User/globalStorage/vexrobotics.vexcode/sdk/cpp/V5/V5_20240802_15_00_00/vexv5/libv5rt.a(vex_imu.cpp.obj)
                0x00000000038039b4                vex::inertial::calibrate(long)
                0x00000000038039b8                non-virtual thunk to vex::inertial::calibrate(long)
 .text._ZN3vex8rotationD2Ev
                0x00000000038039c0       0x20 /Users/kuanglixian/Library/Application Support/Code/User/globalStorage/vexrobotics.vexcode/sdk/cpp/V5/V5_20240802_15_00_00/vexv5/libv5rt.a(vex_rotation.cpp.obj)
                0x00000000038039c0                vex::rotation::~rotation()
                0x00000000038039c0                vex::rotation::~rotation()
 .text._ZN3vex8rotationD0Ev
                0x00000000038039e0       0x1c /Users/kuanglixian/Library/Application Support/Code/User/globalStorage/vexrobotics.vexcode/sdk/cpp/V5/V5_20240802_15_00_00/vexv5/libv5rt.a(vex_rotation.cpp.obj)
                0x00000000038039e0                vex::rotation::~rotation()
 .text._ZN3vex8rotation9installedEv
                0x00000000038039fc       0x18 /Users/kuanglixian/Library/Application Support/Code/User/globalStorage/vexrobotics.vexcode/sdk/cpp/V5/V5_20240802_15_00_00/vexv5/libv5rt.a(vex_rotation.cpp.obj)
                0x00000000038039fc                vex::rotation::installed()
 .text._ZN3vex8rotation5valueEv
                0x0000000003803a14        0x8 /Users/kuanglixian/Library/Application Support/Code/User/globalStorage/vexrobotics.vexcode/sdk/cpp/V5/V5_20240802_15_00_00/vexv5/libv5rt.a(vex_rotation.cpp.obj)
                0x0000000003803a14                vex::rotation::value()
 .text._ZN3vex8rotationC2Elb
                0x0000000003803a1c       0x30 /Users/kuanglixian/Library/Application Support/Code/User/globalStorage/vexrobotics.vexcode/sdk/cpp/V5/V5_20240802_15_00_00/vexv5/libv5rt.a(vex_rotation.cpp.obj)
                0x0000000003803a1c                vex::rotation::rotation(long, bool)
                0x0000000003803a1c                vex::rotation::rotation(long, bool)
 *fill*         0x0000000003803a4c        0x4 
 .text._ZN3vex8rotation5angleENS_13rotationUnitsE
                0x0000000003803a50       0x50 /Users/kuanglixian/Library/Application Support/Code/User/globalStorage/vexrobotics.vexcode/sdk/cpp/V5/V5_20240802_15_00_00/vexv5/libv5rt.a(vex_rotation.cpp.obj)
                0x0000000003803a50                vex::rotation::angle(vex::rotationUnits)
 .text._ZN3vex8rotation8positionENS_13rotationUnitsE
                0x0000000003803aa0       0x50 /Users/kuanglixian/Library/Application Support/Code/User/globalStorage/vexrobotics.vexcode/sdk/cpp/V5/V5_20240802_15_00_00/vexv5/libv5rt.a(vex_rotation.cpp.obj)
                0x0000000003803aa0                vex::rotation::position(vex::rotationUnits)
 .text._ZN3vex8rotation8velocityENS_13velocityUnitsE
                0x0000000003803af0       0x58 /Users/kuanglixian/Library/Application Support/Code/User/globalStorage/vexrobotics.vexcode/sdk/cpp/V5/V5_20240802_15_00_00/vexv5/libv5rt.a(vex_rotation.cpp.obj)
                0x0000000003803af0                vex::rotation::velocity(vex::velocityUnits)
 .text._ZN3vex7opticalD2Ev
                0x0000000003803b48       0x20 /Users/kuanglixian/Library/Application Support/Code/User/globalStorage/vexrobotics.vexcode/sdk/cpp/V5/V5_20240802_15_00_00/vexv5/libv5rt.a(vex_optical.cpp.obj)
                0x0000000003803b48                vex::optical::~optical()
                0x0000000003803b48                vex::optical::~optical()
 .text._ZN3vex7opticalD0Ev
                0x0000000003803b68       0x1c /Users/kuanglixian/Library/Application Support/Code/User/globalStorage/vexrobotics.vexcode/sdk/cpp/V5/V5_20240802_15_00_00/vexv5/libv5rt.a(vex_optical.cpp.obj)
                0x0000000003803b68                vex::optical::~optical()
 .text._ZN3vex7optical9installedEv
                0x0000000003803b84       0x18 /Users/kuanglixian/Library/Application Support/Code/User/globalStorage/vexrobotics.vexcode/sdk/cpp/V5/V5_20240802_15_00_00/vexv5/libv5rt.a(vex_optical.cpp.obj)
                0x0000000003803b84                vex::optical::installed()
 .text._ZN3vex7optical3hueEv
                0x0000000003803b9c        0x8 /Users/kuanglixian/Library/Application Support/Code/User/globalStorage/vexrobotics.vexcode/sdk/cpp/V5/V5_20240802_15_00_00/vexv5/libv5rt.a(vex_optical.cpp.obj)
                0x0000000003803b9c                vex::optical::hue()
 .text._ZN3vex7optical5valueEv
                0x0000000003803ba4       0x18 /Users/kuanglixian/Library/Application Support/Code/User/globalStorage/vexrobotics.vexcode/sdk/cpp/V5/V5_20240802_15_00_00/vexv5/libv5rt.a(vex_optical.cpp.obj)
                0x0000000003803ba4                vex::optical::value()
 .text._ZN3vex7optical13gestureEnableEv
                0x0000000003803bbc        0x8 /Users/kuanglixian/Library/Application Support/Code/User/globalStorage/vexrobotics.vexcode/sdk/cpp/V5/V5_20240802_15_00_00/vexv5/libv5rt.a(vex_optical.cpp.obj)
                0x0000000003803bbc                vex::optical::gestureEnable()
 .text._ZN3vex7optical14gestureDisableEv
                0x0000000003803bc4        0x8 /Users/kuanglixian/Library/Application Support/Code/User/globalStorage/vexrobotics.vexcode/sdk/cpp/V5/V5_20240802_15_00_00/vexv5/libv5rt.a(vex_optical.cpp.obj)
                0x0000000003803bc4                vex::optical::gestureDisable()
 .text._ZN3vex7opticalC2Elb
                0x0000000003803bcc       0x54 /Users/kuanglixian/Library/Application Support/Code/User/globalStorage/vexrobotics.vexcode/sdk/cpp/V5/V5_20240802_15_00_00/vexv5/libv5rt.a(vex_optical.cpp.obj)
                0x0000000003803bcc                vex::optical::optical(long, bool)
                0x0000000003803bcc                vex::optical::optical(long, bool)
 .text._ZN3vex8distanceD2Ev
                0x0000000003803c20       0x20 /Users/kuanglixian/Library/Application Support/Code/User/globalStorage/vexrobotics.vexcode/sdk/cpp/V5/V5_20240802_15_00_00/vexv5/libv5rt.a(vex_distance.cpp.obj)
                0x0000000003803c20                vex::distance::~distance()
                0x0000000003803c20                vex::distance::~distance()
 .text._ZN3vex8distanceD0Ev
                0x0000000003803c40       0x1c /Users/kuanglixian/Library/Application Support/Code/User/globalStorage/vexrobotics.vexcode/sdk/cpp/V5/V5_20240802_15_00_00/vexv5/libv5rt.a(vex_distance.cpp.obj)
                0x0000000003803c40                vex::distance::~distance()
 .text._ZN3vex8distance9installedEv
                0x0000000003803c5c       0x18 /Users/kuanglixian/Library/Application Support/Code/User/globalStorage/vexrobotics.vexcode/sdk/cpp/V5/V5_20240802_15_00_00/vexv5/libv5rt.a(vex_distance.cpp.obj)
                0x0000000003803c5c                vex::distance::installed()
 .text._ZN3vex8distance5valueEv
                0x0000000003803c74        0x8 /Users/kuanglixian/Library/Application Support/Code/User/globalStorage/vexrobotics.vexcode/sdk/cpp/V5/V5_20240802_15_00_00/vexv5/libv5rt.a(vex_distance.cpp.obj)
                0x0000000003803c74                vex::distance::value()
 .text._ZN3vex8distanceC2El
                0x0000000003803c7c       0x20 /Users/kuanglixian/Library/Application Support/Code/User/globalStorage/vexrobotics.vexcode/sdk/cpp/V5/V5_20240802_15_00_00/vexv5/libv5rt.a(vex_distance.cpp.obj)
                0x0000000003803c7c                vex::distance::distance(long)
                0x0000000003803c7c                vex::distance::distance(long)
 .text._ZN3vex3gps11getTurnTypeEv
                0x0000000003803c9c        0x8 /Users/kuanglixian/Library/Application Support/Code/User/globalStorage/vexrobotics.vexcode/sdk/cpp/V5/V5_20240802_15_00_00/vexv5/libv5rt.a(vex_gps.cpp.obj)
                0x0000000003803c9c                vex::gps::getTurnType()
 .text._ZThn16_N3vex3gps11getTurnTypeEv
                0x0000000003803ca4        0x8 /Users/kuanglixian/Library/Application Support/Code/User/globalStorage/vexrobotics.vexcode/sdk/cpp/V5/V5_20240802_15_00_00/vexv5/libv5rt.a(vex_gps.cpp.obj)
                0x0000000003803ca4                non-virtual thunk to vex::gps::getTurnType()
 *fill*         0x0000000003803cac        0x4 
 .text._ZN3vex3gps10setHeadingEdNS_13rotationUnitsE
                0x0000000003803cb0       0x58 /Users/kuanglixian/Library/Application Support/Code/User/globalStorage/vexrobotics.vexcode/sdk/cpp/V5/V5_20240802_15_00_00/vexv5/libv5rt.a(vex_gps.cpp.obj)
                0x0000000003803cb0                vex::gps::setHeading(double, vex::rotationUnits)
 .text._ZThn16_N3vex3gps10setHeadingEdNS_13rotationUnitsE
                0x0000000003803d08        0x8 /Users/kuanglixian/Library/Application Support/Code/User/globalStorage/vexrobotics.vexcode/sdk/cpp/V5/V5_20240802_15_00_00/vexv5/libv5rt.a(vex_gps.cpp.obj)
                0x0000000003803d08                non-virtual thunk to vex::gps::setHeading(double, vex::rotationUnits)
 .text._ZN3vex3gps11setRotationEdNS_13rotationUnitsE
                0x0000000003803d10       0x58 /Users/kuanglixian/Library/Application Support/Code/User/globalStorage/vexrobotics.vexcode/sdk/cpp/V5/V5_20240802_15_00_00/vexv5/libv5rt.a(vex_gps.cpp.obj)
                0x0000000003803d10                vex::gps::setRotation(double, vex::rotationUnits)
 .text._ZThn16_N3vex3gps11setRotationEdNS_13rotationUnitsE
                0x0000000003803d68        0x8 /Users/kuanglixian/Library/Application Support/Code/User/globalStorage/vexrobotics.vexcode/sdk/cpp/V5/V5_20240802_15_00_00/vexv5/libv5rt.a(vex_gps.cpp.obj)
                0x0000000003803d68                non-virtual thunk to vex::gps::setRotation(double, vex::rotationUnits)
 .text._ZN3vex3gpsD2Ev
                0x0000000003803d70       0x20 /Users/kuanglixian/Library/Application Support/Code/User/globalStorage/vexrobotics.vexcode/sdk/cpp/V5/V5_20240802_15_00_00/vexv5/libv5rt.a(vex_gps.cpp.obj)
                0x0000000003803d70                vex::gps::~gps()
                0x0000000003803d70                vex::gps::~gps()
 .text._ZThn16_N3vex3gpsD1Ev
                0x0000000003803d90        0x8 /Users/kuanglixian/Library/Application Support/Code/User/globalStorage/vexrobotics.vexcode/sdk/cpp/V5/V5_20240802_15_00_00/vexv5/libv5rt.a(vex_gps.cpp.obj)
                0x0000000003803d90                non-virtual thunk to vex::gps::~gps()
 .text._ZN3vex3gpsD0Ev
                0x0000000003803d98       0x1c /Users/kuanglixian/Library/Application Support/Code/User/globalStorage/vexrobotics.vexcode/sdk/cpp/V5/V5_20240802_15_00_00/vexv5/libv5rt.a(vex_gps.cpp.obj)
                0x0000000003803d98                vex::gps::~gps()
 .text._ZThn16_N3vex3gpsD0Ev
                0x0000000003803db4        0x8 /Users/kuanglixian/Library/Application Support/Code/User/globalStorage/vexrobotics.vexcode/sdk/cpp/V5/V5_20240802_15_00_00/vexv5/libv5rt.a(vex_gps.cpp.obj)
                0x0000000003803db4                non-virtual thunk to vex::gps::~gps()
 .text._ZN3vex3gps9installedEv
                0x0000000003803dbc       0x18 /Users/kuanglixian/Library/Application Support/Code/User/globalStorage/vexrobotics.vexcode/sdk/cpp/V5/V5_20240802_15_00_00/vexv5/libv5rt.a(vex_gps.cpp.obj)
                0x0000000003803dbc                vex::gps::installed()
 .text._ZN3vex3gps5angleENS_13rotationUnitsE
                0x0000000003803dd4       0x84 /Users/kuanglixian/Library/Application Support/Code/User/globalStorage/vexrobotics.vexcode/sdk/cpp/V5/V5_20240802_15_00_00/vexv5/libv5rt.a(vex_gps.cpp.obj)
                0x0000000003803dd4                vex::gps::angle(vex::rotationUnits)
 .text._ZThn16_N3vex3gps5angleENS_13rotationUnitsE
                0x0000000003803e58        0x8 /Users/kuanglixian/Library/Application Support/Code/User/globalStorage/vexrobotics.vexcode/sdk/cpp/V5/V5_20240802_15_00_00/vexv5/libv5rt.a(vex_gps.cpp.obj)
                0x0000000003803e58                non-virtual thunk to vex::gps::angle(vex::rotationUnits)
 .text._ZN3vex3gps7headingENS_13rotationUnitsE
                0x0000000003803e60        0x4 /Users/kuanglixian/Library/Application Support/Code/User/globalStorage/vexrobotics.vexcode/sdk/cpp/V5/V5_20240802_15_00_00/vexv5/libv5rt.a(vex_gps.cpp.obj)
                0x0000000003803e60                vex::gps::heading(vex::rotationUnits)
 .text._ZThn16_N3vex3gps7headingENS_13rotationUnitsE
                0x0000000003803e64        0x8 /Users/kuanglixian/Library/Application Support/Code/User/globalStorage/vexrobotics.vexcode/sdk/cpp/V5/V5_20240802_15_00_00/vexv5/libv5rt.a(vex_gps.cpp.obj)
                0x0000000003803e64                non-virtual thunk to vex::gps::heading(vex::rotationUnits)
 .text._ZN3vex3gps5valueEv
                0x0000000003803e6c       0x1c /Users/kuanglixian/Library/Application Support/Code/User/globalStorage/vexrobotics.vexcode/sdk/cpp/V5/V5_20240802_15_00_00/vexv5/libv5rt.a(vex_gps.cpp.obj)
                0x0000000003803e6c                vex::gps::value()
 .text._ZN3vex3gps8rotationENS_13rotationUnitsE
                0x0000000003803e88       0x60 /Users/kuanglixian/Library/Application Support/Code/User/globalStorage/vexrobotics.vexcode/sdk/cpp/V5/V5_20240802_15_00_00/vexv5/libv5rt.a(vex_gps.cpp.obj)
                0x0000000003803e88                vex::gps::rotation(vex::rotationUnits)
 .text._ZThn16_N3vex3gps8rotationENS_13rotationUnitsE
                0x0000000003803ee8        0x8 /Users/kuanglixian/Library/Application Support/Code/User/globalStorage/vexrobotics.vexcode/sdk/cpp/V5/V5_20240802_15_00_00/vexv5/libv5rt.a(vex_gps.cpp.obj)
                0x0000000003803ee8                non-virtual thunk to vex::gps::rotation(vex::rotationUnits)
 .text._ZN3vex3gps13isCalibratingEv
                0x0000000003803ef0       0x38 /Users/kuanglixian/Library/Application Support/Code/User/globalStorage/vexrobotics.vexcode/sdk/cpp/V5/V5_20240802_15_00_00/vexv5/libv5rt.a(vex_gps.cpp.obj)
                0x0000000003803ef0                vex::gps::isCalibrating()
 .text._ZThn16_N3vex3gps13isCalibratingEv
                0x0000000003803f28        0x8 /Users/kuanglixian/Library/Application Support/Code/User/globalStorage/vexrobotics.vexcode/sdk/cpp/V5/V5_20240802_15_00_00/vexv5/libv5rt.a(vex_gps.cpp.obj)
                0x0000000003803f28                non-virtual thunk to vex::gps::isCalibrating()
 .text._ZN3vex3gps17setSensorRotationEd
                0x0000000003803f30        0x8 /Users/kuanglixian/Library/Application Support/Code/User/globalStorage/vexrobotics.vexcode/sdk/cpp/V5/V5_20240802_15_00_00/vexv5/libv5rt.a(vex_gps.cpp.obj)
                0x0000000003803f30                vex::gps::setSensorRotation(double)
 .text._ZN3vex3gpsC2EldNS_8turnTypeE
                0x0000000003803f38       0x74 /Users/kuanglixian/Library/Application Support/Code/User/globalStorage/vexrobotics.vexcode/sdk/cpp/V5/V5_20240802_15_00_00/vexv5/libv5rt.a(vex_gps.cpp.obj)
                0x0000000003803f38                vex::gps::gps(long, double, vex::turnType)
                0x0000000003803f38                vex::gps::gps(long, double, vex::turnType)
 *fill*         0x0000000003803fac        0x4 
 .text._ZN3vex3gps9setOriginEddNS_13distanceUnitsE
                0x0000000003803fb0       0x68 /Users/kuanglixian/Library/Application Support/Code/User/globalStorage/vexrobotics.vexcode/sdk/cpp/V5/V5_20240802_15_00_00/vexv5/libv5rt.a(vex_gps.cpp.obj)
                0x0000000003803fb0                vex::gps::setOrigin(double, double, vex::distanceUnits)
 .text._ZN3vex3gpsC2ElddNS_13distanceUnitsEdNS_8turnTypeE
                0x0000000003804018       0x4c /Users/kuanglixian/Library/Application Support/Code/User/globalStorage/vexrobotics.vexcode/sdk/cpp/V5/V5_20240802_15_00_00/vexv5/libv5rt.a(vex_gps.cpp.obj)
                0x0000000003804018                vex::gps::gps(long, double, double, vex::distanceUnits, double, vex::turnType)
                0x0000000003804018                vex::gps::gps(long, double, double, vex::distanceUnits, double, vex::turnType)
 *fill*         0x0000000003804064        0x4 
 .text._ZN3vex3gps9xPositionENS_13distanceUnitsE
                0x0000000003804068       0x70 /Users/kuanglixian/Library/Application Support/Code/User/globalStorage/vexrobotics.vexcode/sdk/cpp/V5/V5_20240802_15_00_00/vexv5/libv5rt.a(vex_gps.cpp.obj)
                0x0000000003804068                vex::gps::xPosition(vex::distanceUnits)
 .text._ZN3vex3gps9yPositionENS_13distanceUnitsE
                0x00000000038040d8       0x70 /Users/kuanglixian/Library/Application Support/Code/User/globalStorage/vexrobotics.vexcode/sdk/cpp/V5/V5_20240802_15_00_00/vexv5/libv5rt.a(vex_gps.cpp.obj)
                0x00000000038040d8                vex::gps::yPosition(vex::distanceUnits)
 .text._ZN3vex3gps16startCalibrationEl
                0x0000000003804148       0x48 /Users/kuanglixian/Library/Application Support/Code/User/globalStorage/vexrobotics.vexcode/sdk/cpp/V5/V5_20240802_15_00_00/vexv5/libv5rt.a(vex_gps.cpp.obj)
                0x0000000003804148                vex::gps::startCalibration(long)
 .text._ZN3vex3gps9calibrateEl
                0x0000000003804190        0xc /Users/kuanglixian/Library/Application Support/Code/User/globalStorage/vexrobotics.vexcode/sdk/cpp/V5/V5_20240802_15_00_00/vexv5/libv5rt.a(vex_gps.cpp.obj)
                0x0000000003804190                vex::gps::calibrate(long)
                0x0000000003804194                non-virtual thunk to vex::gps::calibrate(long)
 .text._ZN3vex10controllerD2Ev
                0x000000000380419c        0x4 /Users/kuanglixian/Library/Application Support/Code/User/globalStorage/vexrobotics.vexcode/sdk/cpp/V5/V5_20240802_15_00_00/vexv5/libv5rt.a(vex_controller.cpp.obj)
                0x000000000380419c                vex::controller::~controller()
                0x000000000380419c                vex::controller::~controller()
 .text._ZN3vex10controller5valueE19_V5_ControllerIndex
                0x00000000038041a0        0x8 /Users/kuanglixian/Library/Application Support/Code/User/globalStorage/vexrobotics.vexcode/sdk/cpp/V5/V5_20240802_15_00_00/vexv5/libv5rt.a(vex_controller.cpp.obj)
                0x00000000038041a0                vex::controller::value(_V5_ControllerIndex)
 .text._ZNK3vex10controller6button7pressedEPFvvE
                0x00000000038041a8      0x108 /Users/kuanglixian/Library/Application Support/Code/User/globalStorage/vexrobotics.vexcode/sdk/cpp/V5/V5_20240802_15_00_00/vexv5/libv5rt.a(vex_controller.cpp.obj)
                0x00000000038041a8                vex::controller::button::pressed(void (*)()) const
 .text._ZNK3vex10controller6button8releasedEPFvvE
                0x00000000038042b0      0x108 /Users/kuanglixian/Library/Application Support/Code/User/globalStorage/vexrobotics.vexcode/sdk/cpp/V5/V5_20240802_15_00_00/vexv5/libv5rt.a(vex_controller.cpp.obj)
                0x00000000038042b0                vex::controller::button::released(void (*)()) const
 .text._ZNK3vex10controller6button21_buttonToPressedEventEv
                0x00000000038043b8       0x20 /Users/kuanglixian/Library/Application Support/Code/User/globalStorage/vexrobotics.vexcode/sdk/cpp/V5/V5_20240802_15_00_00/vexv5/libv5rt.a(vex_controller.cpp.obj)
                0x00000000038043b8                vex::controller::button::_buttonToPressedEvent() const
 .text._ZNK3vex10controller6button22_buttonToReleasedEventEv
                0x00000000038043d8       0x20 /Users/kuanglixian/Library/Application Support/Code/User/globalStorage/vexrobotics.vexcode/sdk/cpp/V5/V5_20240802_15_00_00/vexv5/libv5rt.a(vex_controller.cpp.obj)
                0x00000000038043d8                vex::controller::button::_buttonToReleasedEvent() const
 .text._ZN3vex10controller6buttonC2ENS0_11tButtonTypeEPS0_
                0x00000000038043f8       0x48 /Users/kuanglixian/Library/Application Support/Code/User/globalStorage/vexrobotics.vexcode/sdk/cpp/V5/V5_20240802_15_00_00/vexv5/libv5rt.a(vex_controller.cpp.obj)
                0x00000000038043f8                vex::controller::button::button(vex::controller::tButtonType, vex::controller*)
                0x00000000038043f8                vex::controller::button::button(vex::controller::tButtonType, vex::controller*)
 .text._ZNK3vex10controller4axis5valueEv
                0x0000000003804440       0x58 /Users/kuanglixian/Library/Application Support/Code/User/globalStorage/vexrobotics.vexcode/sdk/cpp/V5/V5_20240802_15_00_00/vexv5/libv5rt.a(vex_controller.cpp.obj)
                0x0000000003804440                vex::controller::axis::value() const
 .text._ZNK3vex10controller4axis8positionENS_12percentUnitsE
                0x0000000003804498       0x1c /Users/kuanglixian/Library/Application Support/Code/User/globalStorage/vexrobotics.vexcode/sdk/cpp/V5/V5_20240802_15_00_00/vexv5/libv5rt.a(vex_controller.cpp.obj)
                0x0000000003804498                vex::controller::axis::position(vex::percentUnits) const
 .text._ZNK3vex10controller4axis23_joystickToChangedEventEv
                0x00000000038044b4       0x20 /Users/kuanglixian/Library/Application Support/Code/User/globalStorage/vexrobotics.vexcode/sdk/cpp/V5/V5_20240802_15_00_00/vexv5/libv5rt.a(vex_controller.cpp.obj)
                0x00000000038044b4                vex::controller::axis::_joystickToChangedEvent() const
 .text._ZN3vex10controller4axisC2ENS0_9tAxisTypeEPS0_
                0x00000000038044d4       0x2c /Users/kuanglixian/Library/Application Support/Code/User/globalStorage/vexrobotics.vexcode/sdk/cpp/V5/V5_20240802_15_00_00/vexv5/libv5rt.a(vex_controller.cpp.obj)
                0x00000000038044d4                vex::controller::axis::axis(vex::controller::tAxisType, vex::controller*)
                0x00000000038044d4                vex::controller::axis::axis(vex::controller::tAxisType, vex::controller*)
 .text._ZN3vex10controllerC2ENS_14controllerTypeE
                0x0000000003804500      0x16c /Users/kuanglixian/Library/Application Support/Code/User/globalStorage/vexrobotics.vexcode/sdk/cpp/V5/V5_20240802_15_00_00/vexv5/libv5rt.a(vex_controller.cpp.obj)
                0x0000000003804500                vex::controller::controller(vex::controllerType)
                0x0000000003804500                vex::controller::controller(vex::controllerType)
 .text._ZN3vex10controller3lcd15getControllerIdEv
                0x000000000380466c       0x10 /Users/kuanglixian/Library/Application Support/Code/User/globalStorage/vexrobotics.vexcode/sdk/cpp/V5/V5_20240802_15_00_00/vexv5/libv5rt.a(vex_controller.cpp.obj)
                0x000000000380466c                vex::controller::lcd::getControllerId()
 .text._ZN3vex10controller3lcd9setCursorEll
                0x000000000380467c       0x40 /Users/kuanglixian/Library/Application Support/Code/User/globalStorage/vexrobotics.vexcode/sdk/cpp/V5/V5_20240802_15_00_00/vexv5/libv5rt.a(vex_controller.cpp.obj)
                0x000000000380467c                vex::controller::lcd::setCursor(long, long)
 .text._ZN3vex10controller3lcd5printEPKcz
                0x00000000038046bc       0x80 /Users/kuanglixian/Library/Application Support/Code/User/globalStorage/vexrobotics.vexcode/sdk/cpp/V5/V5_20240802_15_00_00/vexv5/libv5rt.a(vex_controller.cpp.obj)
                0x00000000038046bc                vex::controller::lcd::print(char const*, ...)
 .text._ZN3vex10controller3lcd9clearLineEi
                0x000000000380473c       0x80 /Users/kuanglixian/Library/Application Support/Code/User/globalStorage/vexrobotics.vexcode/sdk/cpp/V5/V5_20240802_15_00_00/vexv5/libv5rt.a(vex_controller.cpp.obj)
                0x000000000380473c                vex::controller::lcd::clearLine(int)
 .text._ZN3vex10controller3lcd11clearScreenEv
                0x00000000038047bc       0x5c /Users/kuanglixian/Library/Application Support/Code/User/globalStorage/vexrobotics.vexcode/sdk/cpp/V5/V5_20240802_15_00_00/vexv5/libv5rt.a(vex_controller.cpp.obj)
                0x00000000038047bc                vex::controller::lcd::clearScreen()
 .text._ZN3vex4taskC2EPFivE
                0x0000000003804818       0x5c /Users/kuanglixian/Library/Application Support/Code/User/globalStorage/vexrobotics.vexcode/sdk/cpp/V5/V5_20240802_15_00_00/vexv5/libv5rt.a(vex_task.cpp.obj)
                0x0000000003804818                vex::task::task(int (*)())
                0x0000000003804818                vex::task::task(int (*)())
 .text._ZN3vex4taskD2Ev
                0x0000000003804874        0x4 /Users/kuanglixian/Library/Application Support/Code/User/globalStorage/vexrobotics.vexcode/sdk/cpp/V5/V5_20240802_15_00_00/vexv5/libv5rt.a(vex_task.cpp.obj)
                0x0000000003804874                vex::task::~task()
                0x0000000003804874                vex::task::~task()
 .text._ZN3vex4task4stopEPvi
                0x0000000003804878       0x1c /Users/kuanglixian/Library/Application Support/Code/User/globalStorage/vexrobotics.vexcode/sdk/cpp/V5/V5_20240802_15_00_00/vexv5/libv5rt.a(vex_task.cpp.obj)
                0x0000000003804878                vex::task::stop(void*, int)
 .text._ZN3vex4task6_indexEPFivE
                0x0000000003804894       0x14 /Users/kuanglixian/Library/Application Support/Code/User/globalStorage/vexrobotics.vexcode/sdk/cpp/V5/V5_20240802_15_00_00/vexv5/libv5rt.a(vex_task.cpp.obj)
                0x0000000003804894                vex::task::_index(int (*)())
 .text._ZN3vex4task8_stopAllEv
                0x00000000038048a8       0x3c /Users/kuanglixian/Library/Application Support/Code/User/globalStorage/vexrobotics.vexcode/sdk/cpp/V5/V5_20240802_15_00_00/vexv5/libv5rt.a(vex_task.cpp.obj)
                0x00000000038048a8                vex::task::_stopAll()
 .text._ZN3vex11this_thread9sleep_forEm
                0x00000000038048e4        0x4 /Users/kuanglixian/Library/Application Support/Code/User/globalStorage/vexrobotics.vexcode/sdk/cpp/V5/V5_20240802_15_00_00/vexv5/libv5rt.a(vex_thread.cpp.obj)
                0x00000000038048e4                vex::this_thread::sleep_for(unsigned long)
 .text._ZN3vex5mutexC2Ev
                0x00000000038048e8       0x1c /Users/kuanglixian/Library/Application Support/Code/User/globalStorage/vexrobotics.vexcode/sdk/cpp/V5/V5_20240802_15_00_00/vexv5/libv5rt.a(vex_thread.cpp.obj)
                0x00000000038048e8                vex::mutex::mutex()
                0x00000000038048e8                vex::mutex::mutex()
 .text._ZN3vex5mutexD2Ev
                0x0000000003804904        0x4 /Users/kuanglixian/Library/Application Support/Code/User/globalStorage/vexrobotics.vexcode/sdk/cpp/V5/V5_20240802_15_00_00/vexv5/libv5rt.a(vex_thread.cpp.obj)
                0x0000000003804904                vex::mutex::~mutex()
                0x0000000003804904                vex::mutex::~mutex()
 .text._ZN3vex5event4initEmmPFvvE
                0x0000000003804908        0x4 /Users/kuanglixian/Library/Application Support/Code/User/globalStorage/vexrobotics.vexcode/sdk/cpp/V5/V5_20240802_15_00_00/vexv5/libv5rt.a(vex_event.cpp.obj)
                0x0000000003804908                vex::event::init(unsigned long, unsigned long, void (*)())
 .text._ZN3vex5event4initEmmPFvPvES1_
                0x000000000380490c        0x4 /Users/kuanglixian/Library/Application Support/Code/User/globalStorage/vexrobotics.vexcode/sdk/cpp/V5/V5_20240802_15_00_00/vexv5/libv5rt.a(vex_event.cpp.obj)
                0x000000000380490c                vex::event::init(unsigned long, unsigned long, void (*)(void*), void*)
 .text._ZN3vex5event9userindexEv
                0x0000000003804910        0x4 /Users/kuanglixian/Library/Application Support/Code/User/globalStorage/vexrobotics.vexcode/sdk/cpp/V5/V5_20240802_15_00_00/vexv5/libv5rt.a(vex_event.cpp.obj)
                0x0000000003804910                vex::event::userindex()
 .text._ZZN3vex6meventC4EmmENUlvE_4_FUNEv
                0x0000000003804914        0x4 /Users/kuanglixian/Library/Application Support/Code/User/globalStorage/vexrobotics.vexcode/sdk/cpp/V5/V5_20240802_15_00_00/vexv5/libv5rt.a(vex_mevent.cpp.obj)
 .text._ZN3vex6meventC2Emm
                0x0000000003804918       0x70 /Users/kuanglixian/Library/Application Support/Code/User/globalStorage/vexrobotics.vexcode/sdk/cpp/V5/V5_20240802_15_00_00/vexv5/libv5rt.a(vex_mevent.cpp.obj)
                0x0000000003804918                vex::mevent::mevent(unsigned long, unsigned long)
                0x0000000003804918                vex::mevent::mevent(unsigned long, unsigned long)
 .text._ZN3vex5brain9_getIndexEv
                0x0000000003804988       0x10 /Users/kuanglixian/Library/Application Support/Code/User/globalStorage/vexrobotics.vexcode/sdk/cpp/V5/V5_20240802_15_00_00/vexv5/libv5rt.a(vex_brain.cpp.obj)
                0x0000000003804988                vex::brain::_getIndex()
 .text._ZN3vex5brain3lcd9setCursorEll
                0x0000000003804998       0x44 /Users/kuanglixian/Library/Application Support/Code/User/globalStorage/vexrobotics.vexcode/sdk/cpp/V5/V5_20240802_15_00_00/vexv5/libv5rt.a(vex_brain.cpp.obj)
                0x0000000003804998                vex::brain::lcd::setCursor(long, long)
 .text._ZN3vex5brain3lcd7setFontENS_8fontTypeE
                0x00000000038049dc      0x23c /Users/kuanglixian/Library/Application Support/Code/User/globalStorage/vexrobotics.vexcode/sdk/cpp/V5/V5_20240802_15_00_00/vexv5/libv5rt.a(vex_brain.cpp.obj)
                0x00000000038049dc                vex::brain::lcd::setFont(vex::fontType)
 .text._ZN3vex5brain3lcdC2Ev
                0x0000000003804c18       0x94 /Users/kuanglixian/Library/Application Support/Code/User/globalStorage/vexrobotics.vexcode/sdk/cpp/V5/V5_20240802_15_00_00/vexv5/libv5rt.a(vex_brain.cpp.obj)
                0x0000000003804c18                vex::brain::lcd::lcd()
                0x0000000003804c18                vex::brain::lcd::lcd()
 .text._ZN3vex5brainC2Ev
                0x0000000003804cac       0x3c /Users/kuanglixian/Library/Application Support/Code/User/globalStorage/vexrobotics.vexcode/sdk/cpp/V5/V5_20240802_15_00_00/vexv5/libv5rt.a(vex_brain.cpp.obj)
                0x0000000003804cac                vex::brain::brain()
                0x0000000003804cac                vex::brain::brain()
 .text._ZN3vex5brainD2Ev
                0x0000000003804ce8       0x20 /Users/kuanglixian/Library/Application Support/Code/User/globalStorage/vexrobotics.vexcode/sdk/cpp/V5/V5_20240802_15_00_00/vexv5/libv5rt.a(vex_brain.cpp.obj)
                0x0000000003804ce8                vex::brain::~brain()
                0x0000000003804ce8                vex::brain::~brain()
 .text._ZN3vex11competition8_disableEPv
                0x0000000003804d08       0xa4 /Users/kuanglixian/Library/Application Support/Code/User/globalStorage/vexrobotics.vexcode/sdk/cpp/V5/V5_20240802_15_00_00/vexv5/libv5rt.a(vex_competition.cpp.obj)
                0x0000000003804d08                vex::competition::_disable(void*)
 .text._ZN3vex11competition11_autonomousEv
                0x0000000003804dac       0x80 /Users/kuanglixian/Library/Application Support/Code/User/globalStorage/vexrobotics.vexcode/sdk/cpp/V5/V5_20240802_15_00_00/vexv5/libv5rt.a(vex_competition.cpp.obj)
                0x0000000003804dac                vex::competition::_autonomous()
 .text._ZN3vex11competition14_drivercontrolEv
                0x0000000003804e2c       0x80 /Users/kuanglixian/Library/Application Support/Code/User/globalStorage/vexrobotics.vexcode/sdk/cpp/V5/V5_20240802_15_00_00/vexv5/libv5rt.a(vex_competition.cpp.obj)
                0x0000000003804e2c                vex::competition::_drivercontrol()
 .text._ZN3vex11competitionC2Ev
                0x0000000003804eac      0x13c /Users/kuanglixian/Library/Application Support/Code/User/globalStorage/vexrobotics.vexcode/sdk/cpp/V5/V5_20240802_15_00_00/vexv5/libv5rt.a(vex_competition.cpp.obj)
                0x0000000003804eac                vex::competition::competition()
                0x0000000003804eac                vex::competition::competition()
 .text._ZN3vex11competitionD2Ev
                0x0000000003804fe8        0x4 /Users/kuanglixian/Library/Application Support/Code/User/globalStorage/vexrobotics.vexcode/sdk/cpp/V5/V5_20240802_15_00_00/vexv5/libv5rt.a(vex_competition.cpp.obj)
                0x0000000003804fe8                vex::competition::~competition()
                0x0000000003804fe8                vex::competition::~competition()
 .text._ZN3vex11competition10autonomousEPFvvE
                0x0000000003804fec       0x44 /Users/kuanglixian/Library/Application Support/Code/User/globalStorage/vexrobotics.vexcode/sdk/cpp/V5/V5_20240802_15_00_00/vexv5/libv5rt.a(vex_competition.cpp.obj)
                0x0000000003804fec                vex::competition::autonomous(void (*)())
 .text._ZN3vex11competition13drivercontrolEPFvvE
                0x0000000003805030       0x44 /Users/kuanglixian/Library/Application Support/Code/User/globalStorage/vexrobotics.vexcode/sdk/cpp/V5/V5_20240802_15_00_00/vexv5/libv5rt.a(vex_competition.cpp.obj)
                0x0000000003805030                vex::competition::drivercontrol(void (*)())
 .text._ZN3vex7triportD2Ev
                0x0000000003805074       0x38 /Users/kuanglixian/Library/Application Support/Code/User/globalStorage/vexrobotics.vexcode/sdk/cpp/V5/V5_20240802_15_00_00/vexv5/libv5rt.a(vex_triport.cpp.obj)
                0x0000000003805074                vex::triport::~triport()
                0x0000000003805074                vex::triport::~triport()
 .text._ZN3vex7triportD0Ev
                0x00000000038050ac       0x1c /Users/kuanglixian/Library/Application Support/Code/User/globalStorage/vexrobotics.vexcode/sdk/cpp/V5/V5_20240802_15_00_00/vexv5/libv5rt.a(vex_triport.cpp.obj)
                0x00000000038050ac                vex::triport::~triport()
 .text._ZN3vex7triport9installedEv
                0x00000000038050c8       0x18 /Users/kuanglixian/Library/Application Support/Code/User/globalStorage/vexrobotics.vexcode/sdk/cpp/V5/V5_20240802_15_00_00/vexv5/libv5rt.a(vex_triport.cpp.obj)
                0x00000000038050c8                vex::triport::installed()
 .text._ZN3vex7triport4portC2ElPS0_
                0x00000000038050e0       0x74 /Users/kuanglixian/Library/Application Support/Code/User/globalStorage/vexrobotics.vexcode/sdk/cpp/V5/V5_20240802_15_00_00/vexv5/libv5rt.a(vex_triport.cpp.obj)
                0x00000000038050e0                vex::triport::port::port(long, vex::triport*)
                0x00000000038050e0                vex::triport::port::port(long, vex::triport*)
 .text._ZN3vex7triportC2El
                0x0000000003805154       0xf0 /Users/kuanglixian/Library/Application Support/Code/User/globalStorage/vexrobotics.vexcode/sdk/cpp/V5/V5_20240802_15_00_00/vexv5/libv5rt.a(vex_triport.cpp.obj)
                0x0000000003805154                vex::triport::triport(long)
                0x0000000003805154                vex::triport::triport(long)
 .text._ZN3vex5colorD2Ev
                0x0000000003805244        0x4 /Users/kuanglixian/Library/Application Support/Code/User/globalStorage/vexrobotics.vexcode/sdk/cpp/V5/V5_20240802_15_00_00/vexv5/libv5rt.a(vex_color.cpp.obj)
                0x0000000003805244                vex::color::~color()
                0x0000000003805244                vex::color::~color()
 .text._ZN3vex5colorC2Ev
                0x0000000003805248       0x10 /Users/kuanglixian/Library/Application Support/Code/User/globalStorage/vexrobotics.vexcode/sdk/cpp/V5/V5_20240802_15_00_00/vexv5/libv5rt.a(vex_color.cpp.obj)
                0x0000000003805248                vex::color::color()
                0x0000000003805248                vex::color::color()
 .text._ZN3vex5color3rgbEm
                0x0000000003805258       0x14 /Users/kuanglixian/Library/Application Support/Code/User/globalStorage/vexrobotics.vexcode/sdk/cpp/V5/V5_20240802_15_00_00/vexv5/libv5rt.a(vex_color.cpp.obj)
                0x0000000003805258                vex::color::rgb(unsigned long)
 .text.startup._GLOBAL__sub_I__ZN3vex5color5blackE
                0x000000000380526c      0x164 /Users/kuanglixian/Library/Application Support/Code/User/globalStorage/vexrobotics.vexcode/sdk/cpp/V5/V5_20240802_15_00_00/vexv5/libv5rt.a(vex_color.cpp.obj)
 .text._ZN3vex5timerD2Ev
                0x00000000038053d0        0x4 /Users/kuanglixian/Library/Application Support/Code/User/globalStorage/vexrobotics.vexcode/sdk/cpp/V5/V5_20240802_15_00_00/vexv5/libv5rt.a(vex_timer.cpp.obj)
                0x00000000038053d0                vex::timer::~timer()
                0x00000000038053d0                vex::timer::~timer()
 .text._ZN3vex5timer5clearEv
                0x00000000038053d4       0x1c /Users/kuanglixian/Library/Application Support/Code/User/globalStorage/vexrobotics.vexcode/sdk/cpp/V5/V5_20240802_15_00_00/vexv5/libv5rt.a(vex_timer.cpp.obj)
                0x00000000038053d4                vex::timer::clear()
 .text._ZN3vex5timerC2Ev
                0x00000000038053f0       0x14 /Users/kuanglixian/Library/Application Support/Code/User/globalStorage/vexrobotics.vexcode/sdk/cpp/V5/V5_20240802_15_00_00/vexv5/libv5rt.a(vex_timer.cpp.obj)
                0x00000000038053f0                vex::timer::timer()
                0x00000000038053f0                vex::timer::timer()
 .text._ZN3vex8aivision9colordescD2Ev
                0x0000000003805404        0x4 /Users/kuanglixian/Library/Application Support/Code/User/globalStorage/vexrobotics.vexcode/sdk/cpp/V5/V5_20240802_15_00_00/vexv5/libv5rt.a(vex_aivision.cpp.obj)
                0x0000000003805404                vex::aivision::colordesc::~colordesc()
                0x0000000003805404                vex::aivision::colordesc::~colordesc()
 .text._ZN3vex8aivision9installedEv
                0x0000000003805408       0x18 /Users/kuanglixian/Library/Application Support/Code/User/globalStorage/vexrobotics.vexcode/sdk/cpp/V5/V5_20240802_15_00_00/vexv5/libv5rt.a(vex_aivision.cpp.obj)
                0x0000000003805408                vex::aivision::installed()
 .text._ZN3vex8aivisionD2Ev
                0x0000000003805420       0x54 /Users/kuanglixian/Library/Application Support/Code/User/globalStorage/vexrobotics.vexcode/sdk/cpp/V5/V5_20240802_15_00_00/vexv5/libv5rt.a(vex_aivision.cpp.obj)
                0x0000000003805420                vex::aivision::~aivision()
                0x0000000003805420                vex::aivision::~aivision()
 .text._ZN3vex8aivisionD0Ev
                0x0000000003805474       0x1c /Users/kuanglixian/Library/Application Support/Code/User/globalStorage/vexrobotics.vexcode/sdk/cpp/V5/V5_20240802_15_00_00/vexv5/libv5rt.a(vex_aivision.cpp.obj)
                0x0000000003805474                vex::aivision::~aivision()
 .text._ZN3vex8aivision5resetEv
                0x0000000003805490        0xc /Users/kuanglixian/Library/Application Support/Code/User/globalStorage/vexrobotics.vexcode/sdk/cpp/V5/V5_20240802_15_00_00/vexv5/libv5rt.a(vex_aivision.cpp.obj)
                0x0000000003805490                vex::aivision::reset()
 .text._ZN3vex8aivision14colorDetectionEbb
                0x000000000380549c       0x48 /Users/kuanglixian/Library/Application Support/Code/User/globalStorage/vexrobotics.vexcode/sdk/cpp/V5/V5_20240802_15_00_00/vexv5/libv5rt.a(vex_aivision.cpp.obj)
                0x000000000380549c                vex::aivision::colorDetection(bool, bool)
 .text._ZN3vex8aivision10usbOverlayEb
                0x00000000038054e4       0x38 /Users/kuanglixian/Library/Application Support/Code/User/globalStorage/vexrobotics.vexcode/sdk/cpp/V5/V5_20240802_15_00_00/vexv5/libv5rt.a(vex_aivision.cpp.obj)
                0x00000000038054e4                vex::aivision::usbOverlay(bool)
 .text._ZN3vex8aivision20setObjectDescriptionERKNS0_9colordescE
                0x000000000380551c       0x6c /Users/kuanglixian/Library/Application Support/Code/User/globalStorage/vexrobotics.vexcode/sdk/cpp/V5/V5_20240802_15_00_00/vexv5/libv5rt.a(vex_aivision.cpp.obj)
                0x000000000380551c                vex::aivision::setObjectDescription(vex::aivision::colordesc const&)
 .text._ZN3vex8aivision21_setObjectDescriptionEv
                0x0000000003805588       0x40 /Users/kuanglixian/Library/Application Support/Code/User/globalStorage/vexrobotics.vexcode/sdk/cpp/V5/V5_20240802_15_00_00/vexv5/libv5rt.a(vex_aivision.cpp.obj)
                0x0000000003805588                vex::aivision::_setObjectDescription()
 .text._ZN3vex8aivision9colordesc5clearEv
                0x00000000038055c8       0x24 /Users/kuanglixian/Library/Application Support/Code/User/globalStorage/vexrobotics.vexcode/sdk/cpp/V5/V5_20240802_15_00_00/vexv5/libv5rt.a(vex_aivision.cpp.obj)
                0x00000000038055c8                vex::aivision::colordesc::clear()
 .text._ZN3vex8aivision9colordescC2Ev
                0x00000000038055ec       0x44 /Users/kuanglixian/Library/Application Support/Code/User/globalStorage/vexrobotics.vexcode/sdk/cpp/V5/V5_20240802_15_00_00/vexv5/libv5rt.a(vex_aivision.cpp.obj)
                0x00000000038055ec                vex::aivision::colordesc::colordesc()
                0x00000000038055ec                vex::aivision::colordesc::colordesc()
 .text._ZN3vex8aivision9colordescC2Elhhhff
                0x0000000003805630       0x44 /Users/kuanglixian/Library/Application Support/Code/User/globalStorage/vexrobotics.vexcode/sdk/cpp/V5/V5_20240802_15_00_00/vexv5/libv5rt.a(vex_aivision.cpp.obj)
                0x0000000003805630                vex::aivision::colordesc::colordesc(long, unsigned char, unsigned char, unsigned char, float, float)
                0x0000000003805630                vex::aivision::colordesc::colordesc(long, unsigned char, unsigned char, unsigned char, float, float)
 .text._ZN3vex8aivision6object5clearEv
                0x0000000003805674       0x70 /Users/kuanglixian/Library/Application Support/Code/User/globalStorage/vexrobotics.vexcode/sdk/cpp/V5/V5_20240802_15_00_00/vexv5/libv5rt.a(vex_aivision.cpp.obj)
                0x0000000003805674                vex::aivision::object::clear()
 .text._ZN3vex8aivision6objectC2Ev
                0x00000000038056e4       0x94 /Users/kuanglixian/Library/Application Support/Code/User/globalStorage/vexrobotics.vexcode/sdk/cpp/V5/V5_20240802_15_00_00/vexv5/libv5rt.a(vex_aivision.cpp.obj)
                0x00000000038056e4                vex::aivision::object::object()
                0x00000000038056e4                vex::aivision::object::object()
 .text._ZN3vex8aivision6objectaSEl