Archive member included to satisfy reference by file (symbol)

/Users/kuanglixian/Library/Application Support/Code/User/globalStorage/vexrobotics.vexcode/sdk/cpp/V5/V5_20240802_15_00_00/vexv5/libv5rt.a(v5_startup.c.obj)
                              (vexStartup)
/Users/kuanglixian/Library/Application Support/Code/User/globalStorage/vexrobotics.vexcode/sdk/cpp/V5/V5_20240802_15_00_00/vexv5/libv5rt.a(v5_util.c.obj)
                              /Users/kuanglixian/Library/Application Support/Code/User/globalStorage/vexrobotics.vexcode/sdk/cpp/V5/V5_20240802_15_00_00/vexv5/libv5rt.a(v5_startup.c.obj) (vexStdlibVersionLinked)
/Users/kuanglixian/Library/Application Support/Code/User/globalStorage/vexrobotics.vexcode/sdk/cpp/V5/V5_20240802_15_00_00/vexv5/libv5rt.a(v5_apijump.c.obj)
                              /Users/kuanglixian/Library/Application Support/Code/User/globalStorage/vexrobotics.vexcode/sdk/cpp/V5/V5_20240802_15_00_00/vexv5/libv5rt.a(v5_startup.c.obj) (vexPrivateApiEnable)
/Users/kuanglixian/Library/Application Support/Code/User/globalStorage/vexrobotics.vexcode/sdk/cpp/V5/V5_20240802_15_00_00/vexv5/libv5rt.a(v5_apiversions.c.obj)
                              /Users/kuanglixian/Library/Application Support/Code/User/globalStorage/vexrobotics.vexcode/sdk/cpp/V5/V5_20240802_15_00_00/vexv5/libv5rt.a(v5_apijump.c.obj) (vexSystemVersion)
/Users/kuanglixian/Library/Application Support/Code/User/globalStorage/vexrobotics.vexcode/sdk/cpp/V5/V5_20240802_15_00_00/vexv5/libv5rt.a(vex_global.cpp.obj)
                              build/src/autonomous.o (vex::wait(double, vex::timeUnits))
/Users/kuanglixian/Library/Application Support/Code/User/globalStorage/vexrobotics.vexcode/sdk/cpp/V5/V5_20240802_15_00_00/vexv5/libv5rt.a(vex_motor.cpp.obj)
                              build/src/robot-config.o (vex::motor::~motor())
/Users/kuanglixian/Library/Application Support/Code/User/globalStorage/vexrobotics.vexcode/sdk/cpp/V5/V5_20240802_15_00_00/vexv5/libv5rt.a(vex_imu.cpp.obj)
                              build/src/main.o (vex::inertial::setRotation(double, vex::rotationUnits))
/Users/kuanglixian/Library/Application Support/Code/User/globalStorage/vexrobotics.vexcode/sdk/cpp/V5/V5_20240802_15_00_00/vexv5/libv5rt.a(vex_rotation.cpp.obj)
                              build/src/robot-config.o (vex::rotation::~rotation())
/Users/kuanglixian/Library/Application Support/Code/User/globalStorage/vexrobotics.vexcode/sdk/cpp/V5/V5_20240802_15_00_00/vexv5/libv5rt.a(vex_optical.cpp.obj)
                              build/src/robot-config.o (vex::optical::~optical())
/Users/kuanglixian/Library/Application Support/Code/User/globalStorage/vexrobotics.vexcode/sdk/cpp/V5/V5_20240802_15_00_00/vexv5/libv5rt.a(vex_distance.cpp.obj)
                              build/src/robot-config.o (vex::distance::~distance())
/Users/kuanglixian/Library/Application Support/Code/User/globalStorage/vexrobotics.vexcode/sdk/cpp/V5/V5_20240802_15_00_00/vexv5/libv5rt.a(vex_gps.cpp.obj)
                              build/src/robot-config.o (vex::gps::~gps())
/Users/kuanglixian/Library/Application Support/Code/User/globalStorage/vexrobotics.vexcode/sdk/cpp/V5/V5_20240802_15_00_00/vexv5/libv5rt.a(vex_controller.cpp.obj)
                              build/src/robot-config.o (vex::controller::~controller())
/Users/kuanglixian/Library/Application Support/Code/User/globalStorage/vexrobotics.vexcode/sdk/cpp/V5/V5_20240802_15_00_00/vexv5/libv5rt.a(vex_task.cpp.obj)
                              build/src/sensor.o (vex::task::sleep(unsigned long))
/Users/kuanglixian/Library/Application Support/Code/User/globalStorage/vexrobotics.vexcode/sdk/cpp/V5/V5_20240802_15_00_00/vexv5/libv5rt.a(vex_thread.cpp.obj)
                              build/src/autonomous.o (vex::thread::thread(int (*)()))
/Users/kuanglixian/Library/Application Support/Code/User/globalStorage/vexrobotics.vexcode/sdk/cpp/V5/V5_20240802_15_00_00/vexv5/libv5rt.a(vex_event.cpp.obj)
                              /Users/kuanglixian/Library/Application Support/Code/User/globalStorage/vexrobotics.vexcode/sdk/cpp/V5/V5_20240802_15_00_00/vexv5/libv5rt.a(vex_imu.cpp.obj) (vex::event::init(unsigned long, unsigned long, void (*)()))
/Users/kuanglixian/Library/Application Support/Code/User/globalStorage/vexrobotics.vexcode/sdk/cpp/V5/V5_20240802_15_00_00/vexv5/libv5rt.a(vex_mevent.cpp.obj)
                              /Users/kuanglixian/Library/Application Support/Code/User/globalStorage/vexrobotics.vexcode/sdk/cpp/V5/V5_20240802_15_00_00/vexv5/libv5rt.a(vex_controller.cpp.obj) (vex::mevent::mevent(unsigned long, unsigned long))
/Users/kuanglixian/Library/Application Support/Code/User/globalStorage/vexrobotics.vexcode/sdk/cpp/V5/V5_20240802_15_00_00/vexv5/libv5rt.a(vex_brain.cpp.obj)
                              build/src/sensor.o (vex::brain::lcd::setCursor(long, long))
[...]
Memory Configuration

Name             Origin             Length             Attributes
ps7_ddr_0_S_AXI_BASEADDR 0x0000000003800000 0x0000000004800000
*default*        0x0000000000000000 0xffffffffffffffff

Linker script and memory map

                0x0000000000002000                _STACK_SIZE = DEFINED (_STACK_SIZE)?_STACK_SIZE:0x2000
                0x0000000000100000                _HEAP_SIZE = DEFINED (_HEAP_SIZE)?_HEAP_SIZE:0x100000
                0x0000000000000400                _ABORT_STACK_SIZE = DEFINED (_ABORT_STACK_SIZE)?_ABORT_STACK_SIZE:0x400
                0x0000000000000800                _SUPERVISOR_STACK_SIZE = DEFINED (_SUPERVISOR_STACK_SIZE)?_SUPERVISOR_STACK_SIZE:0x800
                0x0000000000000400                _IRQ_STACK_SIZE = DEFINED (_IRQ_STACK_SIZE)?_IRQ_STACK_SIZE:0x400
                0x0000000000000400                _FIQ_STACK_SIZE = DEFINED (_FIQ_STACK_SIZE)?_FIQ_STACK_SIZE:0x400
                0x0000000000000400                _UNDEF_STACK_SIZE = DEFINED (_UNDEF_STACK_SIZE)?_UNDEF_STACK_SIZE:0x400

.text           0x0000000003800000     0x5208
 *(.vectors)
 *(.boot_data)
 .boot_data     0x0000000003800000       0x20 /Users/kuanglixian/Library/Application Support/Code/User/globalStorage/vexrobotics.vexcode/sdk/cpp/V5/V5_20240802_15_00_00/vexv5/libv5rt.a(v5_startup.c.obj)
                0x0000000003800000                vexCodeSig
                0x0000000000000020                . = 0x20
 *(.boot)
 .boot          0x0000000003800020       0xbc /Users/kuanglixian/Library/Application Support/Code/User/globalStorage/vexrobotics.vexcode/sdk/cpp/V5/V5_20240802_15_00_00/vexv5/libv5rt.a(v5_startup.c.obj)
                0x0000000003800020                vexStartup
                0x0000000003800100                . = ALIGN (0x40)
 *fill*         0x00000000038000dc       0x24 
 *(.freertos_vectors)
 *(.text)
 *(.text.*)
 .text._Z17driveForwardTimeddd
                0x0000000003800100       0x4c build/src/autonomous.o
                0x0000000003800100                driveForwardTimed(double, double)
 .text.__cxx_global_array_dtor
                0x000000000380014c       0x44 build/src/autonomous.o
 .text._ZN5StackD2Ev
                0x0000000003800190       0x2c build/src/autonomous.o
                0x0000000003800190                Stack::~Stack()
 .text._Z10autonomousv
                0x00000000038001bc       0x14 build/src/autonomous.o
                0x00000000038001bc                autonomous()
 .text._GLOBAL__sub_I_autonomous.cpp
                0x00000000038001d0       0x6c build/src/autonomous.o
 .text._ZN5DriveC2Ev
                0x000000000380023c       0xc4 build/src/drive.o
                0x000000000380023c                Drive::Drive()
                0x000000000380023c                Drive::Drive()
 .text._ZN5Drive9leftDriveEd
                0x0000000003800300       0x6c build/src/drive.o
                0x0000000003800300                Drive::leftDrive(double)
 .text._ZN5Drive10rightDriveEd
                0x000000000380036c       0x6c build/src/drive.o
                0x000000000380036c                Drive::rightDrive(double)
 .text._ZN5Drive11arcadeDriveEdd
                0x00000000038003d8       0xe8 build/src/drive.o
                0x00000000038003d8                Drive::arcadeDrive(double, double)
 .text._ZN5Drive4stopEv
                0x00000000038004c0       0x54 build/src/drive.o
                0x00000000038004c0                Drive::stop()
 .text._ZN5Drive12driveForwardEd
                0x0000000003800514       0x24 build/src/drive.o
                0x0000000003800514                Drive::driveForward(double)
 .text._Z13intakeSpinPowd
                0x0000000003800538       0x68 build/src/intakeCat.o
                0x0000000003800538                intakeSpinPow(double)
 .text._Z14rollerSpinOnlyd
                0x00000000038005a0       0x48 build/src/intakeCat.o
                0x00000000038005a0                rollerSpinOnly(double)
 .text._Z9lockStakedd
                0x00000000038005e8       0xc8 build/src/intakeCat.o
                0x00000000038005e8                lockStake(double, double)
 .text._Z11unlockStaked
                0x00000000038006b0       0x40 build/src/intakeCat.o
                0x00000000038006b0                unlockStake(double)
 .text._Z10intakeStopv
                0x00000000038006f0       0x30 build/src/intakeCat.o
                0x00000000038006f0                intakeStop()
 .text._Z13catapultLowerv
                0x0000000003800720       0x60 build/src/intakeCat.o
                0x0000000003800720                catapultLower()
 .text._Z13catapultRaisev
                0x0000000003800780       0x60 build/src/intakeCat.o
                0x0000000003800780                catapultRaise()
 .text._Z12catapultStopv
                0x00000000038007e0       0x24 build/src/intakeCat.o
                0x00000000038007e0                catapultStop()
 *fill*         0x0000000003800804        0x4 
 .text._Z11catapultArmv
                0x0000000003800808       0xf8 build/src/intakeCat.o
                0x0000000003800808                catapultArm()
 .text._Z13catInPosArmedv
                0x0000000003800900       0x40 build/src/intakeCat.o
                0x0000000003800900                catInPosArmed()
 .text._Z14stopAutoArmingv
                0x0000000003800940       0x14 build/src/intakeCat.o
                0x0000000003800940                stopAutoArming()
 *fill*         0x0000000003800954        0x4 
 .text._Z9pre_autonv
                0x0000000003800958      0x1e0 build/src/main.o
                0x0000000003800958                pre_auton()
 .text._Z11usercontrolv
                0x0000000003800b38      0x224 build/src/main.o
                0x0000000003800b38                usercontrol()
 *fill*         0x0000000003800d5c        0x4 
 .text.main     0x0000000003800d60       0xb0 build/src/main.o
                0x0000000003800d60                main
 .text._ZZ11usercontrolvEN3$_08__invokeEv
                0x0000000003800e10       0x58 build/src/main.o
 .text._ZZ11usercontrolvEN3$_18__invokeEv
                0x0000000003800e68       0x48 build/src/main.o
 .text._ZZ11usercontrolvEN3$_28__invokeEv
                0x0000000003800eb0       0x58 build/src/main.o
 .text._ZZ11usercontrolvEN3$_38__invokeEv
                0x0000000003800f08       0x48 build/src/main.o
 .text._ZZ11usercontrolvEN3$_48__invokeEv
                0x0000000003800f50       0x10 build/src/main.o
 .text._ZZ11usercontrolvEN3$_58__invokeEv
                0x0000000003800f60       0x20 build/src/main.o
 .text._ZZ11usercontrolvEN3$_68__invokeEv
                0x0000000003800f80       0x18 build/src/main.o
 .text._ZZ11usercontrolvEN3$_78__invokeEv
                0x0000000003800f98       0x18 build/src/main.o
 .text._ZZ11usercontrolvEN3$_88__invokeEv
                0x0000000003800fb0        0x4 build/src/main.o
 *fill*         0x0000000003800fb4        0x4 
 .text._ZZ11usercontrolvEN3$_98__invokeEv
                0x0000000003800fb8       0x18 build/src/main.o
 .text._ZZ11usercontrolvEN4$_108__invokeEv
                0x0000000003800fd0        0x4 build/src/main.o
 *fill*         0x0000000003800fd4        0x4 
 .text._ZZ11usercontrolvEN4$_118__invokeEv
                0x0000000003800fd8       0x18 build/src/main.o
 .text._ZZ11usercontrolvEN4$_128__invokeEv
                0x0000000003800ff0       0x18 build/src/main.o
 .text._ZZ11usercontrolvEN4$_138__invokeEv
                0x0000000003801008        0x4 build/src/main.o
 .text._ZZ11usercontrolvEN4$_148__invokeEv
                0x000000000380100c        0x4 build/src/main.o
 .text._ZZ11usercontrolvEN4$_158__invokeEv
                0x0000000003801010        0x4 build/src/main.o
 .text._ZZ11usercontrolvEN4$_168__invokeEv
                0x0000000003801014       0x1c build/src/main.o
 .text._ZZ11usercontrolvEN4$_178__invokeEv
                0x0000000003801030        0x4 build/src/main.o
 .text._ZZ11usercontrolvEN4$_188__invokeEv
                0x0000000003801034        0x4 build/src/main.o
 .text._ZZ11usercontrolvEN4$_198__invokeEv
                0x0000000003801038       0x14 build/src/main.o
 .text._ZZ11usercontrolvEN4$_208__invokeEv
                0x000000000380104c        0x4 build/src/main.o
 .text._ZZ11usercontrolvEN4$_218__invokeEv
                0x0000000003801050       0x14 build/src/main.o
 .text._ZN5DriveD2Ev
                0x0000000003801064       0x24 build/src/robot-config.o
                0x0000000003801064                Drive::~Drive()
 .text._GLOBAL__sub_I_robot_config.cpp
                0x0000000003801088      0x600 build/src/robot-config.o
 .text._ZN5StackC2Ev
                0x0000000003801688       0x2c build/src/stack.o
                0x0000000003801688                Stack::Stack()
                0x0000000003801688                Stack::Stack()
 .text._GLOBAL__sub_I_stack.cpp
                0x00000000038016b4       0x34 build/src/stack.o
 .text._ZN5WingsC2Ev
                0x00000000038016e8        0xc build/src/wings.o
                0x00000000038016e8                Wings::Wings()
                0x00000000038016e8                Wings::Wings()
 .text._ZN5Wings9initWingsEv
                0x00000000038016f4       0x44 build/src/wings.o
                0x00000000038016f4                Wings::initWings()
 .text._ZNSt10unique_ptrIN3vex5mutexESt14default_deleteIS1_EED2Ev
                0x0000000003801738       0x30 build/src/utils/unique-thread.o
                0x0000000003801738                std::unique_ptr<vex::mutex, std::default_delete<vex::mutex> >::~unique_ptr()
 .text._GLOBAL__sub_I_unique_thread.cpp
                0x0000000003801768       0x38 build/src/utils/unique-thread.o
 .text.vexMain  0x00000000038017a0       0xb0 /Users/kuanglixian/Library/Application Support/Code/User/globalStorage/vexrobotics.vexcode/sdk/cpp/V5/V5_20240802_15_00_00/vexv5/libv5rt.a(v5_startup.c.obj)
                0x00000000038017a0                vexMain
 .text.__vex_function_prolog
                0x0000000003801850       0x18 /Users/kuanglixian/Library/Application Support/Code/User/globalStorage/vexrobotics.vexcode/sdk/cpp/V5/V5_20240802_15_00_00/vexv5/libv5rt.a(v5_startup.c.obj)
                0x0000000003801850                __vex_function_prolog
 .text._init    0x0000000003801868        0x4 /Users/kuanglixian/Library/Application Support/Code/User/globalStorage/vexrobotics.vexcode/sdk/cpp/V5/V5_20240802_15_00_00/vexv5/libv5rt.a(v5_startup.c.obj)
                0x0000000003801868                _init
 .text._fini    0x000000000380186c        0x4 /Users/kuanglixian/Library/Application Support/Code/User/globalStorage/vexrobotics.vexcode/sdk/cpp/V5/V5_20240802_15_00_00/vexv5/libv5rt.a(v5_startup.c.obj)
                0x000000000380186c                _fini
 .text.vexStdlibVersionLinked
                0x0000000003801870        0xc /Users/kuanglixian/Library/Application Support/Code/User/globalStorage/vexrobotics.vexcode/sdk/cpp/V5/V5_20240802_15_00_00/vexv5/libv5rt.a(v5_util.c.obj)
                0x0000000003801870                vexStdlibVersionLinked
 .text.vexStdlibVersionVerify
                0x000000000380187c       0x30 /Users/kuanglixian/Library/Application Support/Code/User/globalStorage/vexrobotics.vexcode/sdk/cpp/V5/V5_20240802_15_00_00/vexv5/libv5rt.a(v5_util.c.obj)
                0x000000000380187c                vexStdlibVersionVerify
 .text.vexPrivateApiEnable
                0x00000000038018ac       0x10 /Users/kuanglixian/Library/Application Support/Code/User/globalStorage/vexrobotics.vexcode/sdk/cpp/V5/V5_20240802_15_00_00/vexv5/libv5rt.a(v5_apijump.c.obj)
                0x00000000038018ac                vexPrivateApiEnable
 .text.vexStdlibMismatchError
                0x00000000038018bc       0x3c /Users/kuanglixian/Library/Application Support/Code/User/globalStorage/vexrobotics.vexcode/sdk/cpp/V5/V5_20240802_15_00_00/vexv5/libv5rt.a(v5_apijump.c.obj)
                0x00000000038018bc                vexStdlibMismatchError
 .text.vexTaskAdd
                0x00000000038018f8       0x10 /Users/kuanglixian/Library/Application Support/Code/User/globalStorage/vexrobotics.vexcode/sdk/cpp/V5/V5_20240802_15_00_00/vexv5/libv5rt.a(v5_apijump.c.obj)
                0x00000000038018f8                vexTaskAdd
 .text.vexTasksRun
                0x0000000003801908       0x10 /Users/kuanglixian/Library/Application Support/Code/User/globalStorage/vexrobotics.vexcode/sdk/cpp/V5/V5_20240802_15_00_00/vexv5/libv5rt.a(v5_apijump.c.obj)
                0x0000000003801908                vexTasksRun
 .text.vexTaskYield
                0x0000000003801918       0x10 /Users/kuanglixian/Library/Application Support/Code/User/globalStorage/vexrobotics.vexcode/sdk/cpp/V5/V5_20240802_15_00_00/vexv5/libv5rt.a(v5_apijump.c.obj)
                0x0000000003801918                vexTaskYield
 .text.vexTaskCheckTimeslice
                0x0000000003801928       0x10 /Users/kuanglixian/Library/Application Support/Code/User/globalStorage/vexrobotics.vexcode/sdk/cpp/V5/V5_20240802_15_00_00/vexv5/libv5rt.a(v5_apijump.c.obj)
                0x0000000003801928                vexTaskCheckTimeslice
 .text.vexTaskSleep
                0x0000000003801938       0x10 /Users/kuanglixian/Library/Application Support/Code/User/globalStorage/vexrobotics.vexcode/sdk/cpp/V5/V5_20240802_15_00_00/vexv5/libv5rt.a(v5_apijump.c.obj)
                0x0000000003801938                vexTaskSleep
 .text.vexSemaphoreInit
                0x0000000003801948       0x24 /Users/kuanglixian/Library/Application Support/Code/User/globalStorage/vexrobotics.vexcode/sdk/cpp/V5/V5_20240802_15_00_00/vexv5/libv5rt.a(v5_apijump.c.obj)
                0x0000000003801948                vexSemaphoreInit
 .text.vexTasksDump
                0x000000000380196c       0x1c /Users/kuanglixian/Library/Application Support/Code/User/globalStorage/vexrobotics.vexcode/sdk/cpp/V5/V5_20240802_15_00_00/vexv5/libv5rt.a(v5_apijump.c.obj)
                0x000000000380196c                vexTasksDump
 .text.vexTaskGetTaskIndex
                0x0000000003801988       0x10 /Users/kuanglixian/Library/Application Support/Code/User/globalStorage/vexrobotics.vexcode/sdk/cpp/V5/V5_20240802_15_00_00/vexv5/libv5rt.a(v5_apijump.c.obj)
                0x0000000003801988                vexTaskGetTaskIndex
 .text.vexTaskStopAll
                0x0000000003801998       0x10 /Users/kuanglixian/Library/Application Support/Code/User/globalStorage/vexrobotics.vexcode/sdk/cpp/V5/V5_20240802_15_00_00/vexv5/libv5rt.a(v5_apijump.c.obj)
                0x0000000003801998                vexTaskStopAll
 .text.vexTaskRemoveAllUser
                0x00000000038019a8       0x34 /Users/kuanglixian/Library/Application Support/Code/User/globalStorage/vexrobotics.vexcode/sdk/cpp/V5/V5_20240802_15_00_00/vexv5/libv5rt.a(v5_apijump.c.obj)
                0x00000000038019a8                vexTaskRemoveAllUser
 .text.vexTaskCompletionIdSet
                0x00000000038019dc       0x10 /Users/kuanglixian/Library/Application Support/Code/User/globalStorage/vexrobotics.vexcode/sdk/cpp/V5/V5_20240802_15_00_00/vexv5/libv5rt.a(v5_apijump.c.obj)
                0x00000000038019dc                vexTaskCompletionIdSet
 .text.vexTaskStopWithId
                0x00000000038019ec       0x10 /Users/kuanglixian/Library/Application Support/Code/User/globalStorage/vexrobotics.vexcode/sdk/cpp/V5/V5_20240802_15_00_00/vexv5/libv5rt.a(v5_apijump.c.obj)
                0x00000000038019ec                vexTaskStopWithId
 .text.vexCriticalSection
                0x00000000038019fc       0x2c /Users/kuanglixian/Library/Application Support/Code/User/globalStorage/vexrobotics.vexcode/sdk/cpp/V5/V5_20240802_15_00_00/vexv5/libv5rt.a(v5_apijump.c.obj)
                0x00000000038019fc                vexCriticalSection
 .text.vexEventAdd
                0x0000000003801a28       0x34 /Users/kuanglixian/Library/Application Support/Code/User/globalStorage/vexrobotics.vexcode/sdk/cpp/V5/V5_20240802_15_00_00/vexv5/libv5rt.a(v5_apijump.c.obj)
                0x0000000003801a28                vexEventAdd
 .text.vexEventUserIndexGet
                0x0000000003801a5c       0x1c /Users/kuanglixian/Library/Application Support/Code/User/globalStorage/vexrobotics.vexcode/sdk/cpp/V5/V5_20240802_15_00_00/vexv5/libv5rt.a(v5_apijump.c.obj)
                0x0000000003801a5c                vexEventUserIndexGet
 .text.vexEventAddWithArg
                0x0000000003801a78       0x3c /Users/kuanglixian/Library/Application Support/Code/User/globalStorage/vexrobotics.vexcode/sdk/cpp/V5/V5_20240802_15_00_00/vexv5/libv5rt.a(v5_apijump.c.obj)
                0x0000000003801a78                vexEventAddWithArg
 .text.vexEventsCleanup
                0x0000000003801ab4       0x2c /Users/kuanglixian/Library/Application Support/Code/User/globalStorage/vexrobotics.vexcode/sdk/cpp/V5/V5_20240802_15_00_00/vexv5/libv5rt.a(v5_apijump.c.obj)
                0x0000000003801ab4                vexEventsCleanup
 .text.vexDebug
                0x0000000003801ae0       0x38 /Users/kuanglixian/Library/Application Support/Code/User/globalStorage/vexrobotics.vexcode/sdk/cpp/V5/V5_20240802_15_00_00/vexv5/libv5rt.a(v5_apijump.c.obj)
                0x0000000003801ae0                vexDebug
 .text.vex_sprintf
                0x0000000003801b18       0x40 /Users/kuanglixian/Library/Application Support/Code/User/globalStorage/vexrobotics.vexcode/sdk/cpp/V5/V5_20240802_15_00_00/vexv5/libv5rt.a(v5_apijump.c.obj)
                0x0000000003801b18                vex_sprintf
 .text.vex_vsnprintf
                0x0000000003801b58       0x3c /Users/kuanglixian/Library/Application Support/Code/User/globalStorage/vexrobotics.vexcode/sdk/cpp/V5/V5_20240802_15_00_00/vexv5/libv5rt.a(v5_apijump.c.obj)
                0x0000000003801b58                vex_vsnprintf
 .text.vexSystemTimeGet
                0x0000000003801b94       0x1c /Users/kuanglixian/Library/Application Support/Code/User/globalStorage/vexrobotics.vexcode/sdk/cpp/V5/V5_20240802_15_00_00/vexv5/libv5rt.a(v5_apijump.c.obj)
                0x0000000003801b94                vexSystemTimeGet
 .text.vexSystemExitRequest
                0x0000000003801bb0       0x1c /Users/kuanglixian/Library/Application Support/Code/User/globalStorage/vexrobotics.vexcode/sdk/cpp/V5/V5_20240802_15_00_00/vexv5/libv5rt.a(v5_apijump.c.obj)
                0x0000000003801bb0                vexSystemExitRequest
 .text.vexDeviceGetByIndex
                0x0000000003801bcc       0x24 /Users/kuanglixian/Library/Application Support/Code/User/globalStorage/vexrobotics.vexcode/sdk/cpp/V5/V5_20240802_15_00_00/vexv5/libv5rt.a(v5_apijump.c.obj)
                0x0000000003801bcc                vexDeviceGetByIndex
 .text.vexControllerGet
                0x0000000003801bf0       0x2c /Users/kuanglixian/Library/Application Support/Code/User/globalStorage/vexrobotics.vexcode/sdk/cpp/V5/V5_20240802_15_00_00/vexv5/libv5rt.a(v5_apijump.c.obj)
                0x0000000003801bf0                vexControllerGet
 .text.vexControllerTextSet
                0x0000000003801c1c       0x74 /Users/kuanglixian/Library/Application Support/Code/User/globalStorage/vexrobotics.vexcode/sdk/cpp/V5/V5_20240802_15_00_00/vexv5/libv5rt.a(v5_apijump.c.obj)
                0x0000000003801c1c                vexControllerTextSet
 .text.vexDeviceMotorVelocitySet
                0x0000000003801c90       0x2c /Users/kuanglixian/Library/Application Support/Code/User/globalStorage/vexrobotics.vexcode/sdk/cpp/V5/V5_20240802_15_00_00/vexv5/libv5rt.a(v5_apijump.c.obj)
                0x0000000003801c90                vexDeviceMotorVelocitySet
 .text.vexDeviceMotorVelocityGet
                0x0000000003801cbc       0x24 /Users/kuanglixian/Library/Application Support/Code/User/globalStorage/vexrobotics.vexcode/sdk/cpp/V5/V5_20240802_15_00_00/vexv5/libv5rt.a(v5_apijump.c.obj)
                0x0000000003801cbc                vexDeviceMotorVelocityGet
 .text.vexDeviceMotorActualVelocityGet
                0x0000000003801ce0       0x24 /Users/kuanglixian/Library/Application Support/Code/User/globalStorage/vexrobotics.vexcode/sdk/cpp/V5/V5_20240802_15_00_00/vexv5/libv5rt.a(v5_apijump.c.obj)
                0x0000000003801ce0                vexDeviceMotorActualVelocityGet
 .text.vexDeviceMotorModeGet
                0x0000000003801d04       0x24 /Users/kuanglixian/Library/Application Support/Code/User/globalStorage/vexrobotics.vexcode/sdk/cpp/V5/V5_20240802_15_00_00/vexv5/libv5rt.a(v5_apijump.c.obj)
                0x0000000003801d04                vexDeviceMotorModeGet
 .text.vexDeviceMotorCurrentLimitSet
                0x0000000003801d28       0x2c /Users/kuanglixian/Library/Application Support/Code/User/globalStorage/vexrobotics.vexcode/sdk/cpp/V5/V5_20240802_15_00_00/vexv5/libv5rt.a(v5_apijump.c.obj)
                0x0000000003801d28                vexDeviceMotorCurrentLimitSet
 .text.vexDeviceMotorZeroPositionFlagGet
                0x0000000003801d54       0x24 /Users/kuanglixian/Library/Application Support/Code/User/globalStorage/vexrobotics.vexcode/sdk/cpp/V5/V5_20240802_15_00_00/vexv5/libv5rt.a(v5_apijump.c.obj)
                0x0000000003801d54                vexDeviceMotorZeroPositionFlagGet
 .text.vexDeviceMotorReverseFlagSet
                0x0000000003801d78       0x2c /Users/kuanglixian/Library/Application Support/Code/User/globalStorage/vexrobotics.vexcode/sdk/cpp/V5/V5_20240802_15_00_00/vexv5/libv5rt.a(v5_apijump.c.obj)
                0x0000000003801d78                vexDeviceMotorReverseFlagSet
 .text.vexDeviceMotorEncoderUnitsSet
                0x0000000003801da4       0x2c /Users/kuanglixian/Library/Application Support/Code/User/globalStorage/vexrobotics.vexcode/sdk/cpp/V5/V5_20240802_15_00_00/vexv5/libv5rt.a(v5_apijump.c.obj)
                0x0000000003801da4                vexDeviceMotorEncoderUnitsSet
 .text.vexDeviceMotorBrakeModeSet
                0x0000000003801dd0       0x2c /Users/kuanglixian/Library/Application Support/Code/User/globalStorage/vexrobotics.vexcode/sdk/cpp/V5/V5_20240802_15_00_00/vexv5/libv5rt.a(v5_apijump.c.obj)
                0x0000000003801dd0                vexDeviceMotorBrakeModeSet
 .text.vexDeviceMotorPositionSet
                0x0000000003801dfc       0x34 /Users/kuanglixian/Library/Application Support/Code/User/globalStorage/vexrobotics.vexcode/sdk/cpp/V5/V5_20240802_15_00_00/vexv5/libv5rt.a(v5_apijump.c.obj)
                0x0000000003801dfc                vexDeviceMotorPositionSet
 .text.vexDeviceMotorAbsoluteTargetSet
                0x0000000003801e30       0x3c /Users/kuanglixian/Library/Application Support/Code/User/globalStorage/vexrobotics.vexcode/sdk/cpp/V5/V5_20240802_15_00_00/vexv5/libv5rt.a(v5_apijump.c.obj)
                0x0000000003801e30                vexDeviceMotorAbsoluteTargetSet
 .text.vexDeviceMotorGearingSet
                0x0000000003801e6c       0x2c /Users/kuanglixian/Library/Application Support/Code/User/globalStorage/vexrobotics.vexcode/sdk/cpp/V5/V5_20240802_15_00_00/vexv5/libv5rt.a(v5_apijump.c.obj)
                0x0000000003801e6c                vexDeviceMotorGearingSet
 .text.vexDeviceMotorGearingGet
                0x0000000003801e98       0x24 /Users/kuanglixian/Library/Application Support/Code/User/globalStorage/vexrobotics.vexcode/sdk/cpp/V5/V5_20240802_15_00_00/vexv5/libv5rt.a(v5_apijump.c.obj)
                0x0000000003801e98                vexDeviceMotorGearingGet
 .text.vexDeviceImuReset
                0x0000000003801ebc       0x24 /Users/kuanglixian/Library/Application Support/Code/User/globalStorage/vexrobotics.vexcode/sdk/cpp/V5/V5_20240802_15_00_00/vexv5/libv5rt.a(v5_apijump.c.obj)
                0x0000000003801ebc                vexDeviceImuReset
 .text.vexDeviceImuHeadingGet
                0x0000000003801ee0       0x24 /Users/kuanglixian/Library/Application Support/Code/User/globalStorage/vexrobotics.vexcode/sdk/cpp/V5/V5_20240802_15_00_00/vexv5/libv5rt.a(v5_apijump.c.obj)
                0x0000000003801ee0                vexDeviceImuHeadingGet
 .text.vexDeviceImuDegreesGet
                0x0000000003801f04       0x24 /Users/kuanglixian/Library/Application Support/Code/User/globalStorage/vexrobotics.vexcode/sdk/cpp/V5/V5_20240802_15_00_00/vexv5/libv5rt.a(v5_apijump.c.obj)
                0x0000000003801f04                vexDeviceImuDegreesGet
 .text.vexDeviceImuStatusGet
                0x0000000003801f28       0x24 /Users/kuanglixian/Library/Application Support/Code/User/globalStorage/vexrobotics.vexcode/sdk/cpp/V5/V5_20240802_15_00_00/vexv5/libv5rt.a(v5_apijump.c.obj)
                0x0000000003801f28                vexDeviceImuStatusGet
 .text.vexDeviceAbsEncAngleGet
                0x0000000003801f4c       0x24 /Users/kuanglixian/Library/Application Support/Code/User/globalStorage/vexrobotics.vexcode/sdk/cpp/V5/V5_20240802_15_00_00/vexv5/libv5rt.a(v5_apijump.c.obj)
                0x0000000003801f4c                vexDeviceAbsEncAngleGet
 .text.vexDeviceAbsEncReverseFlagSet
                0x0000000003801f70       0x2c /Users/kuanglixian/Library/Application Support/Code/User/globalStorage/vexrobotics.vexcode/sdk/cpp/V5/V5_20240802_15_00_00/vexv5/libv5rt.a(v5_apijump.c.obj)
                0x0000000003801f70                vexDeviceAbsEncReverseFlagSet
 .text.vexDeviceOpticalHueGet
                0x0000000003801f9c       0x24 /Users/kuanglixian/Library/Application Support/Code/User/globalStorage/vexrobotics.vexcode/sdk/cpp/V5/V5_20240802_15_00_00/vexv5/libv5rt.a(v5_apijump.c.obj)
                0x0000000003801f9c                vexDeviceOpticalHueGet
 .text.vexDeviceOpticalLedPwmSet
                0x0000000003801fc0       0x2c /Users/kuanglixian/Library/Application Support/Code/User/globalStorage/vexrobotics.vexcode/sdk/cpp/V5/V5_20240802_15_00_00/vexv5/libv5rt.a(v5_apijump.c.obj)
                0x0000000003801fc0                vexDeviceOpticalLedPwmSet
 .text.vexDeviceOpticalGestureEnable
                0x0000000003801fec       0x24 /Users/kuanglixian/Library/Application Support/Code/User/globalStorage/vexrobotics.vexcode/sdk/cpp/V5/V5_20240802_15_00_00/vexv5/libv5rt.a(v5_apijump.c.obj)
                0x0000000003801fec                vexDeviceOpticalGestureEnable
 .text.vexDeviceOpticalGestureDisable
                0x0000000003802010       0x24 /Users/kuanglixian/Library/Application Support/Code/User/globalStorage/vexrobotics.vexcode/sdk/cpp/V5/V5_20240802_15_00_00/vexv5/libv5rt.a(v5_apijump.c.obj)
                0x0000000003802010                vexDeviceOpticalGestureDisable
 .text.vexDeviceOpticalProximityThreshold
                0x0000000003802034       0x2c /Users/kuanglixian/Library/Application Support/Code/User/globalStorage/vexrobotics.vexcode/sdk/cpp/V5/V5_20240802_15_00_00/vexv5/libv5rt.a(v5_apijump.c.obj)
                0x0000000003802034                vexDeviceOpticalProximityThreshold
 .text.vexDeviceDistanceDistanceGet
                0x0000000003802060       0x24 /Users/kuanglixian/Library/Application Support/Code/User/globalStorage/vexrobotics.vexcode/sdk/cpp/V5/V5_20240802_15_00_00/vexv5/libv5rt.a(v5_apijump.c.obj)
                0x0000000003802060                vexDeviceDistanceDistanceGet
 .text.vexDeviceGpsReset
                0x0000000003802084       0x38 /Users/kuanglixian/Library/Application Support/Code/User/globalStorage/vexrobotics.vexcode/sdk/cpp/V5/V5_20240802_15_00_00/vexv5/libv5rt.a(v5_apijump.c.obj)
                0x0000000003802084                vexDeviceGpsReset
 .text.vexDeviceGpsHeadingGet
                0x00000000038020bc       0x44 /Users/kuanglixian/Library/Application Support/Code/User/globalStorage/vexrobotics.vexcode/sdk/cpp/V5/V5_20240802_15_00_00/vexv5/libv5rt.a(v5_apijump.c.obj)
                0x00000000038020bc                vexDeviceGpsHeadingGet
 .text.vexDeviceGpsDegreesGet
                0x0000000003802100       0x44 /Users/kuanglixian/Library/Application Support/Code/User/globalStorage/vexrobotics.vexcode/sdk/cpp/V5/V5_20240802_15_00_00/vexv5/libv5rt.a(v5_apijump.c.obj)
                0x0000000003802100                vexDeviceGpsDegreesGet
 .text.vexDeviceGpsStatusGet
                0x0000000003802144       0x40 /Users/kuanglixian/Library/Application Support/Code/User/globalStorage/vexrobotics.vexcode/sdk/cpp/V5/V5_20240802_15_00_00/vexv5/libv5rt.a(v5_apijump.c.obj)
                0x0000000003802144                vexDeviceGpsStatusGet
 .text.vexDeviceGpsModeSet
                0x0000000003802184       0x40 /Users/kuanglixian/Library/Application Support/Code/User/globalStorage/vexrobotics.vexcode/sdk/cpp/V5/V5_20240802_15_00_00/vexv5/libv5rt.a(v5_apijump.c.obj)
                0x0000000003802184                vexDeviceGpsModeSet
 .text.vexDeviceGpsOriginSet
                0x00000000038021c4       0x50 /Users/kuanglixian/Library/Application Support/Code/User/globalStorage/vexrobotics.vexcode/sdk/cpp/V5/V5_20240802_15_00_00/vexv5/libv5rt.a(v5_apijump.c.obj)
                0x00000000038021c4                vexDeviceGpsOriginSet
 .text.vexDeviceGpsRotationSet
                0x0000000003802214       0x48 /Users/kuanglixian/Library/Application Support/Code/User/globalStorage/vexrobotics.vexcode/sdk/cpp/V5/V5_20240802_15_00_00/vexv5/libv5rt.a(v5_apijump.c.obj)
                0x0000000003802214                vexDeviceGpsRotationSet
 .text.vexDeviceGpsRotationGet
                0x000000000380225c       0x44 /Users/kuanglixian/Library/Application Support/Code/User/globalStorage/vexrobotics.vexcode/sdk/cpp/V5/V5_20240802_15_00_00/vexv5/libv5rt.a(v5_apijump.c.obj)
                0x000000000380225c                vexDeviceGpsRotationGet
 .text.vexDeviceAiVisionModeSet
                0x00000000038022a0       0x40 /Users/kuanglixian/Library/Application Support/Code/User/globalStorage/vexrobotics.vexcode/sdk/cpp/V5/V5_20240802_15_00_00/vexv5/libv5rt.a(v5_apijump.c.obj)
                0x00000000038022a0                vexDeviceAiVisionModeSet
 .text.vexDeviceAiVisionColorSet
                0x00000000038022e0       0x40 /Users/kuanglixian/Library/Application Support/Code/User/globalStorage/vexrobotics.vexcode/sdk/cpp/V5/V5_20240802_15_00_00/vexv5/libv5rt.a(v5_apijump.c.obj)
                0x00000000038022e0                vexDeviceAiVisionColorSet
 .text.vexDeviceAiVisionStatusGet
                0x0000000003802320       0x40 /Users/kuanglixian/Library/Application Support/Code/User/globalStorage/vexrobotics.vexcode/sdk/cpp/V5/V5_20240802_15_00_00/vexv5/libv5rt.a(v5_apijump.c.obj)
                0x0000000003802320                vexDeviceAiVisionStatusGet
 .text.vexDisplayForegroundColor
                0x0000000003802360       0x24 /Users/kuanglixian/Library/Application Support/Code/User/globalStorage/vexrobotics.vexcode/sdk/cpp/V5/V5_20240802_15_00_00/vexv5/libv5rt.a(v5_apijump.c.obj)
                0x0000000003802360                vexDisplayForegroundColor
 .text.vexDisplayBackgroundColor
                0x0000000003802384       0x24 /Users/kuanglixian/Library/Application Support/Code/User/globalStorage/vexrobotics.vexcode/sdk/cpp/V5/V5_20240802_15_00_00/vexv5/libv5rt.a(v5_apijump.c.obj)
                0x0000000003802384                vexDisplayBackgroundColor
 .text.vexDisplayBackgroundColorGet
                0x00000000038023a8       0x1c /Users/kuanglixian/Library/Application Support/Code/User/globalStorage/vexrobotics.vexcode/sdk/cpp/V5/V5_20240802_15_00_00/vexv5/libv5rt.a(v5_apijump.c.obj)
                0x00000000038023a8                vexDisplayBackgroundColorGet
 .text.vexDisplayRectClear
                0x00000000038023c4       0x4c /Users/kuanglixian/Library/Application Support/Code/User/globalStorage/vexrobotics.vexcode/sdk/cpp/V5/V5_20240802_15_00_00/vexv5/libv5rt.a(v5_apijump.c.obj)
                0x00000000038023c4                vexDisplayRectClear
 .text.vexDisplayTextReference
                0x0000000003802410       0x24 /Users/kuanglixian/Library/Application Support/Code/User/globalStorage/vexrobotics.vexcode/sdk/cpp/V5/V5_20240802_15_00_00/vexv5/libv5rt.a(v5_apijump.c.obj)
                0x0000000003802410                vexDisplayTextReference
 .text.vexDisplayTextSize
                0x0000000003802434       0x2c /Users/kuanglixian/Library/Application Support/Code/User/globalStorage/vexrobotics.vexcode/sdk/cpp/V5/V5_20240802_15_00_00/vexv5/libv5rt.a(v5_apijump.c.obj)
                0x0000000003802434                vexDisplayTextSize
 .text.vexDisplayFontNamedSet
                0x0000000003802460       0x24 /Users/kuanglixian/Library/Application Support/Code/User/globalStorage/vexrobotics.vexcode/sdk/cpp/V5/V5_20240802_15_00_00/vexv5/libv5rt.a(v5_apijump.c.obj)
                0x0000000003802460                vexDisplayFontNamedSet
 .text.vexSystemStdlibImpureDataAddr
                0x0000000003802484       0x28 /Users/kuanglixian/Library/Application Support/Code/User/globalStorage/vexrobotics.vexcode/sdk/cpp/V5/V5_20240802_15_00_00/vexv5/libv5rt.a(v5_apijump.c.obj)
                0x0000000003802484                vexSystemStdlibImpureDataAddr
 .text.vexSystemStdlibImpureDataSize
                0x00000000038024ac       0x28 /Users/kuanglixian/Library/Application Support/Code/User/globalStorage/vexrobotics.vexcode/sdk/cpp/V5/V5_20240802_15_00_00/vexv5/libv5rt.a(v5_apijump.c.obj)
                0x00000000038024ac                vexSystemStdlibImpureDataSize
 .text.vexSystemSaveUserData
                0x00000000038024d4       0x3c /Users/kuanglixian/Library/Application Support/Code/User/globalStorage/vexrobotics.vexcode/sdk/cpp/V5/V5_20240802_15_00_00/vexv5/libv5rt.a(v5_apijump.c.obj)
                0x00000000038024d4                vexSystemSaveUserData
 .text.vexDisplayThemeIdGet
                0x0000000003802510       0x38 /Users/kuanglixian/Library/Application Support/Code/User/globalStorage/vexrobotics.vexcode/sdk/cpp/V5/V5_20240802_15_00_00/vexv5/libv5rt.a(v5_apijump.c.obj)
                0x0000000003802510                vexDisplayThemeIdGet
 .text.vexDeviceEventMaskSet
                0x0000000003802548       0x48 /Users/kuanglixian/Library/Application Support/Code/User/globalStorage/vexrobotics.vexcode/sdk/cpp/V5/V5_20240802_15_00_00/vexv5/libv5rt.a(v5_apijump.c.obj)
                0x0000000003802548                vexDeviceEventMaskSet
 .text.vexDeviceEventMaskGet
                0x0000000003802590       0x3c /Users/kuanglixian/Library/Application Support/Code/User/globalStorage/vexrobotics.vexcode/sdk/cpp/V5/V5_20240802_15_00_00/vexv5/libv5rt.a(v5_apijump.c.obj)
                0x0000000003802590                vexDeviceEventMaskGet
 .text.vexSystemVersion
                0x00000000038025cc       0x10 /Users/kuanglixian/Library/Application Support/Code/User/globalStorage/vexrobotics.vexcode/sdk/cpp/V5/V5_20240802_15_00_00/vexv5/libv5rt.a(v5_apiversions.c.obj)
                0x00000000038025cc                vexSystemVersion
 .text.vexStdlibVersion
                0x00000000038025dc       0x10 /Users/kuanglixian/Library/Application Support/Code/User/globalStorage/vexrobotics.vexcode/sdk/cpp/V5/V5_20240802_15_00_00/vexv5/libv5rt.a(v5_apiversions.c.obj)
                0x00000000038025dc                vexStdlibVersion
 *fill*         0x00000000038025ec        0x4 
 .text._ZN3vex4waitEdNS_9timeUnitsE
                0x00000000038025f0       0x30 /Users/kuanglixian/Library/Application Support/Code/User/globalStorage/vexrobotics.vexcode/sdk/cpp/V5/V5_20240802_15_00_00/vexv5/libv5rt.a(vex_global.cpp.obj)
                0x00000000038025f0                vex::wait(double, vex::timeUnits)
 .text._ZN3vex5motorD2Ev
                0x0000000003802620       0x20 /Users/kuanglixian/Library/Application Support/Code/User/globalStorage/vexrobotics.vexcode/sdk/cpp/V5/V5_20240802_15_00_00/vexv5/libv5rt.a(vex_motor.cpp.obj)
                0x0000000003802620                vex::motor::~motor()
                0x0000000003802620                vex::motor::~motor()
 .text._ZN3vex5motorD0Ev
                0x0000000003802640       0x1c /Users/kuanglixian/Library/Application Support/Code/User/globalStorage/vexrobotics.vexcode/sdk/cpp/V5/V5_20240802_15_00_00/vexv5/libv5rt.a(vex_motor.cpp.obj)
                0x0000000003802640                vex::motor::~motor()
 .text._ZN3vex5motor9installedEv
                0x000000000380265c       0x18 /Users/kuanglixian/Library/Application Support/Code/User/globalStorage/vexrobotics.vexcode/sdk/cpp/V5/V5_20240802_15_00_00/vexv5/libv5rt.a(vex_motor.cpp.obj)
                0x000000000380265c                vex::motor::installed()
 .text._ZN3vex5motor15defaultStoppingENS_9brakeTypeE
                0x0000000003802674       0x30 /Users/kuanglixian/Library/Application Support/Code/User/globalStorage/vexrobotics.vexcode/sdk/cpp/V5/V5_20240802_15_00_00/vexv5/libv5rt.a(vex_motor.cpp.obj)
                0x0000000003802674                vex::motor::defaultStopping(vex::brakeType)
 .text._ZN3vex5motor11setStoppingENS_9brakeTypeE
                0x00000000038026a4        0x4 /Users/kuanglixian/Library/Application Support/Code/User/globalStorage/vexrobotics.vexcode/sdk/cpp/V5/V5_20240802_15_00_00/vexv5/libv5rt.a(vex_motor.cpp.obj)
                0x00000000038026a4                vex::motor::setStopping(vex::brakeType)
 .text._ZN3vex5motorC2El
                0x00000000038026a8       0x78 /Users/kuanglixian/Library/Application Support/Code/User/globalStorage/vexrobotics.vexcode/sdk/cpp/V5/V5_20240802_15_00_00/vexv5/libv5rt.a(vex_motor.cpp.obj)
                0x00000000038026a8                vex::motor::motor(long)
                0x00000000038026a8                vex::motor::motor(long)
 .text._ZN3vex5motorC2ElNS_11gearSettingEb
                0x0000000003802720       0x34 /Users/kuanglixian/Library/Application Support/Code/User/globalStorage/vexrobotics.vexcode/sdk/cpp/V5/V5_20240802_15_00_00/vexv5/libv5rt.a(vex_motor.cpp.obj)
                0x0000000003802720                vex::motor::motor(long, vex::gearSetting, bool)
                0x0000000003802720                vex::motor::motor(long, vex::gearSetting, bool)
 .text._ZN3vex5motor14isSpinningModeEv
                0x0000000003802754       0x48 /Users/kuanglixian/Library/Application Support/Code/User/globalStorage/vexrobotics.vexcode/sdk/cpp/V5/V5_20240802_15_00_00/vexv5/libv5rt.a(vex_motor.cpp.obj)
                0x0000000003802754                vex::motor::isSpinningMode()
 .text._ZN3vex5motor4stopENS_9brakeTypeE
                0x000000000380279c       0x30 /Users/kuanglixian/Library/Application Support/Code/User/globalStorage/vexrobotics.vexcode/sdk/cpp/V5/V5_20240802_15_00_00/vexv5/libv5rt.a(vex_motor.cpp.obj)
                0x000000000380279c                vex::motor::stop(vex::brakeType)
 .text._ZN3vex5motor4stopEv
                0x00000000038027cc        0x8 /Users/kuanglixian/Library/Application Support/Code/User/globalStorage/vexrobotics.vexcode/sdk/cpp/V5/V5_20240802_15_00_00/vexv5/libv5rt.a(vex_motor.cpp.obj)
                0x00000000038027cc                vex::motor::stop()
 *fill*         0x00000000038027d4        0x4 
 .text._ZN3vex5motor12setMaxTorqueEdNS_12currentUnitsE
                0x00000000038027d8       0x28 /Users/kuanglixian/Library/Application Support/Code/User/globalStorage/vexrobotics.vexcode/sdk/cpp/V5/V5_20240802_15_00_00/vexv5/libv5rt.a(vex_motor.cpp.obj)
                0x00000000038027d8                vex::motor::setMaxTorque(double, vex::currentUnits)
 .text._ZN3vex5motor16velocityToScaledEdNS_13velocityUnitsE
                0x0000000003802800       0x5c /Users/kuanglixian/Library/Application Support/Code/User/globalStorage/vexrobotics.vexcode/sdk/cpp/V5/V5_20240802_15_00_00/vexv5/libv5rt.a(vex_motor.cpp.obj)
                0x0000000003802800                vex::motor::velocityToScaled(double, vex::velocityUnits)
 .text._ZN3vex5motor8velocityENS_13velocityUnitsE
                0x000000000380285c       0x30 /Users/kuanglixian/Library/Application Support/Code/User/globalStorage/vexrobotics.vexcode/sdk/cpp/V5/V5_20240802_15_00_00/vexv5/libv5rt.a(vex_motor.cpp.obj)
                0x000000000380285c                vex::motor::velocity(vex::velocityUnits)
 .text._ZN3vex5motor5valueEv
                0x000000000380288c       0x1c /Users/kuanglixian/Library/Application Support/Code/User/globalStorage/vexrobotics.vexcode/sdk/cpp/V5/V5_20240802_15_00_00/vexv5/libv5rt.a(vex_motor.cpp.obj)
                0x000000000380288c                vex::motor::value()
 .text._ZN3vex5motor16scaledToVelocityEdNS_13velocityUnitsE
                0x00000000038028a8       0xa4 /Users/kuanglixian/Library/Application Support/Code/User/globalStorage/vexrobotics.vexcode/sdk/cpp/V5/V5_20240802_15_00_00/vexv5/libv5rt.a(vex_motor.cpp.obj)
                0x00000000038028a8                vex::motor::scaledToVelocity(double, vex::velocityUnits)
 .text._ZN3vex5motor4spinENS_13directionTypeEdNS_13velocityUnitsE
                0x000000000380294c       0x5c /Users/kuanglixian/Library/Application Support/Code/User/globalStorage/vexrobotics.vexcode/sdk/cpp/V5/V5_20240802_15_00_00/vexv5/libv5rt.a(vex_motor.cpp.obj)
                0x000000000380294c                vex::motor::spin(vex::directionType, double, vex::velocityUnits)
 .text._ZN3vex5motor16setRotationUnitsENS_13rotationUnitsE
                0x00000000038029a8       0x1c /Users/kuanglixian/Library/Application Support/Code/User/globalStorage/vexrobotics.vexcode/sdk/cpp/V5/V5_20240802_15_00_00/vexv5/libv5rt.a(vex_motor.cpp.obj)
                0x00000000038029a8                vex::motor::setRotationUnits(vex::rotationUnits)
 .text._ZN3vex5motor11setPositionEdNS_13rotationUnitsE
                0x00000000038029c4       0x44 /Users/kuanglixian/Library/Application Support/Code/User/globalStorage/vexrobotics.vexcode/sdk/cpp/V5/V5_20240802_15_00_00/vexv5/libv5rt.a(vex_motor.cpp.obj)
                0x00000000038029c4                vex::motor::setPosition(double, vex::rotationUnits)
 .text._ZN3vex5motor13resetPositionEv
                0x0000000003802a08       0x20 /Users/kuanglixian/Library/Application Support/Code/User/globalStorage/vexrobotics.vexcode/sdk/cpp/V5/V5_20240802_15_00_00/vexv5/libv5rt.a(vex_motor.cpp.obj)
                0x0000000003802a08                vex::motor::resetPosition()
 .text._ZN3vex5motor6spinToEdNS_13rotationUnitsEdNS_13velocityUnitsEb
                0x0000000003802a28       0xe0 /Users/kuanglixian/Library/Application Support/Code/User/globalStorage/vexrobotics.vexcode/sdk/cpp/V5/V5_20240802_15_00_00/vexv5/libv5rt.a(vex_motor.cpp.obj)
                0x0000000003802a28                vex::motor::spinTo(double, vex::rotationUnits, double, vex::velocityUnits, bool)
 .text._ZN3vex5motor14spinToPositionEdNS_13rotationUnitsEb
                0x0000000003802b08       0x34 /Users/kuanglixian/Library/Application Support/Code/User/globalStorage/vexrobotics.vexcode/sdk/cpp/V5/V5_20240802_15_00_00/vexv5/libv5rt.a(vex_motor.cpp.obj)
                0x0000000003802b08                vex::motor::spinToPosition(double, vex::rotationUnits, bool)
 .text._ZN3vex8inertial11getTurnTypeEv
                0x0000000003802b3c        0x8 /Users/kuanglixian/Library/Application Support/Code/User/globalStorage/vexrobotics.vexcode/sdk/cpp/V5/V5_20240802_15_00_00/vexv5/libv5rt.a(vex_imu.cpp.obj)
                0x0000000003802b3c                vex::inertial::getTurnType()
 .text._ZThn16_N3vex8inertial11getTurnTypeEv
                0x0000000003802b44        0x8 /Users/kuanglixian/Library/Application Support/Code/User/globalStorage/vexrobotics.vexcode/sdk/cpp/V5/V5_20240802_15_00_00/vexv5/libv5rt.a(vex_imu.cpp.obj)
                0x0000000003802b44                non-virtual thunk to vex::inertial::getTurnType()
 *fill*         0x0000000003802b4c        0x4 
 .text._ZN3vex8inertial10setHeadingEdNS_13rotationUnitsE
                0x0000000003802b50       0x58 /Users/kuanglixian/Library/Application Support/Code/User/globalStorage/vexrobotics.vexcode/sdk/cpp/V5/V5_20240802_15_00_00/vexv5/libv5rt.a(vex_imu.cpp.obj)
                0x0000000003802b50                vex::inertial::setHeading(double, vex::rotationUnits)
 .text._ZThn16_N3vex8inertial10setHeadingEdNS_13rotationUnitsE
                0x0000000003802ba8        0x8 /Users/kuanglixian/Library/Application Support/Code/User/globalStorage/vexrobotics.vexcode/sdk/cpp/V5/V5_20240802_15_00_00/vexv5/libv5rt.a(vex_imu.cpp.obj)
                0x0000000003802ba8                non-virtual thunk to vex::inertial::setHeading(double, vex::rotationUnits)
 .text._ZN3vex8inertial11setRotationEdNS_13rotationUnitsE
                0x0000000003802bb0       0x58 /Users/kuanglixian/Library/Application Support/Code/User/globalStorage/vexrobotics.vexcode/sdk/cpp/V5/V5_20240802_15_00_00/vexv5/libv5rt.a(vex_imu.cpp.obj)
                0x0000000003802bb0                vex::inertial::setRotation(double, vex::rotationUnits)
 .text._ZThn16_N3vex8inertial11setRotationEdNS_13rotationUnitsE
                0x0000000003802c08        0x8 /Users/kuanglixian/Library/Application Support/Code/User/globalStorage/vexrobotics.vexcode/sdk/cpp/V5/V5_20240802_15_00_00/vexv5/libv5rt.a(vex_imu.cpp.obj)
                0x0000000003802c08                non-virtual thunk to vex::inertial::setRotation(double, vex::rotationUnits)
 .text._ZN3vex8inertialD2Ev
                0x0000000003802c10       0x20 /Users/kuanglixian/Library/Application Support/Code/User/globalStorage/vexrobotics.vexcode/sdk/cpp/V5/V5_20240802_15_00_00/vexv5/libv5rt.a(vex_imu.cpp.obj)
                0x0000000003802c10                vex::inertial::~inertial()
                0x0000000003802c10                vex::inertial::~inertial()
 .text._ZThn16_N3vex8inertialD1Ev
                0x0000000003802c30        0x8 /Users/kuanglixian/Library/Application Support/Code/User/globalStorage/vexrobotics.vexcode/sdk/cpp/V5/V5_20240802_15_00_00/vexv5/libv5rt.a(vex_imu.cpp.obj)
                0x0000000003802c30                non-virtual thunk to vex::inertial::~inertial()
 .text._ZN3vex8inertialD0Ev
                0x0000000003802c38       0x1c /Users/kuanglixian/Library/Application Support/Code/User/globalStorage/vexrobotics.vexcode/sdk/cpp/V5/V5_20240802_15_00_00/vexv5/libv5rt.a(vex_imu.cpp.obj)
                0x0000000003802c38                vex::inertial::~inertial()
 .text._ZThn16_N3vex8inertialD0Ev
                0x0000000003802c54        0x8 /Users/kuanglixian/Library/Application Support/Code/User/globalStorage/vexrobotics.vexcode/sdk/cpp/V5/V5_20240802_15_00_00/vexv5/libv5rt.a(vex_imu.cpp.obj)
                0x0000000003802c54                non-virtual thunk to vex::inertial::~inertial()
 .text._ZN3vex8inertial9installedEv
                0x0000000003802c5c       0x18 /Users/kuanglixian/Library/Application Support/Code/User/globalStorage/vexrobotics.vexcode/sdk/cpp/V5/V5_20240802_15_00_00/vexv5/libv5rt.a(vex_imu.cpp.obj)
                0x0000000003802c5c                vex::inertial::installed()
 .text._ZN3vex8inertial5angleENS_13rotationUnitsE
                0x0000000003802c74       0x6c /Users/kuanglixian/Library/Application Support/Code/User/globalStorage/vexrobotics.vexcode/sdk/cpp/V5/V5_20240802_15_00_00/vexv5/libv5rt.a(vex_imu.cpp.obj)
                0x0000000003802c74                vex::inertial::angle(vex::rotationUnits)
 .text._ZThn16_N3vex8inertial5angleENS_13rotationUnitsE
                0x0000000003802ce0        0x8 /Users/kuanglixian/Library/Application Support/Code/User/globalStorage/vexrobotics.vexcode/sdk/cpp/V5/V5_20240802_15_00_00/vexv5/libv5rt.a(vex_imu.cpp.obj)
                0x0000000003802ce0                non-virtual thunk to vex::inertial::angle(vex::rotationUnits)
 .text._ZN3vex8inertial7headingENS_13rotationUnitsE
                0x0000000003802ce8        0x4 /Users/kuanglixian/Library/Application Support/Code/User/globalStorage/vexrobotics.vexcode/sdk/cpp/V5/V5_20240802_15_00_00/vexv5/libv5rt.a(vex_imu.cpp.obj)
                0x0000000003802ce8                vex::inertial::heading(vex::rotationUnits)
 .text._ZThn16_N3vex8inertial7headingENS_13rotationUnitsE
                0x0000000003802cec        0x8 /Users/kuanglixian/Library/Application Support/Code/User/globalStorage/vexrobotics.vexcode/sdk/cpp/V5/V5_20240802_15_00_00/vexv5/libv5rt.a(vex_imu.cpp.obj)
                0x0000000003802cec                non-virtual thunk to vex::inertial::heading(vex::rotationUnits)
 .text._ZN3vex8inertial5valueEv
                0x0000000003802cf4       0x1c /Users/kuanglixian/Library/Application Support/Code/User/globalStorage/vexrobotics.vexcode/sdk/cpp/V5/V5_20240802_15_00_00/vexv5/libv5rt.a(vex_imu.cpp.obj)
                0x0000000003802cf4                vex::inertial::value()
 .text._ZN3vex8inertial8rotationENS_13rotationUnitsE
                0x0000000003802d10       0x48 /Users/kuanglixian/Library/Application Support/Code/User/globalStorage/vexrobotics.vexcode/sdk/cpp/V5/V5_20240802_15_00_00/vexv5/libv5rt.a(vex_imu.cpp.obj)
                0x0000000003802d10                vex::inertial::rotation(vex::rotationUnits)
 .text._ZThn16_N3vex8inertial8rotationENS_13rotationUnitsE
                0x0000000003802d58        0x8 /Users/kuanglixian/Library/Application Support/Code/User/globalStorage/vexrobotics.vexcode/sdk/cpp/V5/V5_20240802_15_00_00/vexv5/libv5rt.a(vex_imu.cpp.obj)
                0x0000000003802d58                non-virtual thunk to vex::inertial::rotation(vex::rotationUnits)
 .text._ZN3vex8inertial13isCalibratingEv
                0x0000000003802d60       0x38 /Users/kuanglixian/Library/Application Support/Code/User/globalStorage/vexrobotics.vexcode/sdk/cpp/V5/V5_20240802_15_00_00/vexv5/libv5rt.a(vex_imu.cpp.obj)
                0x0000000003802d60                vex::inertial::isCalibrating()
 .text._ZThn16_N3vex8inertial13isCalibratingEv
                0x0000000003802d98        0x8 /Users/kuanglixian/Library/Application Support/Code/User/globalStorage/vexrobotics.vexcode/sdk/cpp/V5/V5_20240802_15_00_00/vexv5/libv5rt.a(vex_imu.cpp.obj)
                0x0000000003802d98                non-virtual thunk to vex::inertial::isCalibrating()
 .text._ZN3vex8inertialC2ElNS_8turnTypeE
                0x0000000003802da0       0x4c /Users/kuanglixian/Library/Application Support/Code/User/globalStorage/vexrobotics.vexcode/sdk/cpp/V5/V5_20240802_15_00_00/vexv5/libv5rt.a(vex_imu.cpp.obj)
                0x0000000003802da0                vex::inertial::inertial(long, vex::turnType)
                0x0000000003802da0                vex::inertial::inertial(long, vex::turnType)
 .text._ZN3vex8inertial16startCalibrationEl
                0x0000000003802dec       0x20 /Users/kuanglixian/Library/Application Support/Code/User/globalStorage/vexrobotics.vexcode/sdk/cpp/V5/V5_20240802_15_00_00/vexv5/libv5rt.a(vex_imu.cpp.obj)
                0x0000000003802dec                vex::inertial::startCalibration(long)
 .text._ZN3vex8inertial9calibrateEl
                0x0000000003802e0c        0xc /Users/kuanglixian/Library/Application Support/Code/User/globalStorage/vexrobotics.vexcode/sdk/cpp/V5/V5_20240802_15_00_00/vexv5/libv5rt.a(vex_imu.cpp.obj)
                0x0000000003802e0c                vex::inertial::calibrate(long)
                0x0000000003802e10                non-virtual thunk to vex::inertial::calibrate(long)
 .text._ZN3vex8rotationD2Ev
                0x0000000003802e18       0x20 /Users/kuanglixian/Library/Application Support/Code/User/globalStorage/vexrobotics.vexcode/sdk/cpp/V5/V5_20240802_15_00_00/vexv5/libv5rt.a(vex_rotation.cpp.obj)
                0x0000000003802e18                vex::rotation::~rotation()
                0x0000000003802e18                vex::rotation::~rotation()
 .text._ZN3vex8rotationD0Ev
                0x0000000003802e38       0x1c /Users/kuanglixian/Library/Application Support/Code/User/globalStorage/vexrobotics.vexcode/sdk/cpp/V5/V5_20240802_15_00_00/vexv5/libv5rt.a(vex_rotation.cpp.obj)
                0x0000000003802e38                vex::rotation::~rotation()
 .text._ZN3vex8rotation9installedEv
                0x0000000003802e54       0x18 /Users/kuanglixian/Library/Application Support/Code/User/globalStorage/vexrobotics.vexcode/sdk/cpp/V5/V5_20240802_15_00_00/vexv5/libv5rt.a(vex_rotation.cpp.obj)
                0x0000000003802e54                vex::rotation::installed()
 .text._ZN3vex8rotation5valueEv
                0x0000000003802e6c        0x8 /Users/kuanglixian/Library/Application Support/Code/User/globalStorage/vexrobotics.vexcode/sdk/cpp/V5/V5_20240802_15_00_00/vexv5/libv5rt.a(vex_rotation.cpp.obj)
                0x0000000003802e6c                vex::rotation::value()
 .text._ZN3vex8rotationC2Elb
                0x0000000003802e74       0x30 /Users/kuanglixian/Library/Application Support/Code/User/globalStorage/vexrobotics.vexcode/sdk/cpp/V5/V5_20240802_15_00_00/vexv5/libv5rt.a(vex_rotation.cpp.obj)
                0x0000000003802e74                vex::rotation::rotation(long, bool)
                0x0000000003802e74                vex::rotation::rotation(long, bool)
 *fill*         0x0000000003802ea4        0x4 
 .text._ZN3vex8rotation5angleENS_13rotationUnitsE
                0x0000000003802ea8       0x50 /Users/kuanglixian/Library/Application Support/Code/User/globalStorage/vexrobotics.vexcode/sdk/cpp/V5/V5_20240802_15_00_00/vexv5/libv5rt.a(vex_rotation.cpp.obj)
                0x0000000003802ea8                vex::rotation::angle(vex::rotationUnits)
 .text._ZN3vex7opticalD2Ev
                0x0000000003802ef8       0x20 /Users/kuanglixian/Library/Application Support/Code/User/globalStorage/vexrobotics.vexcode/sdk/cpp/V5/V5_20240802_15_00_00/vexv5/libv5rt.a(vex_optical.cpp.obj)
                0x0000000003802ef8                vex::optical::~optical()
                0x0000000003802ef8                vex::optical::~optical()
 .text._ZN3vex7opticalD0Ev
                0x0000000003802f18       0x1c /Users/kuanglixian/Library/Application Support/Code/User/globalStorage/vexrobotics.vexcode/sdk/cpp/V5/V5_20240802_15_00_00/vexv5/libv5rt.a(vex_optical.cpp.obj)
                0x0000000003802f18                vex::optical::~optical()
 .text._ZN3vex7optical9installedEv
                0x0000000003802f34       0x18 /Users/kuanglixian/Library/Application Support/Code/User/globalStorage/vexrobotics.vexcode/sdk/cpp/V5/V5_20240802_15_00_00/vexv5/libv5rt.a(vex_optical.cpp.obj)
                0x0000000003802f34                vex::optical::installed()
 .text._ZN3vex7optical3hueEv
                0x0000000003802f4c        0x8 /Users/kuanglixian/Library/Application Support/Code/User/globalStorage/vexrobotics.vexcode/sdk/cpp/V5/V5_20240802_15_00_00/vexv5/libv5rt.a(vex_optical.cpp.obj)
                0x0000000003802f4c                vex::optical::hue()
 .text._ZN3vex7optical5valueEv
                0x0000000003802f54       0x18 /Users/kuanglixian/Library/Application Support/Code/User/globalStorage/vexrobotics.vexcode/sdk/cpp/V5/V5_20240802_15_00_00/vexv5/libv5rt.a(vex_optical.cpp.obj)
                0x0000000003802f54                vex::optical::value()
 .text._ZN3vex7optical13setLightPowerElNS_12percentUnitsE
                0x0000000003802f6c       0x2c /Users/kuanglixian/Library/Application Support/Code/User/globalStorage/vexrobotics.vexcode/sdk/cpp/V5/V5_20240802_15_00_00/vexv5/libv5rt.a(vex_optical.cpp.obj)
                0x0000000003802f6c                vex::optical::setLightPower(long, vex::percentUnits)
 .text._ZN3vex7optical13gestureEnableEv
                0x0000000003802f98        0x8 /Users/kuanglixian/Library/Application Support/Code/User/globalStorage/vexrobotics.vexcode/sdk/cpp/V5/V5_20240802_15_00_00/vexv5/libv5rt.a(vex_optical.cpp.obj)
                0x0000000003802f98                vex::optical::gestureEnable()
 .text._ZN3vex7optical14gestureDisableEv
                0x0000000003802fa0        0x8 /Users/kuanglixian/Library/Application Support/Code/User/globalStorage/vexrobotics.vexcode/sdk/cpp/V5/V5_20240802_15_00_00/vexv5/libv5rt.a(vex_optical.cpp.obj)
                0x0000000003802fa0                vex::optical::gestureDisable()
 .text._ZN3vex7opticalC2Elb
                0x0000000003802fa8       0x54 /Users/kuanglixian/Library/Application Support/Code/User/globalStorage/vexrobotics.vexcode/sdk/cpp/V5/V5_20240802_15_00_00/vexv5/libv5rt.a(vex_optical.cpp.obj)
                0x0000000003802fa8                vex::optical::optical(long, bool)
                0x0000000003802fa8                vex::optical::optical(long, bool)
 .text._ZN3vex8distanceD2Ev
                0x0000000003802ffc       0x20 /Users/kuanglixian/Library/Application Support/Code/User/globalStorage/vexrobotics.vexcode/sdk/cpp/V5/V5_20240802_15_00_00/vexv5/libv5rt.a(vex_distance.cpp.obj)
                0x0000000003802ffc                vex::distance::~distance()
                0x0000000003802ffc                vex::distance::~distance()
 .text._ZN3vex8distanceD0Ev
                0x000000000380301c       0x1c /Users/kuanglixian/Library/Application Support/Code/User/globalStorage/vexrobotics.vexcode/sdk/cpp/V5/V5_20240802_15_00_00/vexv5/libv5rt.a(vex_distance.cpp.obj)
                0x000000000380301c                vex::distance::~distance()
 .text._ZN3vex8distance9installedEv
                0x0000000003803038       0x18 /Users/kuanglixian/Library/Application Support/Code/User/globalStorage/vexrobotics.vexcode/sdk/cpp/V5/V5_20240802_15_00_00/vexv5/libv5rt.a(vex_distance.cpp.obj)
                0x0000000003803038                vex::distance::installed()
 .text._ZN3vex8distance5valueEv
                0x0000000003803050        0x8 /Users/kuanglixian/Library/Application Support/Code/User/globalStorage/vexrobotics.vexcode/sdk/cpp/V5/V5_20240802_15_00_00/vexv5/libv5rt.a(vex_distance.cpp.obj)
                0x0000000003803050                vex::distance::value()
 .text._ZN3vex8distanceC2El
                0x0000000003803058       0x20 /Users/kuanglixian/Library/Application Support/Code/User/globalStorage/vexrobotics.vexcode/sdk/cpp/V5/V5_20240802_15_00_00/vexv5/libv5rt.a(vex_distance.cpp.obj)
                0x0000000003803058                vex::distance::distance(long)
                0x0000000003803058                vex::distance::distance(long)
 .text._ZN3vex3gps11getTurnTypeEv
                0x0000000003803078        0x8 /Users/kuanglixian/Library/Application Support/Code/User/globalStorage/vexrobotics.vexcode/sdk/cpp/V5/V5_20240802_15_00_00/vexv5/libv5rt.a(vex_gps.cpp.obj)
                0x0000000003803078                vex::gps::getTurnType()
 .text._ZThn16_N3vex3gps11getTurnTypeEv
                0x0000000003803080        0x8 /Users/kuanglixian/Library/Application Support/Code/User/globalStorage/vexrobotics.vexcode/sdk/cpp/V5/V5_20240802_15_00_00/vexv5/libv5rt.a(vex_gps.cpp.obj)
                0x0000000003803080                non-virtual thunk to vex::gps::getTurnType()
 .text._ZN3vex3gps10setHeadingEdNS_13rotationUnitsE
                0x0000000003803088       0x58 /Users/kuanglixian/Library/Application Support/Code/User/globalStorage/vexrobotics.vexcode/sdk/cpp/V5/V5_20240802_15_00_00/vexv5/libv5rt.a(vex_gps.cpp.obj)
                0x0000000003803088                vex::gps::setHeading(double, vex::rotationUnits)
 .text._ZThn16_N3vex3gps10setHeadingEdNS_13rotationUnitsE
                0x00000000038030e0        0x8 /Users/kuanglixian/Library/Application Support/Code/User/globalStorage/vexrobotics.vexcode/sdk/cpp/V5/V5_20240802_15_00_00/vexv5/libv5rt.a(vex_gps.cpp.obj)
                0x00000000038030e0                non-virtual thunk to vex::gps::setHeading(double, vex::rotationUnits)
 .text._ZN3vex3gps11setRotationEdNS_13rotationUnitsE
                0x00000000038030e8       0x58 /Users/kuanglixian/Library/Application Support/Code/User/globalStorage/vexrobotics.vexcode/sdk/cpp/V5/V5_20240802_15_00_00/vexv5/libv5rt.a(vex_gps.cpp.obj)
                0x00000000038030e8                vex::gps::setRotation(double, vex::rotationUnits)
 .text._ZThn16_N3vex3gps11setRotationEdNS_13rotationUnitsE
                0x0000000003803140        0x8 /Users/kuanglixian/Library/Application Support/Code/User/globalStorage/vexrobotics.vexcode/sdk/cpp/V5/V5_20240802_15_00_00/vexv5/libv5rt.a(vex_gps.cpp.obj)
                0x0000000003803140                non-virtual thunk to vex::gps::setRotation(double, vex::rotationUnits)
 .text._ZN3vex3gpsD2Ev
                0x0000000003803148       0x20 /Users/kuanglixian/Library/Application Support/Code/User/globalStorage/vexrobotics.vexcode/sdk/cpp/V5/V5_20240802_15_00_00/vexv5/libv5rt.a(vex_gps.cpp.obj)
                0x0000000003803148                vex::gps::~gps()
                0x0000000003803148                vex::gps::~gps()
 .text._ZThn16_N3vex3gpsD1Ev
                0x0000000003803168        0x8 /Users/kuanglixian/Library/Application Support/Code/User/globalStorage/vexrobotics.vexcode/sdk/cpp/V5/V5_20240802_15_00_00/vexv5/libv5rt.a(vex_gps.cpp.obj)
                0x0000000003803168                non-virtual thunk to vex::gps::~gps()
 .text._ZN3vex3gpsD0Ev
                0x0000000003803170       0x1c /Users/kuanglixian/Library/Application Support/Code/User/globalStorage/vexrobotics.vexcode/sdk/cpp/V5/V5_20240802_15_00_00/vexv5/libv5rt.a(vex_gps.cpp.obj)
                0x0000000003803170                vex::gps::~gps()
 .text._ZThn16_N3vex3gpsD0Ev
                0x000000000380318c        0x8 /Users/kuanglixian/Library/Application Support/Code/User/globalStorage/vexrobotics.vexcode/sdk/cpp/V5/V5_20240802_15_00_00/vexv5/libv5rt.a(vex_gps.cpp.obj)
                0x000000000380318c                non-virtual thunk to vex::gps::~gps()
 .text._ZN3vex3gps9installedEv
                0x0000000003803194       0x18 /Users/kuanglixian/Library/Application Support/Code/User/globalStorage/vexrobotics.vexcode/sdk/cpp/V5/V5_20240802_15_00_00/vexv5/libv5rt.a(vex_gps.cpp.obj)
                0x0000000003803194                vex::gps::installed()
 .text._ZN3vex3gps5angleENS_13rotationUnitsE
                0x00000000038031ac       0x84 /Users/kuanglixian/Library/Application Support/Code/User/globalStorage/vexrobotics.vexcode/sdk/cpp/V5/V5_20240802_15_00_00/vexv5/libv5rt.a(vex_gps.cpp.obj)
                0x00000000038031ac                vex::gps::angle(vex::rotationUnits)
 .text._ZThn16_N3vex3gps5angleENS_13rotationUnitsE
                0x0000000003803230        0x8 /Users/kuanglixian/Library/Application Support/Code/User/globalStorage/vexrobotics.vexcode/sdk/cpp/V5/V5_20240802_15_00_00/vexv5/libv5rt.a(vex_gps.cpp.obj)
                0x0000000003803230                non-virtual thunk to vex::gps::angle(vex::rotationUnits)
 .text._ZN3vex3gps7headingENS_13rotationUnitsE
                0x0000000003803238        0x4 /Users/kuanglixian/Library/Application Support/Code/User/globalStorage/vexrobotics.vexcode/sdk/cpp/V5/V5_20240802_15_00_00/vexv5/libv5rt.a(vex_gps.cpp.obj)
                0x0000000003803238                vex::gps::heading(vex::rotationUnits)
 .text._ZThn16_N3vex3gps7headingENS_13rotationUnitsE
                0x000000000380323c        0x8 /Users/kuanglixian/Library/Application Support/Code/User/globalStorage/vexrobotics.vexcode/sdk/cpp/V5/V5_20240802_15_00_00/vexv5/libv5rt.a(vex_gps.cpp.obj)
                0x000000000380323c                non-virtual thunk to vex::gps::heading(vex::rotationUnits)
 .text._ZN3vex3gps5valueEv
                0x0000000003803244       0x1c /Users/kuanglixian/Library/Application Support/Code/User/globalStorage/vexrobotics.vexcode/sdk/cpp/V5/V5_20240802_15_00_00/vexv5/libv5rt.a(vex_gps.cpp.obj)
                0x0000000003803244                vex::gps::value()
 .text._ZN3vex3gps8rotationENS_13rotationUnitsE
                0x0000000003803260       0x60 /Users/kuanglixian/Library/Application Support/Code/User/globalStorage/vexrobotics.vexcode/sdk/cpp/V5/V5_20240802_15_00_00/vexv5/libv5rt.a(vex_gps.cpp.obj)
                0x0000000003803260                vex::gps::rotation(vex::rotationUnits)
 .text._ZThn16_N3vex3gps8rotationENS_13rotationUnitsE
                0x00000000038032c0        0x8 /Users/kuanglixian/Library/Application Support/Code/User/globalStorage/vexrobotics.vexcode/sdk/cpp/V5/V5_20240802_15_00_00/vexv5/libv5rt.a(vex_gps.cpp.obj)
                0x00000000038032c0                non-virtual thunk to vex::gps::rotation(vex::rotationUnits)
 .text._ZN3vex3gps13isCalibratingEv
                0x00000000038032c8       0x38 /Users/kuanglixian/Library/Application Support/Code/User/globalStorage/vexrobotics.vexcode/sdk/cpp/V5/V5_20240802_15_00_00/vexv5/libv5rt.a(vex_gps.cpp.obj)
                0x00000000038032c8                vex::gps::isCalibrating()
 .text._ZThn16_N3vex3gps13isCalibratingEv
                0x0000000003803300        0x8 /Users/kuanglixian/Library/Application Support/Code/User/globalStorage/vexrobotics.vexcode/sdk/cpp/V5/V5_20240802_15_00_00/vexv5/libv5rt.a(vex_gps.cpp.obj)
                0x0000000003803300                non-virtual thunk to vex::gps::isCalibrating()
 .text._ZN3vex3gps17setSensorRotationEd
                0x0000000003803308        0x8 /Users/kuanglixian/Library/Application Support/Code/User/globalStorage/vexrobotics.vexcode/sdk/cpp/V5/V5_20240802_15_00_00/vexv5/libv5rt.a(vex_gps.cpp.obj)
                0x0000000003803308                vex::gps::setSensorRotation(double)
 .text._ZN3vex3gpsC2EldNS_8turnTypeE
                0x0000000003803310       0x74 /Users/kuanglixian/Library/Application Support/Code/User/globalStorage/vexrobotics.vexcode/sdk/cpp/V5/V5_20240802_15_00_00/vexv5/libv5rt.a(vex_gps.cpp.obj)
                0x0000000003803310                vex::gps::gps(long, double, vex::turnType)
                0x0000000003803310                vex::gps::gps(long, double, vex::turnType)
 *fill*         0x0000000003803384        0x4 
 .text._ZN3vex3gps9setOriginEddNS_13distanceUnitsE
                0x0000000003803388       0x68 /Users/kuanglixian/Library/Application Support/Code/User/globalStorage/vexrobotics.vexcode/sdk/cpp/V5/V5_20240802_15_00_00/vexv5/libv5rt.a(vex_gps.cpp.obj)
                0x0000000003803388                vex::gps::setOrigin(double, double, vex::distanceUnits)
 .text._ZN3vex3gpsC2ElddNS_13distanceUnitsEdNS_8turnTypeE
                0x00000000038033f0       0x4c /Users/kuanglixian/Library/Application Support/Code/User/globalStorage/vexrobotics.vexcode/sdk/cpp/V5/V5_20240802_15_00_00/vexv5/libv5rt.a(vex_gps.cpp.obj)
                0x00000000038033f0                vex::gps::gps(long, double, double, vex::distanceUnits, double, vex::turnType)
                0x00000000038033f0                vex::gps::gps(long, double, double, vex::distanceUnits, double, vex::turnType)
 .text._ZN3vex3gps16startCalibrationEl
                0x000000000380343c       0x48 /Users/kuanglixian/Library/Application Support/Code/User/globalStorage/vexrobotics.vexcode/sdk/cpp/V5/V5_20240802_15_00_00/vexv5/libv5rt.a(vex_gps.cpp.obj)
                0x000000000380343c                vex::gps::startCalibration(long)
 .text._ZN3vex3gps9calibrateEl
                0x0000000003803484        0xc /Users/kuanglixian/Library/Application Support/Code/User/globalStorage/vexrobotics.vexcode/sdk/cpp/V5/V5_20240802_15_00_00/vexv5/libv5rt.a(vex_gps.cpp.obj)
                0x0000000003803484                vex::gps::calibrate(long)
                0x0000000003803488                non-virtual thunk to vex::gps::calibrate(long)
 .text._ZN3vex10controllerD2Ev
                0x0000000003803490        0x4 /Users/kuanglixian/Library/Application Support/Code/User/globalStorage/vexrobotics.vexcode/sdk/cpp/V5/V5_20240802_15_00_00/vexv5/libv5rt.a(vex_controller.cpp.obj)
                0x0000000003803490                vex::controller::~controller()
                0x0000000003803490                vex::controller::~controller()
 .text._ZN3vex10controller5valueE19_V5_ControllerIndex
                0x0000000003803494        0x8 /Users/kuanglixian/Library/Application Support/Code/User/globalStorage/vexrobotics.vexcode/sdk/cpp/V5/V5_20240802_15_00_00/vexv5/libv5rt.a(vex_controller.cpp.obj)
                0x0000000003803494                vex::controller::value(_V5_ControllerIndex)
 .text._ZNK3vex10controller6button7pressedEPFvvE
                0x000000000380349c      0x108 /Users/kuanglixian/Library/Application Support/Code/User/globalStorage/vexrobotics.vexcode/sdk/cpp/V5/V5_20240802_15_00_00/vexv5/libv5rt.a(vex_controller.cpp.obj)
                0x000000000380349c                vex::controller::button::pressed(void (*)()) const
 .text._ZNK3vex10controller6button8releasedEPFvvE
                0x00000000038035a4      0x108 /Users/kuanglixian/Library/Application Support/Code/User/globalStorage/vexrobotics.vexcode/sdk/cpp/V5/V5_20240802_15_00_00/vexv5/libv5rt.a(vex_controller.cpp.obj)
                0x00000000038035a4                vex::controller::button::released(void (*)()) const
 .text._ZNK3vex10controller6button21_buttonToPressedEventEv
                0x00000000038036ac       0x20 /Users/kuanglixian/Library/Application Support/Code/User/globalStorage/vexrobotics.vexcode/sdk/cpp/V5/V5_20240802_15_00_00/vexv5/libv5rt.a(vex_controller.cpp.obj)
                0x00000000038036ac                vex::controller::button::_buttonToPressedEvent() const
 .text._ZNK3vex10controller6button22_buttonToReleasedEventEv
                0x00000000038036cc       0x20 /Users/kuanglixian/Library/Application Support/Code/User/globalStorage/vexrobotics.vexcode/sdk/cpp/V5/V5_20240802_15_00_00/vexv5/libv5rt.a(vex_controller.cpp.obj)
                0x00000000038036cc                vex::controller::button::_buttonToReleasedEvent() const
 .text._ZN3vex10controller6buttonC2ENS0_11tButtonTypeEPS0_
                0x00000000038036ec       0x48 /Users/kuanglixian/Library/Application Support/Code/User/globalStorage/vexrobotics.vexcode/sdk/cpp/V5/V5_20240802_15_00_00/vexv5/libv5rt.a(vex_controller.cpp.obj)
                0x00000000038036ec                vex::controller::button::button(vex::controller::tButtonType, vex::controller*)
                0x00000000038036ec                vex::controller::button::button(vex::controller::tButtonType, vex::controller*)
 .text._ZNK3vex10controller4axis5valueEv
                0x0000000003803734       0x58 /Users/kuanglixian/Library/Application Support/Code/User/globalStorage/vexrobotics.vexcode/sdk/cpp/V5/V5_20240802_15_00_00/vexv5/libv5rt.a(vex_controller.cpp.obj)
                0x0000000003803734                vex::controller::axis::value() const
 .text._ZNK3vex10controller4axis8positionENS_12percentUnitsE
                0x000000000380378c       0x1c /Users/kuanglixian/Library/Application Support/Code/User/globalStorage/vexrobotics.vexcode/sdk/cpp/V5/V5_20240802_15_00_00/vexv5/libv5rt.a(vex_controller.cpp.obj)
                0x000000000380378c                vex::controller::axis::position(vex::percentUnits) const
 .text._ZNK3vex10controller4axis23_joystickToChangedEventEv
                0x00000000038037a8       0x20 /Users/kuanglixian/Library/Application Support/Code/User/globalStorage/vexrobotics.vexcode/sdk/cpp/V5/V5_20240802_15_00_00/vexv5/libv5rt.a(vex_controller.cpp.obj)
                0x00000000038037a8                vex::controller::axis::_joystickToChangedEvent() const
 .text._ZN3vex10controller4axisC2ENS0_9tAxisTypeEPS0_
                0x00000000038037c8       0x2c /Users/kuanglixian/Library/Application Support/Code/User/globalStorage/vexrobotics.vexcode/sdk/cpp/V5/V5_20240802_15_00_00/vexv5/libv5rt.a(vex_controller.cpp.obj)
                0x00000000038037c8                vex::controller::axis::axis(vex::controller::tAxisType, vex::controller*)
                0x00000000038037c8                vex::controller::axis::axis(vex::controller::tAxisType, vex::controller*)
 .text._ZN3vex10controllerC2ENS_14controllerTypeE
                0x00000000038037f4      0x16c /Users/kuanglixian/Library/Application Support/Code/User/globalStorage/vexrobotics.vexcode/sdk/cpp/V5/V5_20240802_15_00_00/vexv5/libv5rt.a(vex_controller.cpp.obj)
                0x00000000038037f4                vex::controller::controller(vex::controllerType)
                0x00000000038037f4                vex::controller::controller(vex::controllerType)
 .text._ZN3vex10controller3lcd15getControllerIdEv
                0x0000000003803960       0x10 /Users/kuanglixian/Library/Application Support/Code/User/globalStorage/vexrobotics.vexcode/sdk/cpp/V5/V5_20240802_15_00_00/vexv5/libv5rt.a(vex_controller.cpp.obj)
                0x0000000003803960                vex::controller::lcd::getControllerId()
 .text._ZN3vex10controller3lcd9setCursorEll
                0x0000000003803970       0x40 /Users/kuanglixian/Library/Application Support/Code/User/globalStorage/vexrobotics.vexcode/sdk/cpp/V5/V5_20240802_15_00_00/vexv5/libv5rt.a(vex_controller.cpp.obj)
                0x0000000003803970                vex::controller::lcd::setCursor(long, long)
 .text._ZN3vex10controller3lcd5printEPKcz
                0x00000000038039b0       0x80 /Users/kuanglixian/Library/Application Support/Code/User/globalStorage/vexrobotics.vexcode/sdk/cpp/V5/V5_20240802_15_00_00/vexv5/libv5rt.a(vex_controller.cpp.obj)
                0x00000000038039b0                vex::controller::lcd::print(char const*, ...)
 .text._ZN3vex10controller3lcd9clearLineEi
                0x0000000003803a30       0x80 /Users/kuanglixian/Library/Application Support/Code/User/globalStorage/vexrobotics.vexcode/sdk/cpp/V5/V5_20240802_15_00_00/vexv5/libv5rt.a(vex_controller.cpp.obj)
                0x0000000003803a30                vex::controller::lcd::clearLine(int)
 .text._ZN3vex10controller3lcd11clearScreenEv
                0x0000000003803ab0       0x5c /Users/kuanglixian/Library/Application Support/Code/User/globalStorage/vexrobotics.vexcode/sdk/cpp/V5/V5_20240802_15_00_00/vexv5/libv5rt.a(vex_controller.cpp.obj)
                0x0000000003803ab0                vex::controller::lcd::clearScreen()
 .text._ZN3vex4taskC2EPFivE
                0x0000000003803b0c       0x5c /Users/kuanglixian/Library/Application Support/Code/User/globalStorage/vexrobotics.vexcode/sdk/cpp/V5/V5_20240802_15_00_00/vexv5/libv5rt.a(vex_task.cpp.obj)
                0x0000000003803b0c                vex::task::task(int (*)())
                0x0000000003803b0c                vex::task::task(int (*)())
 .text._ZN3vex4taskD2Ev
                0x0000000003803b68        0x4 /Users/kuanglixian/Library/Application Support/Code/User/globalStorage/vexrobotics.vexcode/sdk/cpp/V5/V5_20240802_15_00_00/vexv5/libv5rt.a(vex_task.cpp.obj)
                0x0000000003803b68                vex::task::~task()
                0x0000000003803b68                vex::task::~task()
 .text._ZN3vex4task4stopEPvi
                0x0000000003803b6c       0x1c /Users/kuanglixian/Library/Application Support/Code/User/globalStorage/vexrobotics.vexcode/sdk/cpp/V5/V5_20240802_15_00_00/vexv5/libv5rt.a(vex_task.cpp.obj)
                0x0000000003803b6c                vex::task::stop(void*, int)
 .text._ZN3vex4task6_indexEPFivE
                0x0000000003803b88       0x14 /Users/kuanglixian/Library/Application Support/Code/User/globalStorage/vexrobotics.vexcode/sdk/cpp/V5/V5_20240802_15_00_00/vexv5/libv5rt.a(vex_task.cpp.obj)
                0x0000000003803b88                vex::task::_index(int (*)())
 .text._ZN3vex4task8_stopAllEv
                0x0000000003803b9c       0x3c /Users/kuanglixian/Library/Application Support/Code/User/globalStorage/vexrobotics.vexcode/sdk/cpp/V5/V5_20240802_15_00_00/vexv5/libv5rt.a(vex_task.cpp.obj)
                0x0000000003803b9c                vex::task::_stopAll()
 .text._ZN3vex11this_thread9sleep_forEm
                0x0000000003803bd8        0x4 /Users/kuanglixian/Library/Application Support/Code/User/globalStorage/vexrobotics.vexcode/sdk/cpp/V5/V5_20240802_15_00_00/vexv5/libv5rt.a(vex_thread.cpp.obj)
                0x0000000003803bd8                vex::this_thread::sleep_for(unsigned long)
 .text._ZN3vex5mutexC2Ev
                0x0000000003803bdc       0x1c /Users/kuanglixian/Library/Application Support/Code/User/globalStorage/vexrobotics.vexcode/sdk/cpp/V5/V5_20240802_15_00_00/vexv5/libv5rt.a(vex_thread.cpp.obj)
                0x0000000003803bdc                vex::mutex::mutex()
                0x0000000003803bdc                vex::mutex::mutex()
 .text._ZN3vex5mutexD2Ev
                0x0000000003803bf8        0x4 /Users/kuanglixian/Library/Application Support/Code/User/globalStorage/vexrobotics.vexcode/sdk/cpp/V5/V5_20240802_15_00_00/vexv5/libv5rt.a(vex_thread.cpp.obj)
                0x0000000003803bf8                vex::mutex::~mutex()
                0x0000000003803bf8                vex::mutex::~mutex()
 .text._ZN3vex5event4initEmmPFvvE
                0x0000000003803bfc        0x4 /Users/kuanglixian/Library/Application Support/Code/User/globalStorage/vexrobotics.vexcode/sdk/cpp/V5/V5_20240802_15_00_00/vexv5/libv5rt.a(vex_event.cpp.obj)
                0x0000000003803bfc                vex::event::init(unsigned long, unsigned long, void (*)())
 .text._ZN3vex5event4initEmmPFvPvES1_
                0x0000000003803c00        0x4 /Users/kuanglixian/Library/Application Support/Code/User/globalStorage/vexrobotics.vexcode/sdk/cpp/V5/V5_20240802_15_00_00/vexv5/libv5rt.a(vex_event.cpp.obj)
                0x0000000003803c00                vex::event::init(unsigned long, unsigned long, void (*)(void*), void*)
 .text._ZN3vex5event9userindexEv
                0x0000000003803c04        0x4 /Users/kuanglixian/Library/Application Support/Code/User/globalStorage/vexrobotics.vexcode/sdk/cpp/V5/V5_20240802_15_00_00/vexv5/libv5rt.a(vex_event.cpp.obj)
                0x0000000003803c04                vex::event::userindex()
 .text._ZZN3vex6meventC4EmmENUlvE_4_FUNEv
                0x0000000003803c08        0x4 /Users/kuanglixian/Library/Application Support/Code/User/globalStorage/vexrobotics.vexcode/sdk/cpp/V5/V5_20240802_15_00_00/vexv5/libv5rt.a(vex_mevent.cpp.obj)
 .text._ZN3vex6meventC2Emm
                0x0000000003803c0c       0x70 /Users/kuanglixian/Library/Application Support/Code/User/globalStorage/vexrobotics.vexcode/sdk/cpp/V5/V5_20240802_15_00_00/vexv5/libv5rt.a(vex_mevent.cpp.obj)
                0x0000000003803c0c                vex::mevent::mevent(unsigned long, unsigned long)
                0x0000000003803c0c                vex::mevent::mevent(unsigned long, unsigned long)
 .text._ZN3vex5brain9_getIndexEv
                0x0000000003803c7c       0x10 /Users/kuanglixian/Library/Application Support/Code/User/globalStorage/vexrobotics.vexcode/sdk/cpp/V5/V5_20240802_15_00_00/vexv5/libv5rt.a(vex_brain.cpp.obj)
                0x0000000003803c7c                vex::brain::_getIndex()
 .text._ZN3vex5brain3lcd9setCursorEll
                0x0000000003803c8c       0x44 /Users/kuanglixian/Library/Application Support/Code/User/globalStorage/vexrobotics.vexcode/sdk/cpp/V5/V5_20240802_15_00_00/vexv5/libv5rt.a(vex_brain.cpp.obj)
                0x0000000003803c8c                vex::brain::lcd::setCursor(long, long)
 .text._ZN3vex5brain3lcd7setFontENS_8fontTypeE
                0x0000000003803cd0      0x23c /Users/kuanglixian/Library/Application Support/Code/User/globalStorage/vexrobotics.vexcode/sdk/cpp/V5/V5_20240802_15_00_00/vexv5/libv5rt.a(vex_brain.cpp.obj)
                0x0000000003803cd0                vex::brain::lcd::setFont(vex::fontType)
 .text._ZN3vex5brain3lcdC2Ev
                0x0000000003803f0c       0x94 /Users/kuanglixian/Library/Application Support/Code/User/globalStorage/vexrobotics.vexcode/sdk/cpp/V5/V5_20240802_15_00_00/vexv5/libv5rt.a(vex_brain.cpp.obj)
                0x0000000003803f0c                vex::brain::lcd::lcd()
                0x0000000003803f0c                vex::brain::lcd::lcd()
 .text._ZN3vex5brainC2Ev
                0x0000000003803fa0       0x3c /Users/kuanglixian/Library/Application Support/Code/User/globalStorage/vexrobotics.vexcode/sdk/cpp/V5/V5_20240802_15_00_00/vexv5/libv5rt.a(vex_brain.cpp.obj)
                0x0000000003803fa0                vex::brain::brain()
                0x0000000003803fa0                vex::brain::brain()
 .text._ZN3vex5brain3lcd12_clearScreenEm
                0x0000000003803fdc       0x38 /Users/kuanglixian/Library/Application Support/Code/User/globalStorage/vexrobotics.vexcode/sdk/cpp/V5/V5_20240802_15_00_00/vexv5/libv5rt.a(vex_brain.cpp.obj)
                0x0000000003803fdc                vex::brain::lcd::_clearScreen(unsigned long)
 .text._ZN3vex5brain3lcd11clearScreenERKNS_5colorE
                0x0000000003804014       0x20 /Users/kuanglixian/Library/Application Support/Code/User/globalStorage/vexrobotics.vexcode/sdk/cpp/V5/V5_20240802_15_00_00/vexv5/libv5rt.a(vex_brain.cpp.obj)
                0x0000000003804014                vex::brain::lcd::clearScreen(vex::color const&)
 .text._ZN3vex5brain3lcd11clearScreenEv
                0x0000000003804034       0x2c /Users/kuanglixian/Library/Application Support/Code/User/globalStorage/vexrobotics.vexcode/sdk/cpp/V5/V5_20240802_15_00_00/vexv5/libv5rt.a(vex_brain.cpp.obj)
                0x0000000003804034                vex::brain::lcd::clearScreen()
 .text._ZN3vex5brainD2Ev
                0x0000000003804060       0x20 /Users/kuanglixian/Library/Application Support/Code/User/globalStorage/vexrobotics.vexcode/sdk/cpp/V5/V5_20240802_15_00_00/vexv5/libv5rt.a(vex_brain.cpp.obj)
                0x0000000003804060                vex::brain::~brain()
                0x0000000003804060                vex::brain::~brain()
 .text._ZN3vex11competition8_disableEPv
                0x0000000003804080       0xa4 /Users/kuanglixian/Library/Application Support/Code/User/globalStorage/vexrobotics.vexcode/sdk/cpp/V5/V5_20240802_15_00_00/vexv5/libv5rt.a(vex_competition.cpp.obj)
                0x0000000003804080                vex::competition::_disable(void*)
 .text._ZN3vex11competition11_autonomousEv
                0x0000000003804124       0x80 /Users/kuanglixian/Library/Application Support/Code/User/globalStorage/vexrobotics.vexcode/sdk/cpp/V5/V5_20240802_15_00_00/vexv5/libv5rt.a(vex_competition.cpp.obj)
                0x0000000003804124                vex::competition::_autonomous()
 .text._ZN3vex11competition14_drivercontrolEv
                0x00000000038041a4       0x80 /Users/kuanglixian/Library/Application Support/Code/User/globalStorage/vexrobotics.vexcode/sdk/cpp/V5/V5_20240802_15_00_00/vexv5/libv5rt.a(vex_competition.cpp.obj)
                0x00000000038041a4                vex::competition::_drivercontrol()
 .text._ZN3vex11competitionC2Ev
                0x0000000003804224      0x13c /Users/kuanglixian/Library/Application Support/Code/User/globalStorage/vexrobotics.vexcode/sdk/cpp/V5/V5_20240802_15_00_00/vexv5/libv5rt.a(vex_competition.cpp.obj)
                0x0000000003804224                vex::competition::competition()
                0x0000000003804224                vex::competition::competition()
 .text._ZN3vex11competitionD2Ev
                0x0000000003804360        0x4 /Users/kuanglixian/Library/Application Support/Code/User/globalStorage/vexrobotics.vexcode/sdk/cpp/V5/V5_20240802_15_00_00/vexv5/libv5rt.a(vex_competition.cpp.obj)
                0x0000000003804360                vex::competition::~competition()
                0x0000000003804360                vex::competition::~competition()
 .text._ZN3vex11competition10autonomousEPFvvE
                0x0000000003804364       0x44 /Users/kuanglixian/Library/Application Support/Code/User/globalStorage/vexrobotics.vexcode/sdk/cpp/V5/V5_20240802_15_00_00/vexv5/libv5rt.a(vex_competition.cpp.obj)
                0x0000000003804364                vex::competition::autonomous(void (*)())
 .text._ZN3vex11competition13drivercontrolEPFvvE
                0x00000000038043a8       0x44 /Users/kuanglixian/Library/Application Support/Code/User/globalStorage/vexrobotics.vexcode/sdk/cpp/V5/V5_20240802_15_00_00/vexv5/libv5rt.a(vex_competition.cpp.obj)
                0x00000000038043a8                vex::competition::drivercontrol(void (*)())
 .text._ZN3vex7triportD2Ev
                0x00000000038043ec       0x38 /Users/kuanglixian/Library/Application Support/Code/User/globalStorage/vexrobotics.vexcode/sdk/cpp/V5/V5_20240802_15_00_00/vexv5/libv5rt.a(vex_triport.cpp.obj)
                0x00000000038043ec                vex::triport::~triport()
                0x00000000038043ec                vex::triport::~triport()
 .text._ZN3vex7triportD0Ev
                0x0000000003804424       0x1c /Users/kuanglixian/Library/Application Support/Code/User/globalStorage/vexrobotics.vexcode/sdk/cpp/V5/V5_20240802_15_00_00/vexv5/libv5rt.a(vex_triport.cpp.obj)
                0x0000000003804424                vex::triport::~triport()
 .text._ZN3vex7triport9installedEv
                0x0000000003804440       0x18 /Users/kuanglixian/Library/Application Support/Code/User/globalStorage/vexrobotics.vexcode/sdk/cpp/V5/V5_20240802_15_00_00/vexv5/libv5rt.a(vex_triport.cpp.obj)
                0x0000000003804440                vex::triport::installed()
 .text._ZN3vex7triport4portC2ElPS0_
                0x0000000003804458       0x74 /Users/kuanglixian/Library/Application Support/Code/User/globalStorage/vexrobotics.vexcode/sdk/cpp/V5/V5_20240802_15_00_00/vexv5/libv5rt.a(vex_triport.cpp.obj)
                0x0000000003804458                vex::triport::port::port(long, vex::triport*)
                0x0000000003804458                vex::triport::port::port(long, vex::triport*)
 .text._ZN3vex7triportC2El
                0x00000000038044cc       0xf0 /Users/kuanglixian/Library/Application Support/Code/User/globalStorage/vexrobotics.vexcode/sdk/cpp/V5/V5_20240802_15_00_00/vexv5/libv5rt.a(vex_triport.cpp.obj)
                0x00000000038044cc                vex::triport::triport(long)
                0x00000000038044cc                vex::triport::triport(long)
 .text._ZN3vex5colorD2Ev
                0x00000000038045bc        0x4 /Users/kuanglixian/Library/Application Support/Code/User/globalStorage/vexrobotics.vexcode/sdk/cpp/V5/V5_20240802_15_00_00/vexv5/libv5rt.a(vex_color.cpp.obj)
                0x00000000038045bc                vex::color::~color()
                0x00000000038045bc                vex::color::~color()
 .text._ZN3vex5colorC2Ev
                0x00000000038045c0       0x10 /Users/kuanglixian/Library/Application Support/Code/User/globalStorage/vexrobotics.vexcode/sdk/cpp/V5/V5_20240802_15_00_00/vexv5/libv5rt.a(vex_color.cpp.obj)
                0x00000000038045c0                vex::color::color()
                0x00000000038045c0                vex::color::color()
 .text._ZN3vex5color3rgbEm
                0x00000000038045d0       0x14 /Users/kuanglixian/Library/Application Support/Code/User/globalStorage/vexrobotics.vexcode/sdk/cpp/V5/V5_20240802_15_00_00/vexv5/libv5rt.a(vex_color.cpp.obj)
                0x00000000038045d0                vex::color::rgb(unsigned long)
 .text._ZNK3vex5colorcvmEv
                0x00000000038045e4        0x8 /Users/kuanglixian/Library/Application Support/Code/User/globalStorage/vexrobotics.vexcode/sdk/cpp/V5/V5_20240802_15_00_00/vexv5/libv5rt.a(vex_color.cpp.obj)
                0x00000000038045e4                vex::color::operator unsigned long() const
 .text.startup._GLOBAL__sub_I__ZN3vex5color5blackE
                0x00000000038045ec      0x164 /Users/kuanglixian/Library/Application Support/Code/User/globalStorage/vexrobotics.vexcode/sdk/cpp/V5/V5_20240802_15_00_00/vexv5/libv5rt.a(vex_color.cpp.obj)
 .text._ZN3vex5timerD2Ev
                0x0000000003804750        0x4 /Users/kuanglixian/Library/Application Support/Code/User/globalStorage/vexrobotics.vexcode/sdk/cpp/V5/V5_20240802_15_00_00/vexv5/libv5rt.a(vex_timer.cpp.obj)
                0x0000000003804750                vex::timer::~timer()
                0x0000000003804750                vex::timer::~timer()
 .text._ZN3vex5timer5clearEv
                0x0000000003804754       0x1c /Users/kuanglixian/Library/Application Support/Code/User/globalStorage/vexrobotics.vexcode/sdk/cpp/V5/V5_20240802_15_00_00/vexv5/libv5rt.a(vex_timer.cpp.obj)
                0x0000000003804754                vex::timer::clear()
 .text._ZN3vex5timerC2Ev
                0x0000000003804770       0x14 /Users/kuanglixian/Library/Application Support/Code/User/globalStorage/vexrobotics.vexcode/sdk/cpp/V5/V5_20240802_15_00_00/vexv5/libv5rt.a(vex_timer.cpp.obj)
                0x0000000003804770                vex::timer::timer()
                0x0000000003804770                vex::timer::timer()
 .text._ZN3vex8aivision9colordescD2Ev
                0x0000000003804784        0x4 /Users/kuanglixian/Library/Application Support/Code/User/globalStorage/vexrobotics.vexcode/sdk/cpp/V5/V5_20240802_15_00_00/vexv5/libv5rt.a(vex_aivision.cpp.obj)
                0x0000000003804784                vex::aivision::colordesc::~colordesc()
                0x0000000003804784                vex::aivision::colordesc::~colordesc()
 .text._ZN3vex8aivision9installedEv
                0x0000000003804788       0x18 /Users/kuanglixian/Library/Application Support/Code/User/globalStorage/vexrobotics.vexcode/sdk/cpp/V5/V5_20240802_15_00_00/vexv5/libv5rt.a(vex_aivision.cpp.obj)
                0x0000000003804788                vex::aivision::installed()
 .text._ZN3vex8aivisionD2Ev
                0x00000000038047a0       0x54 /Users/kuanglixian/Library/Application Support/Code/User/globalStorage/vexrobotics.vexcode/sdk/cpp/V5/V5_20240802_15_00_00/vexv5/libv5rt.a(vex_aivision.cpp.obj)
                0x00000000038047a0                vex::aivision::~aivision()
                0x00000000038047a0                vex::aivision::~aivision()
 .text._ZN3vex8aivisionD0Ev
                0x00000000038047f4       0x1c /Users/kuanglixian/Library/Application Support/Code/User/globalStorage/vexrobotics.vexcode/sdk/cpp/V5/V5_20240802_15_00_00/vexv5/libv5rt.a(vex_aivision.cpp.obj)
                0x00000000038047f4                vex::aivision::~aivision()
 .text._ZN3vex8aivision5resetEv
                0x0000000003804810        0xc /Users/kuanglixian/Library/Application Support/Code/User/globalStorage/vexrobotics.vexcode/sdk/cpp/V5/V5_20240802_15_00_00/vexv5/libv5rt.a(vex_aivision.cpp.obj)
                0x0000000003804810                vex::aivision::reset()
 .text._ZN3vex8aivision14colorDetectionEbb
                0x000000000380481c       0x48 /Users/kuanglixian/Library/Application Support/Code/User/globalStorage/vexrobotics.vexcode/sdk/cpp/V5/V5_20240802_15_00_00/vexv5/libv5rt.a(vex_aivision.cpp.obj)
                0x000000000380481c                vex::aivision::colorDetection(bool, bool)
 .text._ZN3vex8aivision10usbOverlayEb
                0x0000000003804864       0x38 /Users/kuanglixian/Library/Application Support/Code/User/globalStorage/vexrobotics.vexcode/sdk/cpp/V5/V5_20240802_15_00_00/vexv5/libv5rt.a(vex_aivision.cpp.obj)
                0x0000000003804864                vex::aivision::usbOverlay(bool)
 .text._ZN3vex8aivision20setObjectDescriptionERKNS0_9colordescE
                0x000000000380489c       0x6c /Users/kuanglixian/Library/Application Support/Code/User/globalStorage/vexrobotics.vexcode/sdk/cpp/V5/V5_20240802_15_00_00/vexv5/libv5rt.a(vex_aivision.cpp.obj)
                0x000000000380489c                vex::aivision::setObjectDescription(vex::aivision::colordesc const&)
 .text._ZN3vex8aivision21_setObjectDescriptionEv
                0x0000000003804908       0x40 /Users/kuanglixian/Library/Application Support/Code/User/globalStorage/vexrobotics.vexcode/sdk/cpp/V5/V5_20240802_15_00_00/vexv5/libv5rt.a(vex_aivision.cpp.obj)
                0x0000000003804908                vex::aivision::_setObjectDescription()
 .text._ZN3vex8aivision9colordesc5clearEv
                0x0000000003804948       0x24 /Users/kuanglixian/Library/Application Support/Code/User/globalStorage/vexrobotics.vexcode/sdk/cpp/V5/V5_20240802_15_00_00/vexv5/libv5rt.a(vex_aivision.cpp.obj)
                0x0000000003804948                vex::aivision::colordesc::clear()
 .text._ZN3vex8aivision9colordescC2Ev
                0x000000000380496c       0x44 /Users/kuanglixian/Library/Application Support/Code/User/globalStorage/vexrobotics.vexcode/sdk/cpp/V5/V5_20240802_15_00_00/vexv5/libv5rt.a(vex_aivision.cpp.obj)
                0x000000000380496c                vex::aivision::colordesc::colordesc()
                0x000000000380496c                vex::aivision::colordesc::colordesc()
 .text._ZN3vex8aivision9colordescC2Elhhhff
                0x00000000038049b0       0x44 /Users/kuanglixian/Library/Application Support/Code/User/globalStorage/vexrobotics.vexcode/sdk/cpp/V5/V5_20240802_15_00_00/vexv5/libv5rt.a(vex_aivision.cpp.obj)
                0x00000000038049b0                vex::aivision::colordesc::colordesc(long, unsigned char, unsigned char, unsigned char, float, float)
                0x00000000038049b0                vex::aivision::colordesc::colordesc(long, unsigned char, unsigned char, unsigned char, float, float)
 .text._ZN3vex8aivision6object5clearEv
                0x00000000038049f4       0x70 /Users/kuanglixian/Library/Application Support/Code/User/globalStorage/vexrobotics.vexcode/sdk/cpp/V5/V5_20240802_15_00_00/vexv5/libv5rt.a(vex_aivision.cpp.obj)
                0x00000000038049f4                vex::aivision::object::clear()
 .text._ZN3vex8aivision6objectC2Ev
                0x0000000003804a64       0x94 /Users/kuanglixian/Library/Application Support/Code/User/globalStorage/vexrobotics.vexcode/sdk/cpp/V5/V5_20240802_15_00_00/vexv5/libv5rt.a(vex_aivision.cpp.obj)
                0x0000000003804a64                vex::aivision::object::object()
                0x0000000003804a64                vex::aivision::object::object()
 .text._ZN3vex8aivision6objectaSEl
                0x0000000003804af8       0x74 /Users/kuanglixian/Library/Application Support/Code/User/globalStorage/vexrobotics.vexcode/sdk/cpp/V5/V5_20240802_15_00_00/vexv5/libv5rt.a(vex_aivision.cpp.obj)
                0x0000000003804af8                vex::aivision::object::operator=(long)
 .text._ZN3vex9safearrayINS_8aivision6objectELi24EEixEi
                0x0000000003804b6c       0x28 /Users/kuanglixian/Library/Application Support/Code/User/globalStorage/vexrobotics.vexcode/sdk/cpp/V5/V5_20240802_15_00_00/vexv5/libv5rt.a(vex_aivision.cpp.obj)
                0x0000000003804b6c                vex::safearray<vex::aivision::object, 24>::operator[](int)
 .text._ZN3vex8aivision13_clearObjectsEv
                0x0000000003804b94       0x34 /Users/kuanglixian/Library/Application Support/Code/User/globalStorage/vexrobotics.vexcode/sdk/cpp/V5/V5_20240802_15_00_00/vexv5/libv5rt.a(vex_aivision.cpp.obj)
                0x0000000003804b94                vex::aivision::_clearObjects()
 .text._ZN3vex8aivisionC2El
                0x0000000003804bc8       0xa0 /Users/kuanglixian/Library/Application Support/Code/User/globalStorage/vexrobotics.vexcode/sdk/cpp/V5/V5_20240802_15_00_00/vexv5/libv5rt.a(vex_aivision.cpp.obj)